MPASM  5.51                       MAIN005.ASM   7-26-2024  22:33:47         PAGE  1


LOC  OBJECT CODE     LINE SOURCE TEXT
  VALUE

                      00001 ;MCU:           PIC16F84A
                      00002 ;Clock:         4MHz
                      00003 ;Data:          26072024        Aula:004
                      00004 
Warning[205]: Found directive in column 1. (list)
                      00005 list p=16F84A                                   ; microcontrolador utilizado
                      00006 
                      00007 
                      00008 ; --- Arquivos incluidos no projeto --------------------------------------------------------------------
                            -------
                      00009 #include <p16f84a.inc>                  ; inclui o arquivo do PIC16F84A
                      00001         LIST
                      00002 
                      00003 ;==========================================================================
                      00004 ;  MPASM PIC16F84A processor include
                      00005 ; 
                      00006 ;  (c) Copyright 1999-2013 Microchip Technology, All rights reserved
                      00007 ;==========================================================================
                      00008 
                      00208         LIST
                      00010 
                      00011 
                      00012 ; --- FUSES Bits ---------------------------------------------------------------------------------------
                            -------
                      00013 ;_XT_OSC ->     tipo de oscilador
                      00014 ;_WDT_OFF ->    desabilita o reset do PIC para eventos especificos
                      00015 ;_PWRTE_ON ->   habilita o aguardo de 72ms durante a inicializacao para garantir estavilidade dos regist
                            radores 
                      00016 ;_CP_OFF ->             desabilita protecao contra copias de codigo do PIC
2007   3FF1           00017         __config _XT_OSC & _WDT_OFF & _PWRTE_ON & _CP_OFF
                      00018 
                      00019 
                      00020 ; -- Pagina de Memoria ---------------------------------------------------------------------------------
                            -------
                      00021 #define         bank0           bcf STATUS,RP0          ; Cria um mnemonico para o banco 0 de memoria
                      00022 #define         bank1           bsf     STATUS,RP0              ; Cria um mnemonico para o banco 1 de me
                            moria
                      00023 
                      00024 ; --- Termos do Set de instrucoes
                      00025 ;W: work (registrador de trabalho ou acumulador)
                      00026 ;L: literal (constante, numero. Utilizado como 'L' nas instrucoes e 'k' nos argumentos)
                      00027 ;D: destination (lical onde o resultado de uma operacao sera armazenado)
                      00028 ;B: bit (bits dentro dos registrados, dentro de um byte, flags)
                      00029 ;T: test (utilizado para testes de bits)
                      00030 ;S: skip (pulo/salto/desvio condicional)
                      00031 ;S: set (setar/tornar nivel alto)
                      00032 ;C: clear (limpar/tornar nivel baixo)
                      00033 ;Z: zero (testar se eh equivalente a zero)
                      00034 
                      00035 
                      00036 ;--- ENTRADAS ------------------------------------------------------------------------------------------
                            -------
                      00037 #define         botao1          PORTB,RB0               ; botao1 ligado em RB0
MPASM  5.51                       MAIN005.ASM   7-26-2024  22:33:47         PAGE  2


LOC  OBJECT CODE     LINE SOURCE TEXT
  VALUE

                      00038 
                      00039 
                      00040 ;--- SAIDAS ---
                      00041 #define         led1            PORTB,RB7               ; led1 ligado em RB7
                      00042 
                      00043 
                      00044 ; --- Vetor de RESET ---
0000                  00045                         org                     H'0000'                 ; Origem no endereco 0000h de me
                            moria
0000   2805           00046                         goto            inicio                  ; Desvia do vetor de interrupcao 
                      00047                         
                      00048 
                      00049 ; --- Vetor de Interrupcao ---
0004                  00050                         org                     H'0004'                 ; Todas as interrupcoes apontam 
                            para esse endereco
0004   0009           00051                         retfie                                          ; Retorna da interrupcao
                      00052 
                      00053 
                      00054 ;--- Programa Principal --------------------------------------------------------------------------------
                            -------
0005                  00055 inicio:
0005   1683           00056                         bank1                                           ; seleciona o banco de memoria 1
0006   30FF           00057                         movlw           H'FF'                   ; W = B'01111111' movendo o valor H'FF' 
                            ao registrador de trabalho
Message[302]: Register in operand not in bank 0.  Ensure that bank bits are correct.
0007   0085           00058                         movwf           TRISA                   ; TRISA = H'FF' configurando o registrad
                            or de entradas e saidas A
0008   307F           00059                         movlw           B'01111111'             ; W = B'01111111' movendo o valor H'7F' 
                            ao registrador de trabalho
Message[302]: Register in operand not in bank 0.  Ensure that bank bits are correct.
0009   0086           00060                         movwf           TRISB                   ; TRISB = H'7F' configurando o registrad
                            or de entradas e saidas B
000A   1283           00061                         bank0                                           ; seleciona o banco de memoria 0
000B   30FF           00062                         movlw           H'FF'                   ; W = B'11111111' movendo o valor H'7F' 
                            ao registrador de trabalho
000C   0086           00063                         movwf           PORTB                   ; PORTB = H'F'iniciando em HIGH para as 
                            saidas configuradas no TRISB
                      00064                         
000D   280D           00065                         goto            $                               ; loop infinito (segura o codigo
                             nesta linha)
                      00066                         
                      00067                         end                                                     ; final do programa
MPASM  5.51                       MAIN005.ASM   7-26-2024  22:33:47         PAGE  3


SYMBOL TABLE
  LABEL                             VALUE 

C                                 00000000
DC                                00000001
EEADR                             00000009
EECON1                            00000088
EECON2                            00000089
EEDATA                            00000008
EEIE                              00000006
EEIF                              00000004
F                                 00000001
FSR                               00000004
GIE                               00000007
INDF                              00000000
INTCON                            0000000B
INTE                              00000004
INTEDG                            00000006
INTF                              00000001
IRP                               00000007
NOT_PD                            00000003
NOT_RBPU                          00000007
NOT_TO                            00000004
OPTION_REG                        00000081
PCL                               00000002
PCLATH                            0000000A
PORTA                             00000005
PORTB                             00000006
PS0                               00000000
PS1                               00000001
PS2                               00000002
PSA                               00000003
RA0                               00000000
RA1                               00000001
RA2                               00000002
RA3                               00000003
RA4                               00000004
RB0                               00000000
RB1                               00000001
RB2                               00000002
RB3                               00000003
RB4                               00000004
RB5                               00000005
RB6                               00000006
RB7                               00000007
RBIE                              00000003
RBIF                              00000000
RD                                00000000
RP0                               00000005
RP1                               00000006
STATUS                            00000003
T0CS                              00000005
T0IE                              00000005
T0IF                              00000002
T0SE                              00000004
TMR0                              00000001
MPASM  5.51                       MAIN005.ASM   7-26-2024  22:33:47         PAGE  4


SYMBOL TABLE
  LABEL                             VALUE 

TMR0IE                            00000005
TMR0IF                            00000002
TRISA                             00000085
TRISA0                            00000000
TRISA1                            00000001
TRISA2                            00000002
TRISA3                            00000003
TRISA4                            00000004
TRISB                             00000086
TRISB0                            00000000
TRISB1                            00000001
TRISB2                            00000002
TRISB3                            00000003
TRISB4                            00000004
TRISB5                            00000005
TRISB6                            00000006
TRISB7                            00000007
W                                 00000000
WR                                00000001
WREN                              00000002
WRERR                             00000003
Z                                 00000002
_CONFIG                           00002007
_CP_OFF                           00003FFF
_CP_ON                            0000000F
_DEVID1                           00002006
_FOSC_EXTRC                       00003FFF
_FOSC_HS                          00003FFE
_FOSC_LP                          00003FFC
_FOSC_XT                          00003FFD
_HS_OSC                           00003FFE
_IDLOC0                           00002000
_IDLOC1                           00002001
_IDLOC2                           00002002
_IDLOC3                           00002003
_LP_OSC                           00003FFC
_PWRTE_OFF                        00003FFF
_PWRTE_ON                         00003FF7
_RC_OSC                           00003FFF
_WDTE_OFF                         00003FFB
_WDTE_ON                          00003FFF
_WDT_OFF                          00003FFB
_WDT_ON                           00003FFF
_XT_OSC                           00003FFD
__16F84A                          00000001
__DEBUG                           1
bank0                             bcf STATUS,RP0
bank1                             bsf     STATUS,RP0
botao1                            PORTB,RB0
inicio                            00000005
led1                              PORTB,RB7
MPASM  5.51                       MAIN005.ASM   7-26-2024  22:33:47         PAGE  5


MEMORY USAGE MAP ('X' = Used,  '-' = Unused)


0000 : X---XXXXXXXXXX-- ---------------- ---------------- ----------------
2000 : -------X-------- ---------------- ---------------- ----------------

All other memory blocks unused.

Program Memory Words Used:    11
Program Memory Words Free:  1013


Errors   :     0
Warnings :     1 reported,     0 suppressed
Messages :     2 reported,     0 suppressed

