MPLINK 4.49, Linker
Linker Map File - Created Wed Jul 31 10:19:41 2024

                                 Section Info
                  Section       Type    Address   Location Size(Bytes)
                ---------  ---------  ---------  ---------  ---------
                   .org_0       code   0x000000    program   0x000000
                   .org_1       code   0x000000    program   0x000002
                   .org_2       code   0x000004    program   0x000036
   .config_2007_MAIN012.O       code   0x002007    program   0x000002



                              Program Memory Usage 
                               Start         End      
                           ---------   ---------      
                            0x000000    0x000000      
                            0x000004    0x00001e      
                            0x002007    0x002007      
            29 out of 1094 program addresses used, program memory utilization is 2%



                              Symbols - Sorted by Name
                     Name    Address   Location    Storage File                     
                ---------  ---------  ---------  --------- ---------                
                   inicio   0x000005    program     static C:\Users\family\Documents\Assembly_For_PIC\aula012-instrucoes_aritmeticas\main012.asm
                     loop   0x00000d    program     static C:\Users\family\Documents\Assembly_For_PIC\aula012-instrucoes_aritmeticas\main012.asm



                              Symbols - Sorted by Address
                     Name    Address   Location    Storage File                     
                ---------  ---------  ---------  --------- ---------                
                   inicio   0x000005    program     static C:\Users\family\Documents\Assembly_For_PIC\aula012-instrucoes_aritmeticas\main012.asm
                     loop   0x00000d    program     static C:\Users\family\Documents\Assembly_For_PIC\aula012-instrucoes_aritmeticas\main012.asm


