MPASM  5.51                       MAIN010.ASM   7-31-2024  9:10:24         PAGE  1


LOC  OBJECT CODE     LINE SOURCE TEXT
  VALUE

                      00001 ;MCU:           PIC16F84A
                      00002 ;Clock:         4MHz
                      00003 ;Data:          28072024        Aula:010
                      00004 ;
                      00005 ;Aciona LED1 ligado em RB1 e desliga LED2 ligado em RB3
                      00006 ;aguarda 500ms
                      00007 ;Aciona LED2 ligado em RB3 e desliga LED1 ligado em RB1
                      00008 ;Aguarda 500ms
                      00009 ;
                      00010 ;OBS:
                      00011 ;
                      00012 ;LEDs ligado em current sourcing:
                      00013 ;
                      00014 ; '0' - apaga
                      00015 ; '1' - acende
                      00016 ;
                      00017 ;Calculo de ciclo de maquina
                      00018 ;
                      00019 ;
                      00020 ;
                      00021 ;
                      00022 ;
                      00023 
Warning[205]: Found directive in column 1. (list)
                      00024 list p=16F84A                                                   ; microcontrolador utilizado
                      00025 
                      00026 
                      00027 ; --- Arquivos incluidos no projeto --------------------------------------------------------------------
                            -------
                      00028 #include <p16f84a.inc>                                  ; inclui o arquivo do PIC16F84A
                      00001         LIST
                      00002 
                      00003 ;==========================================================================
                      00004 ;  MPASM PIC16F84A processor include
                      00005 ; 
                      00006 ;  (c) Copyright 1999-2013 Microchip Technology, All rights reserved
                      00007 ;==========================================================================
                      00008 
                      00208         LIST
                      00029 
                      00030 
                      00031 ; --- FUSES Bits ---------------------------------------------------------------------------------------
                            -------
                      00032 ;_XT_OSC ->     tipo de oscilador
                      00033 ;_WDT_OFF ->    desabilita o reset do PIC para eventos especificos
                      00034 ;_PWRTE_ON ->   habilita o aguardo de 72ms durante a inicializacao para garantir estavilidade dos regist
                            radores 
                      00035 ;_CP_OFF ->             desabilita protecao contra copias de codigo do PIC
2007   3FF1           00036         __config _XT_OSC & _WDT_OFF & _PWRTE_ON & _CP_OFF
                      00037 
                      00038 
                      00039 ; -- Pagina de Memoria ---------------------------------------------------------------------------------
                            -------
MPASM  5.51                       MAIN010.ASM   7-31-2024  9:10:24         PAGE  2


LOC  OBJECT CODE     LINE SOURCE TEXT
  VALUE

                      00040 #define         bank0           bcf STATUS,RP0  ; Cria um mnemonico para o banco 0 de memoria
                      00041 #define         bank1           bsf     STATUS,RP0      ; Cria um mnemonico para o banco 1 de memoria
                      00042 
                      00043 ; --- Termos do Set de instrucoes
                      00044 ;W: work (registrador de trabalho ou acumulador)
                      00045 ;L: literal (constante, numero. Utilizado como 'L' nas instrucoes e 'k' nos argumentos)
                      00046 ;D: destination (lical onde o resultado de uma operacao sera armazenado)
                      00047 ;B: bit (bits dentro dos registrados, dentro de um byte, flags)
                      00048 ;T: test (utilizado para testes de bits)
                      00049 ;S: skip (pulo/salto/desvio condicional)
                      00050 ;S: set (setar/tornar nivel alto)
                      00051 ;C: clear (limpar/tornar nivel baixo)
                      00052 ;Z: zero (testar se eh equivalente a zero)
                      00053 
                      00054 ; OBS: TEMPOS DE CICLO
                      00055 ; movwf         1 ciclo
                      00056 ; movlw         1 ciclo
                      00057 ; goto
                      00058 ; call
                      00059 ; return
                      00060  
                      00061 ;--- ENTRADAS ------------------------------------------------------------------------------------------
                            -------
                      00062 #define         botao1          PORTB,RB0               ; botao ligado em RB0
                      00063 #define         botao2          PORTB,RB2               ; botao ligado em RB2
                      00064 
                      00065 ;--- SAIDAS --------------------------------------------------------------------------------------------
                            -------
                      00066 #define         led1            PORTB,RB1               ; led1 ligado em RB1
                      00067 #define         led2            PORTB,RB3               ; led2 ligado em RB3
                      00068 
                      00069 
                      00070 ; --- Vetor de RESET -----------------------------------------------------------------------------------
                            -------
0000                  00071                         org                     H'0000'                 ; Origem no endereco 0000h de me
                            moria
0000   2805           00072                         goto            inicio                  ; Desvia do vetor de interrupcao 
                      00073                         
                      00074 
                      00075 ; --- Vetor de Interrupcao -----------------------------------------------------------------------------
                            -------
0004                  00076                         org                     H'0004'                 ; Todas as interrupcoes apontam 
                            para esse endereco
0004   0009           00077                         retfie                                          ; Retorna da interrupcao
                      00078 
                      00079 
                      00080 ;--- Programa Principal --------------------------------------------------------------------------------
                            -------
0005                  00081 inicio:
0005   1683           00082                         bank1                                           ; seleciona o banco de memoria 1
0006   30F5           00083                         movlw           H'F5'                   ; W = B'1111 0101' -> entradas <RB7:RB4,
                            RB2,RB0 > saidas <RB1,RB3> 
Message[302]: Register in operand not in bank 0.  Ensure that bank bits are correct.
MPASM  5.51                       MAIN010.ASM   7-31-2024  9:10:24         PAGE  3


LOC  OBJECT CODE     LINE SOURCE TEXT
  VALUE

0007   0086           00084                         movwf           TRISB                   ; TRISB = H'F5' configurando o registrad
                            or de entradas e saidas B
0008   1283           00085                         bank0                                           ; seleciona o banco de memoria 0
0009   30F5           00086                         movlw           H'F5'                   ; W = B'1111 0101' movendo o valor H'F5'
                             ao registrador de trabalho
000A   0086           00087                         movwf           PORTB                   ; PORTB = H'F5'LEDs iniciam desligados
000B                  00088 loop:                                                                   ; loop infinito
000B   1486           00089                         bsf                     led1                    ; liga o led1
000C   1186           00090                         bcf                     led2                    ; desliga o led2
000D   2012           00091                         call            delay500ms              ; rotina de delay
000E   1086           00092                         bcf                     led1                    ; desliga led1
000F   1586           00093                         bsf                     led2                    ; liga led2
0010   2012           00094                         call            delay500ms              ; rotina de delay
                      00095                         
0011   280B           00096                         goto            loop                    ; volta para a label loop
                      00097 
                      00098 ;--- Desenvolvimento das Sub-rotinas -------------------------------------------------------------------
                            -------
0012                  00099 delay500ms:
0012   30C8           00100                         movlw           D'200'                  ; W = 200
0013   008C           00101                         movwf           H'0C'                   ; salva o valor 200 no endereco H'0C'
                      00102                                                                                 ; 2 ciclos gastos
                      00103                         
0014                  00104 aux1:
0014   30FA           00105                         movlw           D'250'                  ; w = 250
0015   008D           00106                         movwf           H'0D'                   ; salva o valor 250 o endereco H'0D'
                      00107                                                                                 ; 2 ciclos gastos
0016                  00108 aux2:
0016   0000           00109                         nop                                                     ; apenas gasta 1 ciclo d
                            e processamento do microcontrolador
0017   0000           00110                         nop
0018   0000           00111                         nop
0019   0000           00112                         nop
001A   0000           00113                         nop
001B   0000           00114                         nop
001C   0000           00115                         nop
                      00116                         
Message[305]: Using default destination of 1 (file).
001D   0B8D           00117                         decfsz          H'0D'                   ; decrementa uma unidade do valor salvo 
                            no endero H'0D'
001E   2816           00118                         goto            aux2                    ; retorna ao inicio da sub-rotina aux2
                      00119                                                                                 ; OBS: quando o valor fo
                            r zero, pula o goto. Isso ocorre por conta
                      00120                                                                                 ; do comando anterior de
                            cfsz (drecementa um dado e pula o proximo 
                      00121                                                                                 ; comando quando o valor
                             for zero)
                      00122                                                                                 
                      00123                                                                                 ; 10 ciclos gastos em um
                            a sub-rotina em aux2
                      00124                                                                                 ; eh repetida a sub-roti
                            na o total de vezes do valor salvo em H'0D'
                      00125                                                                                 ; 250 x 10 ciclos =  250
MPASM  5.51                       MAIN010.ASM   7-31-2024  9:10:24         PAGE  4


LOC  OBJECT CODE     LINE SOURCE TEXT
  VALUE

                            0 ciclos
                      00126                                                                                 
Message[305]: Using default destination of 1 (file).
001F   0B8C           00127                         decfsz          H'0C'                   ; decrementa uma unidade do valor salvo 
                            no endero H'0C'
0020   2814           00128                         goto            aux1                    ; retorna ao inicio da sub-rotina aux1
                      00129                                                                                 ; 3 ciclos gastos em uma
                             repeticao da sub-rotina aux1
                      00130                                                                                 ; eh repetida a sub-roti
                            na o total de vezes do valor salvo em H'0C'
                      00131                                                                                 ; 200 x 2500 ciclos = 50
                            0000 ciclos 
                      00132                                                                                 ; delay = tempo de ciclo
                            s X quanntidade de ciclos em vazio
                      00133                                                                                 ; delay = 1us x 500000 =
                             500ms
0021   0008           00134                         return                                          ; retorna apos a chamada da sub 
                            rotina
                      00135                                                                                 
                      00136                         
                      00137                         
                      00138                         
                      00139                         end                                                     ; final do programa
MPASM  5.51                       MAIN010.ASM   7-31-2024  9:10:24         PAGE  5


SYMBOL TABLE
  LABEL                             VALUE 

C                                 00000000
DC                                00000001
EEADR                             00000009
EECON1                            00000088
EECON2                            00000089
EEDATA                            00000008
EEIE                              00000006
EEIF                              00000004
F                                 00000001
FSR                               00000004
GIE                               00000007
INDF                              00000000
INTCON                            0000000B
INTE                              00000004
INTEDG                            00000006
INTF                              00000001
IRP                               00000007
NOT_PD                            00000003
NOT_RBPU                          00000007
NOT_TO                            00000004
OPTION_REG                        00000081
PCL                               00000002
PCLATH                            0000000A
PORTA                             00000005
PORTB                             00000006
PS0                               00000000
PS1                               00000001
PS2                               00000002
PSA                               00000003
RA0                               00000000
RA1                               00000001
RA2                               00000002
RA3                               00000003
RA4                               00000004
RB0                               00000000
RB1                               00000001
RB2                               00000002
RB3                               00000003
RB4                               00000004
RB5                               00000005
RB6                               00000006
RB7                               00000007
RBIE                              00000003
RBIF                              00000000
RD                                00000000
RP0                               00000005
RP1                               00000006
STATUS                            00000003
T0CS                              00000005
T0IE                              00000005
T0IF                              00000002
T0SE                              00000004
TMR0                              00000001
MPASM  5.51                       MAIN010.ASM   7-31-2024  9:10:24         PAGE  6


SYMBOL TABLE
  LABEL                             VALUE 

TMR0IE                            00000005
TMR0IF                            00000002
TRISA                             00000085
TRISA0                            00000000
TRISA1                            00000001
TRISA2                            00000002
TRISA3                            00000003
TRISA4                            00000004
TRISB                             00000086
TRISB0                            00000000
TRISB1                            00000001
TRISB2                            00000002
TRISB3                            00000003
TRISB4                            00000004
TRISB5                            00000005
TRISB6                            00000006
TRISB7                            00000007
W                                 00000000
WR                                00000001
WREN                              00000002
WRERR                             00000003
Z                                 00000002
_CONFIG                           00002007
_CP_OFF                           00003FFF
_CP_ON                            0000000F
_DEVID1                           00002006
_FOSC_EXTRC                       00003FFF
_FOSC_HS                          00003FFE
_FOSC_LP                          00003FFC
_FOSC_XT                          00003FFD
_HS_OSC                           00003FFE
_IDLOC0                           00002000
_IDLOC1                           00002001
_IDLOC2                           00002002
_IDLOC3                           00002003
_LP_OSC                           00003FFC
_PWRTE_OFF                        00003FFF
_PWRTE_ON                         00003FF7
_RC_OSC                           00003FFF
_WDTE_OFF                         00003FFB
_WDTE_ON                          00003FFF
_WDT_OFF                          00003FFB
_WDT_ON                           00003FFF
_XT_OSC                           00003FFD
__16F84A                          00000001
__DEBUG                           1
aux1                              00000014
aux2                              00000016
bank0                             bcf STATUS,RP0
bank1                             bsf     STATUS,RP0
botao1                            PORTB,RB0
botao2                            PORTB,RB2
delay500ms                        00000012
MPASM  5.51                       MAIN010.ASM   7-31-2024  9:10:24         PAGE  7


SYMBOL TABLE
  LABEL                             VALUE 

inicio                            00000005
led1                              PORTB,RB1
led2                              PORTB,RB3
loop                              0000000B


MEMORY USAGE MAP ('X' = Used,  '-' = Unused)

0000 : X---XXXXXXXXXXXX XXXXXXXXXXXXXXXX XX-------------- ----------------
2000 : -------X-------- ---------------- ---------------- ----------------

All other memory blocks unused.

Program Memory Words Used:    31
Program Memory Words Free:   993


Errors   :     0
Warnings :     1 reported,     0 suppressed
Messages :     3 reported,     0 suppressed

