MPLINK 5.00, LINKER
Linker Map File - Created Sun May 19 09:51:41 2024

                                 Section Info
                  Section       Type    Address   Location Size(Bytes)
                ---------  ---------  ---------  ---------  ---------
               _entry_scn       code   0x000000    program   0x000006
           .code___init.o       code   0x000006    program   0x000002
              high_vector       code   0x000008    program   0x000006
                   .cinit    romdata   0x00000e    program   0x00000e
             .code_main.o       code   0x00001c    program   0x0018f2
             .stringtable    romdata   0x00190e    program   0x000328
               _cinit_scn       code   0x001c36    program   0x00009e
                     PROG       code   0x001cd4    program   0x000080
         .code_i2c_writ.o       code   0x001d54    program   0x000072
         .code_i2c_open.o       code   0x001dc6    program   0x000036
         .code_fxd1616u.o       code   0x001dfc    program   0x00002c
              D1KTCYXCODE       code   0x001e28    program   0x000020
                    .code       code   0x001e48    program   0x000020
             _startup_scn       code   0x001e68    program   0x00001c
             D100TCYXCODE       code   0x001e84    program   0x00001c
         .code_fxd0808u.o       code   0x001ea0    program   0x00001c
              D10TCYXCODE       code   0x001ebc    program   0x000016
         .code_i2c_idle.o       code   0x001ed2    program   0x00000e
        .romdata___init.o    romdata   0x001ee0    program   0x000000
      .romdata_i2c_writ.o    romdata   0x001ee0    program   0x000000
      .romdata_fxd0808u.o    romdata   0x001ee0    program   0x000000
         .romdata_c018i.o    romdata   0x001ee0    program   0x000000
      .romdata_fxd1616u.o    romdata   0x001ee0    program   0x000000
          .idata_main.o_i    romdata   0x001ee0    program   0x000033
      .romdata_i2c_open.o    romdata   0x001ee0    program   0x000000
      .romdata_i2c_idle.o    romdata   0x001ee0    program   0x000000
          .romdata_main.o    romdata   0x001ee0    program   0x000000
        .idata___init.o_i    romdata   0x001f13    program   0x000000
      .idata_i2c_writ.o_i    romdata   0x001f13    program   0x000000
         .idata_c018i.o_i    romdata   0x001f13    program   0x000000
      .idata_i2c_open.o_i    romdata   0x001f13    program   0x000000
      .idata_i2c_idle.o_i    romdata   0x001f13    program   0x000000
      .idata_fxd1616u.o_i    romdata   0x001f13    program   0x000000
      .idata_fxd0808u.o_i    romdata   0x001f13    program   0x000000
            .code_c018i.o       code   0x001f14    program   0x000000
    .config_300001_main.o    romdata   0x300001    program   0x000001
    .config_300002_main.o    romdata   0x300002    program   0x000001
    .config_300003_main.o    romdata   0x300003    program   0x000001
    .config_300005_main.o    romdata   0x300005    program   0x000001
    .config_300006_main.o    romdata   0x300006    program   0x000001
                MATH_DATA      udata   0x000000       data   0x000010
                 .tmpdata      udata   0x000010       data   0x000004
                DELAYDAT1      udata   0x000014       data   0x000001
            .idata_main.o      idata   0x000060       data   0x000033
           .udata_c018i.o      udata   0x000093       data   0x00000a
            .udata_main.o      udata   0x00009d       data   0x000004
          .idata___init.o      idata   0x0000a1       data   0x000000
          .udata___init.o      udata   0x0000a1       data   0x000000
        .idata_i2c_writ.o      idata   0x0000a1       data   0x000000
        .udata_i2c_writ.o      udata   0x0000a1       data   0x000000
        .idata_i2c_open.o      idata   0x0000a1       data   0x000000
        .udata_i2c_open.o      udata   0x0000a1       data   0x000000
        .idata_i2c_idle.o      idata   0x0000a1       data   0x000000
        .udata_i2c_idle.o      udata   0x0000a1       data   0x000000
        .idata_fxd1616u.o      idata   0x0000a1       data   0x000000
        .udata_fxd1616u.o      udata   0x0000a1       data   0x000000
        .idata_fxd0808u.o      idata   0x0000a1       data   0x000000
        .udata_fxd0808u.o      udata   0x0000a1       data   0x000000
           .idata_c018i.o      idata   0x0000a1       data   0x000000
                   .stack      udata   0x000300       data   0x000100
            SFR_UNBANKED0      udata   0x000f62       data   0x00009e



                              Program Memory Usage 
                               Start         End      
                           ---------   ---------      
                            0x000000    0x001f12      
                            0x300001    0x300003      
                            0x300005    0x300006      
            7960 out of 33048 program addresses used, program memory utilization is 24%



                              Symbols - Sorted by Name
                     Name    Address   Location    Storage File                     
                ---------  ---------  ---------  --------- ---------                
                   D0808S   0x001cea    program     static E:\3.46\pic18-lt\cxx-framework\src\traditional\math\fxd0808s.asm
                D0808SNEG   0x001cf8    program     static E:\3.46\pic18-lt\cxx-framework\src\traditional\math\fxd0808s.asm
                 D0808SOK   0x001cf4    program     static E:\3.46\pic18-lt\cxx-framework\src\traditional\math\fxd0808s.asm
                  D0808SX   0x001cfe    program     static E:\3.46\pic18-lt\cxx-framework\src\traditional\math\fxd0808s.asm
                   D100_1   0x001e92    program     static E:\3.46\pic18-lt\cxx-framework\src\traditional\delays\d100tcyx.asm
                    D100x   0x001e90    program     static E:\3.46\pic18-lt\cxx-framework\src\traditional\delays\d100tcyx.asm
                    D10_1   0x001ecc    program     static E:\3.46\pic18-lt\cxx-framework\src\traditional\delays\d10tcyx.asm
                     D10x   0x001ec4    program     static E:\3.46\pic18-lt\cxx-framework\src\traditional\delays\d10tcyx.asm
                   D1616S   0x001d2a    program     static E:\3.46\pic18-lt\cxx-framework\src\traditional\math\fxd1616s.asm
                D1616SNEG   0x001d38    program     static E:\3.46\pic18-lt\cxx-framework\src\traditional\math\fxd1616s.asm
                 D1616SOK   0x001d34    program     static E:\3.46\pic18-lt\cxx-framework\src\traditional\math\fxd1616s.asm
                  D1616SX   0x001d4a    program     static E:\3.46\pic18-lt\cxx-framework\src\traditional\math\fxd1616s.asm
                    D1K_1   0x001e34    program     static E:\3.46\pic18-lt\cxx-framework\src\traditional\delays\d1ktcyx.asm
                     D1Kx   0x001e32    program     static E:\3.46\pic18-lt\cxx-framework\src\traditional\delays\d1ktcyx.asm
                  DA0808S   0x001ce0    program     static E:\3.46\pic18-lt\cxx-framework\src\traditional\math\fxd0808s.asm
                  DA1616S   0x001d1a    program     static E:\3.46\pic18-lt\cxx-framework\src\traditional\math\fxd1616s.asm
             Delay100TCYx   0x001e84    program     extern E:\3.46\pic18-lt\cxx-framework\src\traditional\delays\d100tcyx.asm
              Delay10TCYx   0x001ebc    program     extern E:\3.46\pic18-lt\cxx-framework\src\traditional\delays\d10tcyx.asm
              Delay1KTCYx   0x001e28    program     extern E:\3.46\pic18-lt\cxx-framework\src\traditional\delays\d1ktcyx.asm
                 FXD0808S   0x001cd4    program     extern E:\3.46\pic18-lt\cxx-framework\src\traditional\math\fxd0808s.asm
                 FXD0808U   0x001ea0    program     extern E:\3.46\pic18-lt\cxx-framework\src\traditional\math\fxd0808u.c
                 FXD1616S   0x001d08    program     extern E:\3.46\pic18-lt\cxx-framework\src\traditional\math\fxd1616s.asm
                 FXD1616U   0x001dfc    program     extern E:\3.46\pic18-lt\cxx-framework\src\traditional\math\fxd1616u.c
                  IdleI2C   0x001ed2    program     extern E:\3.46\pic18-lt\cxx-framework\src\pmc_common\i2c\i2c_idle.c
                  OpenI2C   0x001dc6    program     extern E:\3.46\pic18-lt\cxx-framework\src\pmc_common\i2c\i2c_open.c
              StartLCDi2c   0x0000d2    program     extern C:\Users\Scope11\Documents\Algoritmos-e-Programacao\2024_01\Proteus\ProjetoPIC18F4550\displayLCDv1-4\lcd_i2c.h
        TelaInicializacao   0x000d7e    program     extern C:\Users\Scope11\Documents\Algoritmos-e-Programacao\2024_01\Proteus\ProjetoPIC18F4550\displayLCDv1-4\funcoes.c
                 WriteI2C   0x001d54    program     extern E:\3.46\pic18-lt\cxx-framework\src\pmc_common\i2c\i2c_writ.c
       _D100TCYXCODE_0008   0x001e8c    program     static E:\3.46\pic18-lt\cxx-framework\src\traditional\delays\d100tcyx.asm
       _D100TCYXCODE_0012   0x001e96    program     static E:\3.46\pic18-lt\cxx-framework\src\traditional\delays\d100tcyx.asm
       _D100TCYXCODE_0018   0x001e9c    program     static E:\3.46\pic18-lt\cxx-framework\src\traditional\delays\d100tcyx.asm
        _D10TCYXCODE_000A   0x001ec6    program     static E:\3.46\pic18-lt\cxx-framework\src\traditional\delays\d10tcyx.asm
        _D10TCYXCODE_000C   0x001ec8    program     static E:\3.46\pic18-lt\cxx-framework\src\traditional\delays\d10tcyx.asm
        _D10TCYXCODE_000E   0x001eca    program     static E:\3.46\pic18-lt\cxx-framework\src\traditional\delays\d10tcyx.asm
        _D1KTCYXCODE_0010   0x001e38    program     static E:\3.46\pic18-lt\cxx-framework\src\traditional\delays\d1ktcyx.asm
        _D1KTCYXCODE_0016   0x001e3e    program     static E:\3.46\pic18-lt\cxx-framework\src\traditional\delays\d1ktcyx.asm
       ___return_lbl00000   0x001eba    program     static                          
       ___return_lbl00000   0x000004    program     static                          
       ___return_lbl00000   0x001e26    program     static                          
       ___return_lbl00001   0x001e82    program     static                          
       ___return_lbl00002   0x001cd2    program     static                          
       ___return_lbl00042   0x00000c    program     static                          
               __config_0   0x300001    program     static C:\Users\Scope11\Documents\Algoritmos-e-Programacao\2024_01\Proteus\ProjetoPIC18F4550\displayLCDv1-4\main.c
               __config_1   0x300002    program     static C:\Users\Scope11\Documents\Algoritmos-e-Programacao\2024_01\Proteus\ProjetoPIC18F4550\displayLCDv1-4\main.c
               __config_2   0x300003    program     static C:\Users\Scope11\Documents\Algoritmos-e-Programacao\2024_01\Proteus\ProjetoPIC18F4550\displayLCDv1-4\main.c
               __config_3   0x300005    program     static C:\Users\Scope11\Documents\Algoritmos-e-Programacao\2024_01\Proteus\ProjetoPIC18F4550\displayLCDv1-4\main.c
               __config_4   0x300006    program     static C:\Users\Scope11\Documents\Algoritmos-e-Programacao\2024_01\Proteus\ProjetoPIC18F4550\displayLCDv1-4\main.c
                   __init   0x000006    program     extern E:\3.46\pic18-lt\cxx-framework\src\traditional\stdclib\__init.c
               __string_0   0x001c21    program     static C:\Users\Scope11\Documents\Algoritmos-e-Programacao\2024_01\Proteus\ProjetoPIC18F4550\displayLCDv1-4\main.c
               __string_1   0x001c0c    program     static C:\Users\Scope11\Documents\Algoritmos-e-Programacao\2024_01\Proteus\ProjetoPIC18F4550\displayLCDv1-4\main.c
              __string_10   0x001b4f    program     static C:\Users\Scope11\Documents\Algoritmos-e-Programacao\2024_01\Proteus\ProjetoPIC18F4550\displayLCDv1-4\main.c
              __string_11   0x001b3a    program     static C:\Users\Scope11\Documents\Algoritmos-e-Programacao\2024_01\Proteus\ProjetoPIC18F4550\displayLCDv1-4\main.c
              __string_12   0x001b25    program     static C:\Users\Scope11\Documents\Algoritmos-e-Programacao\2024_01\Proteus\ProjetoPIC18F4550\displayLCDv1-4\main.c
              __string_13   0x001b10    program     static C:\Users\Scope11\Documents\Algoritmos-e-Programacao\2024_01\Proteus\ProjetoPIC18F4550\displayLCDv1-4\main.c
              __string_14   0x001afb    program     static C:\Users\Scope11\Documents\Algoritmos-e-Programacao\2024_01\Proteus\ProjetoPIC18F4550\displayLCDv1-4\main.c
              __string_15   0x001ae6    program     static C:\Users\Scope11\Documents\Algoritmos-e-Programacao\2024_01\Proteus\ProjetoPIC18F4550\displayLCDv1-4\main.c
              __string_16   0x001ad1    program     static C:\Users\Scope11\Documents\Algoritmos-e-Programacao\2024_01\Proteus\ProjetoPIC18F4550\displayLCDv1-4\main.c
              __string_17   0x001abc    program     static C:\Users\Scope11\Documents\Algoritmos-e-Programacao\2024_01\Proteus\ProjetoPIC18F4550\displayLCDv1-4\main.c
              __string_18   0x001aa7    program     static C:\Users\Scope11\Documents\Algoritmos-e-Programacao\2024_01\Proteus\ProjetoPIC18F4550\displayLCDv1-4\main.c
              __string_19   0x001aa4    program     static C:\Users\Scope11\Documents\Algoritmos-e-Programacao\2024_01\Proteus\ProjetoPIC18F4550\displayLCDv1-4\main.c
               __string_2   0x001bf7    program     static C:\Users\Scope11\Documents\Algoritmos-e-Programacao\2024_01\Proteus\ProjetoPIC18F4550\displayLCDv1-4\main.c
              __string_20   0x001aa0    program     static C:\Users\Scope11\Documents\Algoritmos-e-Programacao\2024_01\Proteus\ProjetoPIC18F4550\displayLCDv1-4\main.c
              __string_22   0x001a8c    program     static C:\Users\Scope11\Documents\Algoritmos-e-Programacao\2024_01\Proteus\ProjetoPIC18F4550\displayLCDv1-4\main.c
              __string_23   0x001a77    program     static C:\Users\Scope11\Documents\Algoritmos-e-Programacao\2024_01\Proteus\ProjetoPIC18F4550\displayLCDv1-4\main.c
              __string_24   0x001a62    program     static C:\Users\Scope11\Documents\Algoritmos-e-Programacao\2024_01\Proteus\ProjetoPIC18F4550\displayLCDv1-4\main.c
              __string_25   0x001a4d    program     static C:\Users\Scope11\Documents\Algoritmos-e-Programacao\2024_01\Proteus\ProjetoPIC18F4550\displayLCDv1-4\main.c
              __string_26   0x001a38    program     static C:\Users\Scope11\Documents\Algoritmos-e-Programacao\2024_01\Proteus\ProjetoPIC18F4550\displayLCDv1-4\main.c
              __string_27   0x001a23    program     static C:\Users\Scope11\Documents\Algoritmos-e-Programacao\2024_01\Proteus\ProjetoPIC18F4550\displayLCDv1-4\main.c
              __string_28   0x001a0e    program     static C:\Users\Scope11\Documents\Algoritmos-e-Programacao\2024_01\Proteus\ProjetoPIC18F4550\displayLCDv1-4\main.c
              __string_29   0x0019f9    program     static C:\Users\Scope11\Documents\Algoritmos-e-Programacao\2024_01\Proteus\ProjetoPIC18F4550\displayLCDv1-4\main.c
               __string_3   0x001be2    program     static C:\Users\Scope11\Documents\Algoritmos-e-Programacao\2024_01\Proteus\ProjetoPIC18F4550\displayLCDv1-4\main.c
              __string_30   0x0019e4    program     static C:\Users\Scope11\Documents\Algoritmos-e-Programacao\2024_01\Proteus\ProjetoPIC18F4550\displayLCDv1-4\main.c
              __string_31   0x0019cf    program     static C:\Users\Scope11\Documents\Algoritmos-e-Programacao\2024_01\Proteus\ProjetoPIC18F4550\displayLCDv1-4\main.c
              __string_32   0x0019ba    program     static C:\Users\Scope11\Documents\Algoritmos-e-Programacao\2024_01\Proteus\ProjetoPIC18F4550\displayLCDv1-4\main.c
              __string_33   0x0019b6    program     static C:\Users\Scope11\Documents\Algoritmos-e-Programacao\2024_01\Proteus\ProjetoPIC18F4550\displayLCDv1-4\main.c
              __string_34   0x0019a1    program     static C:\Users\Scope11\Documents\Algoritmos-e-Programacao\2024_01\Proteus\ProjetoPIC18F4550\displayLCDv1-4\main.c
              __string_35   0x00198c    program     static C:\Users\Scope11\Documents\Algoritmos-e-Programacao\2024_01\Proteus\ProjetoPIC18F4550\displayLCDv1-4\main.c
              __string_36   0x001977    program     static C:\Users\Scope11\Documents\Algoritmos-e-Programacao\2024_01\Proteus\ProjetoPIC18F4550\displayLCDv1-4\main.c
              __string_37   0x001962    program     static C:\Users\Scope11\Documents\Algoritmos-e-Programacao\2024_01\Proteus\ProjetoPIC18F4550\displayLCDv1-4\main.c
              __string_38   0x00194d    program     static C:\Users\Scope11\Documents\Algoritmos-e-Programacao\2024_01\Proteus\ProjetoPIC18F4550\displayLCDv1-4\main.c
              __string_39   0x001938    program     static C:\Users\Scope11\Documents\Algoritmos-e-Programacao\2024_01\Proteus\ProjetoPIC18F4550\displayLCDv1-4\main.c
               __string_4   0x001bcd    program     static C:\Users\Scope11\Documents\Algoritmos-e-Programacao\2024_01\Proteus\ProjetoPIC18F4550\displayLCDv1-4\main.c
              __string_40   0x001923    program     static C:\Users\Scope11\Documents\Algoritmos-e-Programacao\2024_01\Proteus\ProjetoPIC18F4550\displayLCDv1-4\main.c
              __string_41   0x00190e    program     static C:\Users\Scope11\Documents\Algoritmos-e-Programacao\2024_01\Proteus\ProjetoPIC18F4550\displayLCDv1-4\main.c
               __string_5   0x001bb8    program     static C:\Users\Scope11\Documents\Algoritmos-e-Programacao\2024_01\Proteus\ProjetoPIC18F4550\displayLCDv1-4\main.c
               __string_6   0x001ba3    program     static C:\Users\Scope11\Documents\Algoritmos-e-Programacao\2024_01\Proteus\ProjetoPIC18F4550\displayLCDv1-4\main.c
               __string_7   0x001b8e    program     static C:\Users\Scope11\Documents\Algoritmos-e-Programacao\2024_01\Proteus\ProjetoPIC18F4550\displayLCDv1-4\main.c
               __string_8   0x001b79    program     static C:\Users\Scope11\Documents\Algoritmos-e-Programacao\2024_01\Proteus\ProjetoPIC18F4550\displayLCDv1-4\main.c
               __string_9   0x001b64    program     static C:\Users\Scope11\Documents\Algoritmos-e-Programacao\2024_01\Proteus\ProjetoPIC18F4550\displayLCDv1-4\main.c
            __zero_memory   0x001e48    program     extern E:\3.46\pic18-lt\cxx-framework\src\traditional\proc\p18f4550.asm
                _do_cinit   0x001c36    program     extern E:\3.46\pic18-lt\cxx-framework\src\traditional\startup\c018i.c
                   _entry   0x000000    program     extern E:\3.46\pic18-lt\cxx-framework\src\traditional\startup\c018i.c
                 _startup   0x001e68    program     extern E:\3.46\pic18-lt\cxx-framework\src\traditional\startup\c018i.c
           atualizaBotoes   0x001358    program     extern C:\Users\Scope11\Documents\Algoritmos-e-Programacao\2024_01\Proteus\ProjetoPIC18F4550\displayLCDv1-4\funcoes.c
           atualizaIndice   0x000e40    program     extern C:\Users\Scope11\Documents\Algoritmos-e-Programacao\2024_01\Proteus\ProjetoPIC18F4550\displayLCDv1-4\funcoes.c
atualizaIndiceConfiguracoes   0x000e9e    program     extern C:\Users\Scope11\Documents\Algoritmos-e-Programacao\2024_01\Proteus\ProjetoPIC18F4550\displayLCDv1-4\funcoes.c
       atualizaIndiceInfo   0x000e7a    program     extern C:\Users\Scope11\Documents\Algoritmos-e-Programacao\2024_01\Proteus\ProjetoPIC18F4550\displayLCDv1-4\funcoes.c
          atualizaMotores   0x000fb4    program     extern C:\Users\Scope11\Documents\Algoritmos-e-Programacao\2024_01\Proteus\ProjetoPIC18F4550\displayLCDv1-4\funcoes.c
          atualizaRelogio   0x0015de    program     extern C:\Users\Scope11\Documents\Algoritmos-e-Programacao\2024_01\Proteus\ProjetoPIC18F4550\displayLCDv1-4\funcoes.c
         atualizaSensores   0x000ec2    program     extern C:\Users\Scope11\Documents\Algoritmos-e-Programacao\2024_01\Proteus\ProjetoPIC18F4550\displayLCDv1-4\funcoes.c
               bateriaLow   0x00062e    program     extern C:\Users\Scope11\Documents\Algoritmos-e-Programacao\2024_01\Proteus\ProjetoPIC18F4550\displayLCDv1-4\mascaras.c
cabecalhoPaginaConfiguracoes   0x00077e    program     extern C:\Users\Scope11\Documents\Algoritmos-e-Programacao\2024_01\Proteus\ProjetoPIC18F4550\displayLCDv1-4\funcoes.c
                     cat1   0x000678    program     extern C:\Users\Scope11\Documents\Algoritmos-e-Programacao\2024_01\Proteus\ProjetoPIC18F4550\displayLCDv1-4\mascaras.c
                     cat2   0x0006bc    program     extern C:\Users\Scope11\Documents\Algoritmos-e-Programacao\2024_01\Proteus\ProjetoPIC18F4550\displayLCDv1-4\mascaras.c
               cmdLCD_i2c   0x00001c    program     extern C:\Users\Scope11\Documents\Algoritmos-e-Programacao\2024_01\Proteus\ProjetoPIC18F4550\displayLCDv1-4\lcd_i2c.h
                compare_l   0x001e5e    program     static E:\3.46\pic18-lt\cxx-framework\src\traditional\proc\p18f4550.asm
 configInterrupcaoRelogio   0x0015b6    program     extern C:\Users\Scope11\Documents\Algoritmos-e-Programacao\2024_01\Proteus\ProjetoPIC18F4550\displayLCDv1-4\funcoes.c
            configMotores   0x000abe    program     extern C:\Users\Scope11\Documents\Algoritmos-e-Programacao\2024_01\Proteus\ProjetoPIC18F4550\displayLCDv1-4\funcoes.c
            configRelogio   0x000c08    program     extern C:\Users\Scope11\Documents\Algoritmos-e-Programacao\2024_01\Proteus\ProjetoPIC18F4550\displayLCDv1-4\funcoes.c
             configSprays   0x000972    program     extern C:\Users\Scope11\Documents\Algoritmos-e-Programacao\2024_01\Proteus\ProjetoPIC18F4550\displayLCDv1-4\funcoes.c
             configTimer1   0x0015c0    program     extern C:\Users\Scope11\Documents\Algoritmos-e-Programacao\2024_01\Proteus\ProjetoPIC18F4550\displayLCDv1-4\funcoes.c
      configuracoesSelect   0x000d52    program     extern C:\Users\Scope11\Documents\Algoritmos-e-Programacao\2024_01\Proteus\ProjetoPIC18F4550\displayLCDv1-4\funcoes.c
       convertShortToChar   0x001398    program     extern C:\Users\Scope11\Documents\Algoritmos-e-Programacao\2024_01\Proteus\ProjetoPIC18F4550\displayLCDv1-4\funcoes.c
                copy_loop   0x001ca8    program     static                          
            copy_one_byte   0x001cae    program     static                          
                 delay_ms   0x0014a0    program     extern C:\Users\Scope11\Documents\Algoritmos-e-Programacao\2024_01\Proteus\ProjetoPIC18F4550\displayLCDv1-4\funcoes.c
                     done   0x001cd2    program     static                          
             done_copying   0x001cbc    program     static                          
                  endloop   0x001eb6    program     static                          
                  endloop   0x001e22    program     static                          
               infoSelect   0x001028    program     extern C:\Users\Scope11\Documents\Algoritmos-e-Programacao\2024_01\Proteus\ProjetoPIC18F4550\displayLCDv1-4\funcoes.c
       interrupcaoRelogio   0x0014de    program     extern C:\Users\Scope11\Documents\Algoritmos-e-Programacao\2024_01\Proteus\ProjetoPIC18F4550\displayLCDv1-4\funcoes.c
 interrupt_at_high_vector   0x000008    program     extern C:\Users\Scope11\Documents\Algoritmos-e-Programacao\2024_01\Proteus\ProjetoPIC18F4550\displayLCDv1-4\funcoes.c
                 lenShort   0x00022c    program     extern C:\Users\Scope11\Documents\Algoritmos-e-Programacao\2024_01\Proteus\ProjetoPIC18F4550\displayLCDv1-4\lcd_i2c.h
             lerAnalogico   0x00107e    program     extern C:\Users\Scope11\Documents\Algoritmos-e-Programacao\2024_01\Proteus\ProjetoPIC18F4550\displayLCDv1-4\funcoes.c
                lerBotoes   0x0010bc    program     extern C:\Users\Scope11\Documents\Algoritmos-e-Programacao\2024_01\Proteus\ProjetoPIC18F4550\displayLCDv1-4\funcoes.c
               lerBtnDown   0x0012fa    program     extern C:\Users\Scope11\Documents\Algoritmos-e-Programacao\2024_01\Proteus\ProjetoPIC18F4550\displayLCDv1-4\funcoes.c
              lerBtnEnter   0x001182    program     extern C:\Users\Scope11\Documents\Algoritmos-e-Programacao\2024_01\Proteus\ProjetoPIC18F4550\displayLCDv1-4\funcoes.c
               lerBtnLeft   0x0011e0    program     extern C:\Users\Scope11\Documents\Algoritmos-e-Programacao\2024_01\Proteus\ProjetoPIC18F4550\displayLCDv1-4\funcoes.c
              lerBtnRight   0x00129c    program     extern C:\Users\Scope11\Documents\Algoritmos-e-Programacao\2024_01\Proteus\ProjetoPIC18F4550\displayLCDv1-4\funcoes.c
                 lerBtnUp   0x00123e    program     extern C:\Users\Scope11\Documents\Algoritmos-e-Programacao\2024_01\Proteus\ProjetoPIC18F4550\displayLCDv1-4\funcoes.c
           loadCaracteres   0x000700    program     extern C:\Users\Scope11\Documents\Algoritmos-e-Programacao\2024_01\Proteus\ProjetoPIC18F4550\displayLCDv1-4\mascaras.c
                     loop   0x001e06    program     static                          
                     loop   0x001e78    program     static                          
                     loop   0x001ea8    program     static                          
                   loop_h   0x001e56    program     static E:\3.46\pic18-lt\cxx-framework\src\traditional\proc\p18f4550.asm
                   loop_l   0x001e60    program     static E:\3.46\pic18-lt\cxx-framework\src\traditional\proc\p18f4550.asm
                     main   0x0018a8    program     extern C:\Users\Scope11\Documents\Algoritmos-e-Programacao\2024_01\Proteus\ProjetoPIC18F4550\displayLCDv1-4\main.c
                 maskInit   0x0003ce    program     extern C:\Users\Scope11\Documents\Algoritmos-e-Programacao\2024_01\Proteus\ProjetoPIC18F4550\displayLCDv1-4\mascaras.c
        maskMonitoramento   0x0004bc    program     extern C:\Users\Scope11\Documents\Algoritmos-e-Programacao\2024_01\Proteus\ProjetoPIC18F4550\displayLCDv1-4\mascaras.c
              maskMotores   0x000568    program     extern C:\Users\Scope11\Documents\Algoritmos-e-Programacao\2024_01\Proteus\ProjetoPIC18F4550\displayLCDv1-4\mascaras.c
          maskPurificador   0x000512    program     extern C:\Users\Scope11\Documents\Algoritmos-e-Programacao\2024_01\Proteus\ProjetoPIC18F4550\displayLCDv1-4\mascaras.c
              maskRelogio   0x0005be    program     extern C:\Users\Scope11\Documents\Algoritmos-e-Programacao\2024_01\Proteus\ProjetoPIC18F4550\displayLCDv1-4\mascaras.c
               menuSelect   0x000708    program     extern C:\Users\Scope11\Documents\Algoritmos-e-Programacao\2024_01\Proteus\ProjetoPIC18F4550\displayLCDv1-4\funcoes.c
        mostraPurificador   0x000fce    program     extern C:\Users\Scope11\Documents\Algoritmos-e-Programacao\2024_01\Proteus\ProjetoPIC18F4550\displayLCDv1-4\funcoes.c
           mostrarRelogio   0x001664    program     extern C:\Users\Scope11\Documents\Algoritmos-e-Programacao\2024_01\Proteus\ProjetoPIC18F4550\displayLCDv1-4\funcoes.c
      paginaConfiguracoes   0x0007cc    program     extern C:\Users\Scope11\Documents\Algoritmos-e-Programacao\2024_01\Proteus\ProjetoPIC18F4550\displayLCDv1-4\funcoes.c
               paginaHome   0x00074a    program     extern C:\Users\Scope11\Documents\Algoritmos-e-Programacao\2024_01\Proteus\ProjetoPIC18F4550\displayLCDv1-4\funcoes.c
      paginaMonitoramento   0x000890    program     extern C:\Users\Scope11\Documents\Algoritmos-e-Programacao\2024_01\Proteus\ProjetoPIC18F4550\displayLCDv1-4\funcoes.c
              paginaSobre   0x0008f4    program     extern C:\Users\Scope11\Documents\Algoritmos-e-Programacao\2024_01\Proteus\ProjetoPIC18F4550\displayLCDv1-4\funcoes.c
              piscaCursor   0x000e22    program     extern C:\Users\Scope11\Documents\Algoritmos-e-Programacao\2024_01\Proteus\ProjetoPIC18F4550\displayLCDv1-4\funcoes.c
         printCharLCD_i2c   0x000132    program     extern C:\Users\Scope11\Documents\Algoritmos-e-Programacao\2024_01\Proteus\ProjetoPIC18F4550\displayLCDv1-4\lcd_i2c.h
        printShortLCD_i2c   0x000298    program     extern C:\Users\Scope11\Documents\Algoritmos-e-Programacao\2024_01\Proteus\ProjetoPIC18F4550\displayLCDv1-4\lcd_i2c.h
       printStringLCD_i2c   0x0001e8    program     extern C:\Users\Scope11\Documents\Algoritmos-e-Programacao\2024_01\Proteus\ProjetoPIC18F4550\displayLCDv1-4\lcd_i2c.h
              resetBotoes   0x00136a    program     extern C:\Users\Scope11\Documents\Algoritmos-e-Programacao\2024_01\Proteus\ProjetoPIC18F4550\displayLCDv1-4\funcoes.c
         setCursorLCD_i2c   0x00036e    program     extern C:\Users\Scope11\Documents\Algoritmos-e-Programacao\2024_01\Proteus\ProjetoPIC18F4550\displayLCDv1-4\lcd_i2c.h
                setTimer1   0x0015d4    program     extern C:\Users\Scope11\Documents\Algoritmos-e-Programacao\2024_01\Proteus\ProjetoPIC18F4550\displayLCDv1-4\funcoes.c
             setupRelogio   0x00176a    program     extern C:\Users\Scope11\Documents\Algoritmos-e-Programacao\2024_01\Proteus\ProjetoPIC18F4550\displayLCDv1-4\funcoes.c
                     test   0x001c50    program     static                          
               zero_block   0x001e56    program     static E:\3.46\pic18-lt\cxx-framework\src\traditional\proc\p18f4550.asm
                   ADCON0   0x000fc2       data     extern E:\3.46\pic18-lt\cxx-framework\src\traditional\proc\p18f4550.asm
               ADCON0bits   0x000fc2       data     extern E:\3.46\pic18-lt\cxx-framework\src\traditional\proc\p18f4550.asm
                   ADCON1   0x000fc1       data     extern E:\3.46\pic18-lt\cxx-framework\src\traditional\proc\p18f4550.asm
               ADCON1bits   0x000fc1       data     extern E:\3.46\pic18-lt\cxx-framework\src\traditional\proc\p18f4550.asm
                   ADCON2   0x000fc0       data     extern E:\3.46\pic18-lt\cxx-framework\src\traditional\proc\p18f4550.asm
               ADCON2bits   0x000fc0       data     extern E:\3.46\pic18-lt\cxx-framework\src\traditional\proc\p18f4550.asm
                    ADRES   0x000fc3       data     extern E:\3.46\pic18-lt\cxx-framework\src\traditional\proc\p18f4550.asm
                   ADRESH   0x000fc4       data     extern E:\3.46\pic18-lt\cxx-framework\src\traditional\proc\p18f4550.asm
                   ADRESL   0x000fc3       data     extern E:\3.46\pic18-lt\cxx-framework\src\traditional\proc\p18f4550.asm
                  BAUDCON   0x000fb8       data     extern E:\3.46\pic18-lt\cxx-framework\src\traditional\proc\p18f4550.asm
              BAUDCONbits   0x000fb8       data     extern E:\3.46\pic18-lt\cxx-framework\src\traditional\proc\p18f4550.asm
                  BAUDCTL   0x000fb8       data     extern E:\3.46\pic18-lt\cxx-framework\src\traditional\proc\p18f4550.asm
              BAUDCTLbits   0x000fb8       data     extern E:\3.46\pic18-lt\cxx-framework\src\traditional\proc\p18f4550.asm
                      BSR   0x000fe0       data     extern E:\3.46\pic18-lt\cxx-framework\src\traditional\proc\p18f4550.asm
                   CCP1AS   0x000fb6       data     extern E:\3.46\pic18-lt\cxx-framework\src\traditional\proc\p18f4550.asm
               CCP1ASbits   0x000fb6       data     extern E:\3.46\pic18-lt\cxx-framework\src\traditional\proc\p18f4550.asm
                  CCP1CON   0x000fbd       data     extern E:\3.46\pic18-lt\cxx-framework\src\traditional\proc\p18f4550.asm
              CCP1CONbits   0x000fbd       data     extern E:\3.46\pic18-lt\cxx-framework\src\traditional\proc\p18f4550.asm
                  CCP1DEL   0x000fb7       data     extern E:\3.46\pic18-lt\cxx-framework\src\traditional\proc\p18f4550.asm
              CCP1DELbits   0x000fb7       data     extern E:\3.46\pic18-lt\cxx-framework\src\traditional\proc\p18f4550.asm
                  CCP2CON   0x000fba       data     extern E:\3.46\pic18-lt\cxx-framework\src\traditional\proc\p18f4550.asm
              CCP2CONbits   0x000fba       data     extern E:\3.46\pic18-lt\cxx-framework\src\traditional\proc\p18f4550.asm
                    CCPR1   0x000fbe       data     extern E:\3.46\pic18-lt\cxx-framework\src\traditional\proc\p18f4550.asm
                   CCPR1H   0x000fbf       data     extern E:\3.46\pic18-lt\cxx-framework\src\traditional\proc\p18f4550.asm
                   CCPR1L   0x000fbe       data     extern E:\3.46\pic18-lt\cxx-framework\src\traditional\proc\p18f4550.asm
                    CCPR2   0x000fbb       data     extern E:\3.46\pic18-lt\cxx-framework\src\traditional\proc\p18f4550.asm
                   CCPR2H   0x000fbc       data     extern E:\3.46\pic18-lt\cxx-framework\src\traditional\proc\p18f4550.asm
                   CCPR2L   0x000fbb       data     extern E:\3.46\pic18-lt\cxx-framework\src\traditional\proc\p18f4550.asm
                    CMCON   0x000fb4       data     extern E:\3.46\pic18-lt\cxx-framework\src\traditional\proc\p18f4550.asm
                CMCONbits   0x000fb4       data     extern E:\3.46\pic18-lt\cxx-framework\src\traditional\proc\p18f4550.asm
                   CVRCON   0x000fb5       data     extern E:\3.46\pic18-lt\cxx-framework\src\traditional\proc\p18f4550.asm
               CVRCONbits   0x000fb5       data     extern E:\3.46\pic18-lt\cxx-framework\src\traditional\proc\p18f4550.asm
                     DDRA   0x000f92       data     extern E:\3.46\pic18-lt\cxx-framework\src\traditional\proc\p18f4550.asm
                 DDRAbits   0x000f92       data     extern E:\3.46\pic18-lt\cxx-framework\src\traditional\proc\p18f4550.asm
                     DDRB   0x000f93       data     extern E:\3.46\pic18-lt\cxx-framework\src\traditional\proc\p18f4550.asm
                 DDRBbits   0x000f93       data     extern E:\3.46\pic18-lt\cxx-framework\src\traditional\proc\p18f4550.asm
                     DDRC   0x000f94       data     extern E:\3.46\pic18-lt\cxx-framework\src\traditional\proc\p18f4550.asm
                 DDRCbits   0x000f94       data     extern E:\3.46\pic18-lt\cxx-framework\src\traditional\proc\p18f4550.asm
                     DDRD   0x000f95       data     extern E:\3.46\pic18-lt\cxx-framework\src\traditional\proc\p18f4550.asm
                 DDRDbits   0x000f95       data     extern E:\3.46\pic18-lt\cxx-framework\src\traditional\proc\p18f4550.asm
                     DDRE   0x000f96       data     extern E:\3.46\pic18-lt\cxx-framework\src\traditional\proc\p18f4550.asm
                 DDREbits   0x000f96       data     extern E:\3.46\pic18-lt\cxx-framework\src\traditional\proc\p18f4550.asm
            DelayCounter1   0x000014       data     extern E:\3.46\pic18-lt\cxx-framework\src\traditional\delays\delayd1.asm
                  ECCP1AS   0x000fb6       data     extern E:\3.46\pic18-lt\cxx-framework\src\traditional\proc\p18f4550.asm
              ECCP1ASbits   0x000fb6       data     extern E:\3.46\pic18-lt\cxx-framework\src\traditional\proc\p18f4550.asm
                 ECCP1CON   0x000fbd       data     extern E:\3.46\pic18-lt\cxx-framework\src\traditional\proc\p18f4550.asm
             ECCP1CONbits   0x000fbd       data     extern E:\3.46\pic18-lt\cxx-framework\src\traditional\proc\p18f4550.asm
                 ECCP1DEL   0x000fb7       data     extern E:\3.46\pic18-lt\cxx-framework\src\traditional\proc\p18f4550.asm
             ECCP1DELbits   0x000fb7       data     extern E:\3.46\pic18-lt\cxx-framework\src\traditional\proc\p18f4550.asm
                    EEADR   0x000fa9       data     extern E:\3.46\pic18-lt\cxx-framework\src\traditional\proc\p18f4550.asm
                   EECON1   0x000fa6       data     extern E:\3.46\pic18-lt\cxx-framework\src\traditional\proc\p18f4550.asm
               EECON1bits   0x000fa6       data     extern E:\3.46\pic18-lt\cxx-framework\src\traditional\proc\p18f4550.asm
                   EECON2   0x000fa7       data     extern E:\3.46\pic18-lt\cxx-framework\src\traditional\proc\p18f4550.asm
                   EEDATA   0x000fa8       data     extern E:\3.46\pic18-lt\cxx-framework\src\traditional\proc\p18f4550.asm
                     FSR0   0x000fe9       data     extern E:\3.46\pic18-lt\cxx-framework\src\traditional\proc\p18f4550.asm
                    FSR0H   0x000fea       data     extern E:\3.46\pic18-lt\cxx-framework\src\traditional\proc\p18f4550.asm
                    FSR0L   0x000fe9       data     extern E:\3.46\pic18-lt\cxx-framework\src\traditional\proc\p18f4550.asm
                     FSR1   0x000fe1       data     extern E:\3.46\pic18-lt\cxx-framework\src\traditional\proc\p18f4550.asm
                    FSR1H   0x000fe2       data     extern E:\3.46\pic18-lt\cxx-framework\src\traditional\proc\p18f4550.asm
                    FSR1L   0x000fe1       data     extern E:\3.46\pic18-lt\cxx-framework\src\traditional\proc\p18f4550.asm
                     FSR2   0x000fd9       data     extern E:\3.46\pic18-lt\cxx-framework\src\traditional\proc\p18f4550.asm
                    FSR2H   0x000fda       data     extern E:\3.46\pic18-lt\cxx-framework\src\traditional\proc\p18f4550.asm
                    FSR2L   0x000fd9       data     extern E:\3.46\pic18-lt\cxx-framework\src\traditional\proc\p18f4550.asm
                  HLVDCON   0x000fd2       data     extern E:\3.46\pic18-lt\cxx-framework\src\traditional\proc\p18f4550.asm
              HLVDCONbits   0x000fd2       data     extern E:\3.46\pic18-lt\cxx-framework\src\traditional\proc\p18f4550.asm
                    INDF0   0x000fef       data     extern E:\3.46\pic18-lt\cxx-framework\src\traditional\proc\p18f4550.asm
                    INDF1   0x000fe7       data     extern E:\3.46\pic18-lt\cxx-framework\src\traditional\proc\p18f4550.asm
                    INDF2   0x000fdf       data     extern E:\3.46\pic18-lt\cxx-framework\src\traditional\proc\p18f4550.asm
                   INTCON   0x000ff2       data     extern E:\3.46\pic18-lt\cxx-framework\src\traditional\proc\p18f4550.asm
                  INTCON2   0x000ff1       data     extern E:\3.46\pic18-lt\cxx-framework\src\traditional\proc\p18f4550.asm
              INTCON2bits   0x000ff1       data     extern E:\3.46\pic18-lt\cxx-framework\src\traditional\proc\p18f4550.asm
                  INTCON3   0x000ff0       data     extern E:\3.46\pic18-lt\cxx-framework\src\traditional\proc\p18f4550.asm
              INTCON3bits   0x000ff0       data     extern E:\3.46\pic18-lt\cxx-framework\src\traditional\proc\p18f4550.asm
               INTCONbits   0x000ff2       data     extern E:\3.46\pic18-lt\cxx-framework\src\traditional\proc\p18f4550.asm
                     IPR1   0x000f9f       data     extern E:\3.46\pic18-lt\cxx-framework\src\traditional\proc\p18f4550.asm
                 IPR1bits   0x000f9f       data     extern E:\3.46\pic18-lt\cxx-framework\src\traditional\proc\p18f4550.asm
                     IPR2   0x000fa2       data     extern E:\3.46\pic18-lt\cxx-framework\src\traditional\proc\p18f4550.asm
                 IPR2bits   0x000fa2       data     extern E:\3.46\pic18-lt\cxx-framework\src\traditional\proc\p18f4550.asm
                     LATA   0x000f89       data     extern E:\3.46\pic18-lt\cxx-framework\src\traditional\proc\p18f4550.asm
                 LATAbits   0x000f89       data     extern E:\3.46\pic18-lt\cxx-framework\src\traditional\proc\p18f4550.asm
                     LATB   0x000f8a       data     extern E:\3.46\pic18-lt\cxx-framework\src\traditional\proc\p18f4550.asm
                 LATBbits   0x000f8a       data     extern E:\3.46\pic18-lt\cxx-framework\src\traditional\proc\p18f4550.asm
                     LATC   0x000f8b       data     extern E:\3.46\pic18-lt\cxx-framework\src\traditional\proc\p18f4550.asm
                 LATCbits   0x000f8b       data     extern E:\3.46\pic18-lt\cxx-framework\src\traditional\proc\p18f4550.asm
                     LATD   0x000f8c       data     extern E:\3.46\pic18-lt\cxx-framework\src\traditional\proc\p18f4550.asm
                 LATDbits   0x000f8c       data     extern E:\3.46\pic18-lt\cxx-framework\src\traditional\proc\p18f4550.asm
                     LATE   0x000f8d       data     extern E:\3.46\pic18-lt\cxx-framework\src\traditional\proc\p18f4550.asm
                 LATEbits   0x000f8d       data     extern E:\3.46\pic18-lt\cxx-framework\src\traditional\proc\p18f4550.asm
                   LVDCON   0x000fd2       data     extern E:\3.46\pic18-lt\cxx-framework\src\traditional\proc\p18f4550.asm
               LVDCONbits   0x000fd2       data     extern E:\3.46\pic18-lt\cxx-framework\src\traditional\proc\p18f4550.asm
                   OSCCON   0x000fd3       data     extern E:\3.46\pic18-lt\cxx-framework\src\traditional\proc\p18f4550.asm
               OSCCONbits   0x000fd3       data     extern E:\3.46\pic18-lt\cxx-framework\src\traditional\proc\p18f4550.asm
                  OSCTUNE   0x000f9b       data     extern E:\3.46\pic18-lt\cxx-framework\src\traditional\proc\p18f4550.asm
              OSCTUNEbits   0x000f9b       data     extern E:\3.46\pic18-lt\cxx-framework\src\traditional\proc\p18f4550.asm
                       PC   0x000ff9       data     extern E:\3.46\pic18-lt\cxx-framework\src\traditional\proc\p18f4550.asm
                      PCL   0x000ff9       data     extern E:\3.46\pic18-lt\cxx-framework\src\traditional\proc\p18f4550.asm
                   PCLATH   0x000ffa       data     extern E:\3.46\pic18-lt\cxx-framework\src\traditional\proc\p18f4550.asm
                   PCLATU   0x000ffb       data     extern E:\3.46\pic18-lt\cxx-framework\src\traditional\proc\p18f4550.asm
                     PIE1   0x000f9d       data     extern E:\3.46\pic18-lt\cxx-framework\src\traditional\proc\p18f4550.asm
                 PIE1bits   0x000f9d       data     extern E:\3.46\pic18-lt\cxx-framework\src\traditional\proc\p18f4550.asm
                     PIE2   0x000fa0       data     extern E:\3.46\pic18-lt\cxx-framework\src\traditional\proc\p18f4550.asm
                 PIE2bits   0x000fa0       data     extern E:\3.46\pic18-lt\cxx-framework\src\traditional\proc\p18f4550.asm
                     PIR1   0x000f9e       data     extern E:\3.46\pic18-lt\cxx-framework\src\traditional\proc\p18f4550.asm
                 PIR1bits   0x000f9e       data     extern E:\3.46\pic18-lt\cxx-framework\src\traditional\proc\p18f4550.asm
                     PIR2   0x000fa1       data     extern E:\3.46\pic18-lt\cxx-framework\src\traditional\proc\p18f4550.asm
                 PIR2bits   0x000fa1       data     extern E:\3.46\pic18-lt\cxx-framework\src\traditional\proc\p18f4550.asm
                   PLUSW0   0x000feb       data     extern E:\3.46\pic18-lt\cxx-framework\src\traditional\proc\p18f4550.asm
                   PLUSW1   0x000fe3       data     extern E:\3.46\pic18-lt\cxx-framework\src\traditional\proc\p18f4550.asm
                   PLUSW2   0x000fdb       data     extern E:\3.46\pic18-lt\cxx-framework\src\traditional\proc\p18f4550.asm
                    PORTA   0x000f80       data     extern E:\3.46\pic18-lt\cxx-framework\src\traditional\proc\p18f4550.asm
                PORTAbits   0x000f80       data     extern E:\3.46\pic18-lt\cxx-framework\src\traditional\proc\p18f4550.asm
                    PORTB   0x000f81       data     extern E:\3.46\pic18-lt\cxx-framework\src\traditional\proc\p18f4550.asm
                PORTBbits   0x000f81       data     extern E:\3.46\pic18-lt\cxx-framework\src\traditional\proc\p18f4550.asm
                    PORTC   0x000f82       data     extern E:\3.46\pic18-lt\cxx-framework\src\traditional\proc\p18f4550.asm
                PORTCbits   0x000f82       data     extern E:\3.46\pic18-lt\cxx-framework\src\traditional\proc\p18f4550.asm
                    PORTD   0x000f83       data     extern E:\3.46\pic18-lt\cxx-framework\src\traditional\proc\p18f4550.asm
                PORTDbits   0x000f83       data     extern E:\3.46\pic18-lt\cxx-framework\src\traditional\proc\p18f4550.asm
                    PORTE   0x000f84       data     extern E:\3.46\pic18-lt\cxx-framework\src\traditional\proc\p18f4550.asm
                PORTEbits   0x000f84       data     extern E:\3.46\pic18-lt\cxx-framework\src\traditional\proc\p18f4550.asm
                 POSTDEC0   0x000fed       data     extern E:\3.46\pic18-lt\cxx-framework\src\traditional\proc\p18f4550.asm
                 POSTDEC1   0x000fe5       data     extern E:\3.46\pic18-lt\cxx-framework\src\traditional\proc\p18f4550.asm
                 POSTDEC2   0x000fdd       data     extern E:\3.46\pic18-lt\cxx-framework\src\traditional\proc\p18f4550.asm
                 POSTINC0   0x000fee       data     extern E:\3.46\pic18-lt\cxx-framework\src\traditional\proc\p18f4550.asm
                 POSTINC1   0x000fe6       data     extern E:\3.46\pic18-lt\cxx-framework\src\traditional\proc\p18f4550.asm
                 POSTINC2   0x000fde       data     extern E:\3.46\pic18-lt\cxx-framework\src\traditional\proc\p18f4550.asm
                      PR2   0x000fcb       data     extern E:\3.46\pic18-lt\cxx-framework\src\traditional\proc\p18f4550.asm
                  PREINC0   0x000fec       data     extern E:\3.46\pic18-lt\cxx-framework\src\traditional\proc\p18f4550.asm
                  PREINC1   0x000fe4       data     extern E:\3.46\pic18-lt\cxx-framework\src\traditional\proc\p18f4550.asm
                  PREINC2   0x000fdc       data     extern E:\3.46\pic18-lt\cxx-framework\src\traditional\proc\p18f4550.asm
                     PROD   0x000ff3       data     extern E:\3.46\pic18-lt\cxx-framework\src\traditional\proc\p18f4550.asm
                    PRODH   0x000ff4       data     extern E:\3.46\pic18-lt\cxx-framework\src\traditional\proc\p18f4550.asm
                    PRODL   0x000ff3       data     extern E:\3.46\pic18-lt\cxx-framework\src\traditional\proc\p18f4550.asm
                     RCON   0x000fd0       data     extern E:\3.46\pic18-lt\cxx-framework\src\traditional\proc\p18f4550.asm
                 RCONbits   0x000fd0       data     extern E:\3.46\pic18-lt\cxx-framework\src\traditional\proc\p18f4550.asm
                    RCREG   0x000fae       data     extern E:\3.46\pic18-lt\cxx-framework\src\traditional\proc\p18f4550.asm
                    RCSTA   0x000fab       data     extern E:\3.46\pic18-lt\cxx-framework\src\traditional\proc\p18f4550.asm
                RCSTAbits   0x000fab       data     extern E:\3.46\pic18-lt\cxx-framework\src\traditional\proc\p18f4550.asm
                     SIGN   0x000000       data     extern E:\3.46\pic18-lt\cxx-framework\src\traditional\math\cmath18.asm
                    SPBRG   0x000faf       data     extern E:\3.46\pic18-lt\cxx-framework\src\traditional\proc\p18f4550.asm
                   SPBRGH   0x000fb0       data     extern E:\3.46\pic18-lt\cxx-framework\src\traditional\proc\p18f4550.asm
                   SPPCFG   0x000f63       data     extern E:\3.46\pic18-lt\cxx-framework\src\traditional\proc\p18f4550.asm
               SPPCFGbits   0x000f63       data     extern E:\3.46\pic18-lt\cxx-framework\src\traditional\proc\p18f4550.asm
                   SPPCON   0x000f65       data     extern E:\3.46\pic18-lt\cxx-framework\src\traditional\proc\p18f4550.asm
               SPPCONbits   0x000f65       data     extern E:\3.46\pic18-lt\cxx-framework\src\traditional\proc\p18f4550.asm
                  SPPDATA   0x000f62       data     extern E:\3.46\pic18-lt\cxx-framework\src\traditional\proc\p18f4550.asm
                   SPPEPS   0x000f64       data     extern E:\3.46\pic18-lt\cxx-framework\src\traditional\proc\p18f4550.asm
               SPPEPSbits   0x000f64       data     extern E:\3.46\pic18-lt\cxx-framework\src\traditional\proc\p18f4550.asm
                   SSPADD   0x000fc8       data     extern E:\3.46\pic18-lt\cxx-framework\src\traditional\proc\p18f4550.asm
                   SSPBUF   0x000fc9       data     extern E:\3.46\pic18-lt\cxx-framework\src\traditional\proc\p18f4550.asm
                  SSPCON1   0x000fc6       data     extern E:\3.46\pic18-lt\cxx-framework\src\traditional\proc\p18f4550.asm
              SSPCON1bits   0x000fc6       data     extern E:\3.46\pic18-lt\cxx-framework\src\traditional\proc\p18f4550.asm
                  SSPCON2   0x000fc5       data     extern E:\3.46\pic18-lt\cxx-framework\src\traditional\proc\p18f4550.asm
              SSPCON2bits   0x000fc5       data     extern E:\3.46\pic18-lt\cxx-framework\src\traditional\proc\p18f4550.asm
                  SSPSTAT   0x000fc7       data     extern E:\3.46\pic18-lt\cxx-framework\src\traditional\proc\p18f4550.asm
              SSPSTATbits   0x000fc7       data     extern E:\3.46\pic18-lt\cxx-framework\src\traditional\proc\p18f4550.asm
                   STATUS   0x000fd8       data     extern E:\3.46\pic18-lt\cxx-framework\src\traditional\proc\p18f4550.asm
               STATUSbits   0x000fd8       data     extern E:\3.46\pic18-lt\cxx-framework\src\traditional\proc\p18f4550.asm
                   STKPTR   0x000ffc       data     extern E:\3.46\pic18-lt\cxx-framework\src\traditional\proc\p18f4550.asm
               STKPTRbits   0x000ffc       data     extern E:\3.46\pic18-lt\cxx-framework\src\traditional\proc\p18f4550.asm
                    T0CON   0x000fd5       data     extern E:\3.46\pic18-lt\cxx-framework\src\traditional\proc\p18f4550.asm
                T0CONbits   0x000fd5       data     extern E:\3.46\pic18-lt\cxx-framework\src\traditional\proc\p18f4550.asm
                    T1CON   0x000fcd       data     extern E:\3.46\pic18-lt\cxx-framework\src\traditional\proc\p18f4550.asm
                T1CONbits   0x000fcd       data     extern E:\3.46\pic18-lt\cxx-framework\src\traditional\proc\p18f4550.asm
                    T2CON   0x000fca       data     extern E:\3.46\pic18-lt\cxx-framework\src\traditional\proc\p18f4550.asm
                T2CONbits   0x000fca       data     extern E:\3.46\pic18-lt\cxx-framework\src\traditional\proc\p18f4550.asm
                    T3CON   0x000fb1       data     extern E:\3.46\pic18-lt\cxx-framework\src\traditional\proc\p18f4550.asm
                T3CONbits   0x000fb1       data     extern E:\3.46\pic18-lt\cxx-framework\src\traditional\proc\p18f4550.asm
                   TABLAT   0x000ff5       data     extern E:\3.46\pic18-lt\cxx-framework\src\traditional\proc\p18f4550.asm
                   TBLPTR   0x000ff6       data     extern E:\3.46\pic18-lt\cxx-framework\src\traditional\proc\p18f4550.asm
                  TBLPTRH   0x000ff7       data     extern E:\3.46\pic18-lt\cxx-framework\src\traditional\proc\p18f4550.asm
                  TBLPTRL   0x000ff6       data     extern E:\3.46\pic18-lt\cxx-framework\src\traditional\proc\p18f4550.asm
                  TBLPTRU   0x000ff8       data     extern E:\3.46\pic18-lt\cxx-framework\src\traditional\proc\p18f4550.asm
                    TMR0H   0x000fd7       data     extern E:\3.46\pic18-lt\cxx-framework\src\traditional\proc\p18f4550.asm
                    TMR0L   0x000fd6       data     extern E:\3.46\pic18-lt\cxx-framework\src\traditional\proc\p18f4550.asm
                    TMR1H   0x000fcf       data     extern E:\3.46\pic18-lt\cxx-framework\src\traditional\proc\p18f4550.asm
                    TMR1L   0x000fce       data     extern E:\3.46\pic18-lt\cxx-framework\src\traditional\proc\p18f4550.asm
                     TMR2   0x000fcc       data     extern E:\3.46\pic18-lt\cxx-framework\src\traditional\proc\p18f4550.asm
                    TMR3H   0x000fb3       data     extern E:\3.46\pic18-lt\cxx-framework\src\traditional\proc\p18f4550.asm
                    TMR3L   0x000fb2       data     extern E:\3.46\pic18-lt\cxx-framework\src\traditional\proc\p18f4550.asm
                      TOS   0x000ffd       data     extern E:\3.46\pic18-lt\cxx-framework\src\traditional\proc\p18f4550.asm
                     TOSH   0x000ffe       data     extern E:\3.46\pic18-lt\cxx-framework\src\traditional\proc\p18f4550.asm
                     TOSL   0x000ffd       data     extern E:\3.46\pic18-lt\cxx-framework\src\traditional\proc\p18f4550.asm
                     TOSU   0x000fff       data     extern E:\3.46\pic18-lt\cxx-framework\src\traditional\proc\p18f4550.asm
                    TRISA   0x000f92       data     extern E:\3.46\pic18-lt\cxx-framework\src\traditional\proc\p18f4550.asm
                TRISAbits   0x000f92       data     extern E:\3.46\pic18-lt\cxx-framework\src\traditional\proc\p18f4550.asm
                    TRISB   0x000f93       data     extern E:\3.46\pic18-lt\cxx-framework\src\traditional\proc\p18f4550.asm
                TRISBbits   0x000f93       data     extern E:\3.46\pic18-lt\cxx-framework\src\traditional\proc\p18f4550.asm
                    TRISC   0x000f94       data     extern E:\3.46\pic18-lt\cxx-framework\src\traditional\proc\p18f4550.asm
                TRISCbits   0x000f94       data     extern E:\3.46\pic18-lt\cxx-framework\src\traditional\proc\p18f4550.asm
                    TRISD   0x000f95       data     extern E:\3.46\pic18-lt\cxx-framework\src\traditional\proc\p18f4550.asm
                TRISDbits   0x000f95       data     extern E:\3.46\pic18-lt\cxx-framework\src\traditional\proc\p18f4550.asm
                    TRISE   0x000f96       data     extern E:\3.46\pic18-lt\cxx-framework\src\traditional\proc\p18f4550.asm
                TRISEbits   0x000f96       data     extern E:\3.46\pic18-lt\cxx-framework\src\traditional\proc\p18f4550.asm
                    TXREG   0x000fad       data     extern E:\3.46\pic18-lt\cxx-framework\src\traditional\proc\p18f4550.asm
                    TXSTA   0x000fac       data     extern E:\3.46\pic18-lt\cxx-framework\src\traditional\proc\p18f4550.asm
                TXSTAbits   0x000fac       data     extern E:\3.46\pic18-lt\cxx-framework\src\traditional\proc\p18f4550.asm
                    UADDR   0x000f6e       data     extern E:\3.46\pic18-lt\cxx-framework\src\traditional\proc\p18f4550.asm
                UADDRbits   0x000f6e       data     extern E:\3.46\pic18-lt\cxx-framework\src\traditional\proc\p18f4550.asm
                     UCFG   0x000f6f       data     extern E:\3.46\pic18-lt\cxx-framework\src\traditional\proc\p18f4550.asm
                 UCFGbits   0x000f6f       data     extern E:\3.46\pic18-lt\cxx-framework\src\traditional\proc\p18f4550.asm
                     UCON   0x000f6d       data     extern E:\3.46\pic18-lt\cxx-framework\src\traditional\proc\p18f4550.asm
                 UCONbits   0x000f6d       data     extern E:\3.46\pic18-lt\cxx-framework\src\traditional\proc\p18f4550.asm
                     UEIE   0x000f6b       data     extern E:\3.46\pic18-lt\cxx-framework\src\traditional\proc\p18f4550.asm
                 UEIEbits   0x000f6b       data     extern E:\3.46\pic18-lt\cxx-framework\src\traditional\proc\p18f4550.asm
                     UEIR   0x000f6a       data     extern E:\3.46\pic18-lt\cxx-framework\src\traditional\proc\p18f4550.asm
                 UEIRbits   0x000f6a       data     extern E:\3.46\pic18-lt\cxx-framework\src\traditional\proc\p18f4550.asm
                     UEP0   0x000f70       data     extern E:\3.46\pic18-lt\cxx-framework\src\traditional\proc\p18f4550.asm
                 UEP0bits   0x000f70       data     extern E:\3.46\pic18-lt\cxx-framework\src\traditional\proc\p18f4550.asm
                     UEP1   0x000f71       data     extern E:\3.46\pic18-lt\cxx-framework\src\traditional\proc\p18f4550.asm
                    UEP10   0x000f7a       data     extern E:\3.46\pic18-lt\cxx-framework\src\traditional\proc\p18f4550.asm
                UEP10bits   0x000f7a       data     extern E:\3.46\pic18-lt\cxx-framework\src\traditional\proc\p18f4550.asm
                    UEP11   0x000f7b       data     extern E:\3.46\pic18-lt\cxx-framework\src\traditional\proc\p18f4550.asm
                UEP11bits   0x000f7b       data     extern E:\3.46\pic18-lt\cxx-framework\src\traditional\proc\p18f4550.asm
                    UEP12   0x000f7c       data     extern E:\3.46\pic18-lt\cxx-framework\src\traditional\proc\p18f4550.asm
                UEP12bits   0x000f7c       data     extern E:\3.46\pic18-lt\cxx-framework\src\traditional\proc\p18f4550.asm
                    UEP13   0x000f7d       data     extern E:\3.46\pic18-lt\cxx-framework\src\traditional\proc\p18f4550.asm
                UEP13bits   0x000f7d       data     extern E:\3.46\pic18-lt\cxx-framework\src\traditional\proc\p18f4550.asm
                    UEP14   0x000f7e       data     extern E:\3.46\pic18-lt\cxx-framework\src\traditional\proc\p18f4550.asm
                UEP14bits   0x000f7e       data     extern E:\3.46\pic18-lt\cxx-framework\src\traditional\proc\p18f4550.asm
                    UEP15   0x000f7f       data     extern E:\3.46\pic18-lt\cxx-framework\src\traditional\proc\p18f4550.asm
                UEP15bits   0x000f7f       data     extern E:\3.46\pic18-lt\cxx-framework\src\traditional\proc\p18f4550.asm
                 UEP1bits   0x000f71       data     extern E:\3.46\pic18-lt\cxx-framework\src\traditional\proc\p18f4550.asm
                     UEP2   0x000f72       data     extern E:\3.46\pic18-lt\cxx-framework\src\traditional\proc\p18f4550.asm
                 UEP2bits   0x000f72       data     extern E:\3.46\pic18-lt\cxx-framework\src\traditional\proc\p18f4550.asm
                     UEP3   0x000f73       data     extern E:\3.46\pic18-lt\cxx-framework\src\traditional\proc\p18f4550.asm
                 UEP3bits   0x000f73       data     extern E:\3.46\pic18-lt\cxx-framework\src\traditional\proc\p18f4550.asm
                     UEP4   0x000f74       data     extern E:\3.46\pic18-lt\cxx-framework\src\traditional\proc\p18f4550.asm
                 UEP4bits   0x000f74       data     extern E:\3.46\pic18-lt\cxx-framework\src\traditional\proc\p18f4550.asm
                     UEP5   0x000f75       data     extern E:\3.46\pic18-lt\cxx-framework\src\traditional\proc\p18f4550.asm
                 UEP5bits   0x000f75       data     extern E:\3.46\pic18-lt\cxx-framework\src\traditional\proc\p18f4550.asm
                     UEP6   0x000f76       data     extern E:\3.46\pic18-lt\cxx-framework\src\traditional\proc\p18f4550.asm
                 UEP6bits   0x000f76       data     extern E:\3.46\pic18-lt\cxx-framework\src\traditional\proc\p18f4550.asm
                     UEP7   0x000f77       data     extern E:\3.46\pic18-lt\cxx-framework\src\traditional\proc\p18f4550.asm
                 UEP7bits   0x000f77       data     extern E:\3.46\pic18-lt\cxx-framework\src\traditional\proc\p18f4550.asm
                     UEP8   0x000f78       data     extern E:\3.46\pic18-lt\cxx-framework\src\traditional\proc\p18f4550.asm
                 UEP8bits   0x000f78       data     extern E:\3.46\pic18-lt\cxx-framework\src\traditional\proc\p18f4550.asm
                     UEP9   0x000f79       data     extern E:\3.46\pic18-lt\cxx-framework\src\traditional\proc\p18f4550.asm
                 UEP9bits   0x000f79       data     extern E:\3.46\pic18-lt\cxx-framework\src\traditional\proc\p18f4550.asm
                     UFRM   0x000f66       data     extern E:\3.46\pic18-lt\cxx-framework\src\traditional\proc\p18f4550.asm
                    UFRMH   0x000f67       data     extern E:\3.46\pic18-lt\cxx-framework\src\traditional\proc\p18f4550.asm
                UFRMHbits   0x000f67       data     extern E:\3.46\pic18-lt\cxx-framework\src\traditional\proc\p18f4550.asm
                    UFRML   0x000f66       data     extern E:\3.46\pic18-lt\cxx-framework\src\traditional\proc\p18f4550.asm
                UFRMLbits   0x000f66       data     extern E:\3.46\pic18-lt\cxx-framework\src\traditional\proc\p18f4550.asm
                      UIE   0x000f69       data     extern E:\3.46\pic18-lt\cxx-framework\src\traditional\proc\p18f4550.asm
                  UIEbits   0x000f69       data     extern E:\3.46\pic18-lt\cxx-framework\src\traditional\proc\p18f4550.asm
                      UIR   0x000f68       data     extern E:\3.46\pic18-lt\cxx-framework\src\traditional\proc\p18f4550.asm
                  UIRbits   0x000f68       data     extern E:\3.46\pic18-lt\cxx-framework\src\traditional\proc\p18f4550.asm
                    USTAT   0x000f6c       data     extern E:\3.46\pic18-lt\cxx-framework\src\traditional\proc\p18f4550.asm
                USTATbits   0x000f6c       data     extern E:\3.46\pic18-lt\cxx-framework\src\traditional\proc\p18f4550.asm
                     VAN0   0x00009f       data     extern C:\Users\Scope11\Documents\Algoritmos-e-Programacao\2024_01\Proteus\ProjetoPIC18F4550\displayLCDv1-4\config.c
                   WDTCON   0x000fd1       data     extern E:\3.46\pic18-lt\cxx-framework\src\traditional\proc\p18f4550.asm
               WDTCONbits   0x000fd1       data     extern E:\3.46\pic18-lt\cxx-framework\src\traditional\proc\p18f4550.asm
                     WREG   0x000fe8       data     extern E:\3.46\pic18-lt\cxx-framework\src\traditional\proc\p18f4550.asm
                 __AARGB0   0x000009       data     extern E:\3.46\pic18-lt\cxx-framework\src\traditional\math\aarg.asm
                 __AARGB1   0x000008       data     extern E:\3.46\pic18-lt\cxx-framework\src\traditional\math\aarg.asm
                 __AARGB2   0x000007       data     extern E:\3.46\pic18-lt\cxx-framework\src\traditional\math\aarg.asm
                 __AARGB3   0x000006       data     extern E:\3.46\pic18-lt\cxx-framework\src\traditional\math\aarg.asm
                 __AARGB4   0x000005       data     extern E:\3.46\pic18-lt\cxx-framework\src\traditional\math\aarg.asm
                 __AARGB5   0x000004       data     extern E:\3.46\pic18-lt\cxx-framework\src\traditional\math\aarg.asm
                 __AARGB6   0x000003       data     extern E:\3.46\pic18-lt\cxx-framework\src\traditional\math\aarg.asm
                 __AARGB7   0x000002       data     extern E:\3.46\pic18-lt\cxx-framework\src\traditional\math\aarg.asm
                   __AEXP   0x00000a       data     extern E:\3.46\pic18-lt\cxx-framework\src\traditional\math\aarg.asm
                 __BARGB0   0x00000e       data     extern E:\3.46\pic18-lt\cxx-framework\src\traditional\math\barg.asm
                 __BARGB1   0x00000d       data     extern E:\3.46\pic18-lt\cxx-framework\src\traditional\math\barg.asm
                 __BARGB2   0x00000c       data     extern E:\3.46\pic18-lt\cxx-framework\src\traditional\math\barg.asm
                 __BARGB3   0x00000b       data     extern E:\3.46\pic18-lt\cxx-framework\src\traditional\math\barg.asm
                   __BEXP   0x00000f       data     extern E:\3.46\pic18-lt\cxx-framework\src\traditional\math\barg.asm
                __FPFLAGS   0x000001       data     extern E:\3.46\pic18-lt\cxx-framework\src\traditional\math\cmath18.asm
            __FPFLAGSbits   0x000001       data     extern E:\3.46\pic18-lt\cxx-framework\src\traditional\math\cmath18.asm
                  __REMB0   0x000005       data     extern E:\3.46\pic18-lt\cxx-framework\src\traditional\math\aarg.asm
                  __REMB1   0x000004       data     extern E:\3.46\pic18-lt\cxx-framework\src\traditional\math\aarg.asm
                  __REMB2   0x000003       data     extern E:\3.46\pic18-lt\cxx-framework\src\traditional\math\aarg.asm
                  __REMB3   0x000002       data     extern E:\3.46\pic18-lt\cxx-framework\src\traditional\math\aarg.asm
                  __tmp_0   0x000010       data     static C:\Users\Scope11\Documents\Algoritmos-e-Programacao\2024_01\Proteus\ProjetoPIC18F4550\displayLCDv1-4\main.c
              boas_vindas   0x000060       data     extern C:\Users\Scope11\Documents\Algoritmos-e-Programacao\2024_01\Proteus\ProjetoPIC18F4550\displayLCDv1-4\mascaras.c
                   coluna   0x00006b       data     extern C:\Users\Scope11\Documents\Algoritmos-e-Programacao\2024_01\Proteus\ProjetoPIC18F4550\displayLCDv1-4\config.c
                curr_byte   0x000096       data     static E:\3.46\pic18-lt\cxx-framework\src\traditional\startup\c018i.c
               curr_entry   0x000098       data     static E:\3.46\pic18-lt\cxx-framework\src\traditional\startup\c018i.c
           cursor_visivel   0x00006d       data     extern C:\Users\Scope11\Documents\Algoritmos-e-Programacao\2024_01\Proteus\ProjetoPIC18F4550\displayLCDv1-4\config.c
                 data_ptr   0x00009a       data     static E:\3.46\pic18-lt\cxx-framework\src\traditional\startup\c018i.c
                     dias   0x000082       data     extern C:\Users\Scope11\Documents\Algoritmos-e-Programacao\2024_01\Proteus\ProjetoPIC18F4550\displayLCDv1-4\config.c
      estado_anterior_btn   0x000061       data     extern C:\Users\Scope11\Documents\Algoritmos-e-Programacao\2024_01\Proteus\ProjetoPIC18F4550\displayLCDv1-4\config.c
               estado_btn   0x00009d       data     extern C:\Users\Scope11\Documents\Algoritmos-e-Programacao\2024_01\Proteus\ProjetoPIC18F4550\displayLCDv1-4\config.c
                   faixas   0x000075       data     extern C:\Users\Scope11\Documents\Algoritmos-e-Programacao\2024_01\Proteus\ProjetoPIC18F4550\displayLCDv1-4\config.c
                 flag_btn   0x000066       data     extern C:\Users\Scope11\Documents\Algoritmos-e-Programacao\2024_01\Proteus\ProjetoPIC18F4550\displayLCDv1-4\config.c
                    hours   0x000081       data     extern C:\Users\Scope11\Documents\Algoritmos-e-Programacao\2024_01\Proteus\ProjetoPIC18F4550\displayLCDv1-4\config.c
                   indice   0x00006e       data     extern C:\Users\Scope11\Documents\Algoritmos-e-Programacao\2024_01\Proteus\ProjetoPIC18F4550\displayLCDv1-4\config.c
                    linha   0x00006c       data     extern C:\Users\Scope11\Documents\Algoritmos-e-Programacao\2024_01\Proteus\ProjetoPIC18F4550\displayLCDv1-4\config.c
                     mins   0x000080       data     extern C:\Users\Scope11\Documents\Algoritmos-e-Programacao\2024_01\Proteus\ProjetoPIC18F4550\displayLCDv1-4\config.c
                     prom   0x000093       data     static E:\3.46\pic18-lt\cxx-framework\src\traditional\startup\c018i.c
                  relogio   0x000083       data     extern C:\Users\Scope11\Documents\Algoritmos-e-Programacao\2024_01\Proteus\ProjetoPIC18F4550\displayLCDv1-4\config.c
                     sair   0x00009e       data     extern C:\Users\Scope11\Documents\Algoritmos-e-Programacao\2024_01\Proteus\ProjetoPIC18F4550\displayLCDv1-4\config.c
                     secs   0x00007f       data     extern C:\Users\Scope11\Documents\Algoritmos-e-Programacao\2024_01\Proteus\ProjetoPIC18F4550\displayLCDv1-4\config.c
        sprays_capacidade   0x000071       data     extern C:\Users\Scope11\Documents\Algoritmos-e-Programacao\2024_01\Proteus\ProjetoPIC18F4550\displayLCDv1-4\config.c
         sprays_utilizado   0x000073       data     extern C:\Users\Scope11\Documents\Algoritmos-e-Programacao\2024_01\Proteus\ProjetoPIC18F4550\displayLCDv1-4\config.c
                   status   0x00006f       data     extern C:\Users\Scope11\Documents\Algoritmos-e-Programacao\2024_01\Proteus\ProjetoPIC18F4550\displayLCDv1-4\config.c
           variavel_teste   0x000091       data     extern C:\Users\Scope11\Documents\Algoritmos-e-Programacao\2024_01\Proteus\ProjetoPIC18F4550\displayLCDv1-4\config.c



                              Symbols - Sorted by Address
                     Name    Address   Location    Storage File                     
                ---------  ---------  ---------  --------- ---------                
                   _entry   0x000000    program     extern E:\3.46\pic18-lt\cxx-framework\src\traditional\startup\c018i.c
       ___return_lbl00000   0x000004    program     static                          
                   __init   0x000006    program     extern E:\3.46\pic18-lt\cxx-framework\src\traditional\stdclib\__init.c
 interrupt_at_high_vector   0x000008    program     extern C:\Users\Scope11\Documents\Algoritmos-e-Programacao\2024_01\Proteus\ProjetoPIC18F4550\displayLCDv1-4\funcoes.c
       ___return_lbl00042   0x00000c    program     static                          
               cmdLCD_i2c   0x00001c    program     extern C:\Users\Scope11\Documents\Algoritmos-e-Programacao\2024_01\Proteus\ProjetoPIC18F4550\displayLCDv1-4\lcd_i2c.h
              StartLCDi2c   0x0000d2    program     extern C:\Users\Scope11\Documents\Algoritmos-e-Programacao\2024_01\Proteus\ProjetoPIC18F4550\displayLCDv1-4\lcd_i2c.h
         printCharLCD_i2c   0x000132    program     extern C:\Users\Scope11\Documents\Algoritmos-e-Programacao\2024_01\Proteus\ProjetoPIC18F4550\displayLCDv1-4\lcd_i2c.h
       printStringLCD_i2c   0x0001e8    program     extern C:\Users\Scope11\Documents\Algoritmos-e-Programacao\2024_01\Proteus\ProjetoPIC18F4550\displayLCDv1-4\lcd_i2c.h
                 lenShort   0x00022c    program     extern C:\Users\Scope11\Documents\Algoritmos-e-Programacao\2024_01\Proteus\ProjetoPIC18F4550\displayLCDv1-4\lcd_i2c.h
        printShortLCD_i2c   0x000298    program     extern C:\Users\Scope11\Documents\Algoritmos-e-Programacao\2024_01\Proteus\ProjetoPIC18F4550\displayLCDv1-4\lcd_i2c.h
         setCursorLCD_i2c   0x00036e    program     extern C:\Users\Scope11\Documents\Algoritmos-e-Programacao\2024_01\Proteus\ProjetoPIC18F4550\displayLCDv1-4\lcd_i2c.h
                 maskInit   0x0003ce    program     extern C:\Users\Scope11\Documents\Algoritmos-e-Programacao\2024_01\Proteus\ProjetoPIC18F4550\displayLCDv1-4\mascaras.c
        maskMonitoramento   0x0004bc    program     extern C:\Users\Scope11\Documents\Algoritmos-e-Programacao\2024_01\Proteus\ProjetoPIC18F4550\displayLCDv1-4\mascaras.c
          maskPurificador   0x000512    program     extern C:\Users\Scope11\Documents\Algoritmos-e-Programacao\2024_01\Proteus\ProjetoPIC18F4550\displayLCDv1-4\mascaras.c
              maskMotores   0x000568    program     extern C:\Users\Scope11\Documents\Algoritmos-e-Programacao\2024_01\Proteus\ProjetoPIC18F4550\displayLCDv1-4\mascaras.c
              maskRelogio   0x0005be    program     extern C:\Users\Scope11\Documents\Algoritmos-e-Programacao\2024_01\Proteus\ProjetoPIC18F4550\displayLCDv1-4\mascaras.c
               bateriaLow   0x00062e    program     extern C:\Users\Scope11\Documents\Algoritmos-e-Programacao\2024_01\Proteus\ProjetoPIC18F4550\displayLCDv1-4\mascaras.c
                     cat1   0x000678    program     extern C:\Users\Scope11\Documents\Algoritmos-e-Programacao\2024_01\Proteus\ProjetoPIC18F4550\displayLCDv1-4\mascaras.c
                     cat2   0x0006bc    program     extern C:\Users\Scope11\Documents\Algoritmos-e-Programacao\2024_01\Proteus\ProjetoPIC18F4550\displayLCDv1-4\mascaras.c
           loadCaracteres   0x000700    program     extern C:\Users\Scope11\Documents\Algoritmos-e-Programacao\2024_01\Proteus\ProjetoPIC18F4550\displayLCDv1-4\mascaras.c
               menuSelect   0x000708    program     extern C:\Users\Scope11\Documents\Algoritmos-e-Programacao\2024_01\Proteus\ProjetoPIC18F4550\displayLCDv1-4\funcoes.c
               paginaHome   0x00074a    program     extern C:\Users\Scope11\Documents\Algoritmos-e-Programacao\2024_01\Proteus\ProjetoPIC18F4550\displayLCDv1-4\funcoes.c
cabecalhoPaginaConfiguracoes   0x00077e    program     extern C:\Users\Scope11\Documents\Algoritmos-e-Programacao\2024_01\Proteus\ProjetoPIC18F4550\displayLCDv1-4\funcoes.c
      paginaConfiguracoes   0x0007cc    program     extern C:\Users\Scope11\Documents\Algoritmos-e-Programacao\2024_01\Proteus\ProjetoPIC18F4550\displayLCDv1-4\funcoes.c
      paginaMonitoramento   0x000890    program     extern C:\Users\Scope11\Documents\Algoritmos-e-Programacao\2024_01\Proteus\ProjetoPIC18F4550\displayLCDv1-4\funcoes.c
              paginaSobre   0x0008f4    program     extern C:\Users\Scope11\Documents\Algoritmos-e-Programacao\2024_01\Proteus\ProjetoPIC18F4550\displayLCDv1-4\funcoes.c
             configSprays   0x000972    program     extern C:\Users\Scope11\Documents\Algoritmos-e-Programacao\2024_01\Proteus\ProjetoPIC18F4550\displayLCDv1-4\funcoes.c
            configMotores   0x000abe    program     extern C:\Users\Scope11\Documents\Algoritmos-e-Programacao\2024_01\Proteus\ProjetoPIC18F4550\displayLCDv1-4\funcoes.c
            configRelogio   0x000c08    program     extern C:\Users\Scope11\Documents\Algoritmos-e-Programacao\2024_01\Proteus\ProjetoPIC18F4550\displayLCDv1-4\funcoes.c
      configuracoesSelect   0x000d52    program     extern C:\Users\Scope11\Documents\Algoritmos-e-Programacao\2024_01\Proteus\ProjetoPIC18F4550\displayLCDv1-4\funcoes.c
        TelaInicializacao   0x000d7e    program     extern C:\Users\Scope11\Documents\Algoritmos-e-Programacao\2024_01\Proteus\ProjetoPIC18F4550\displayLCDv1-4\funcoes.c
              piscaCursor   0x000e22    program     extern C:\Users\Scope11\Documents\Algoritmos-e-Programacao\2024_01\Proteus\ProjetoPIC18F4550\displayLCDv1-4\funcoes.c
           atualizaIndice   0x000e40    program     extern C:\Users\Scope11\Documents\Algoritmos-e-Programacao\2024_01\Proteus\ProjetoPIC18F4550\displayLCDv1-4\funcoes.c
       atualizaIndiceInfo   0x000e7a    program     extern C:\Users\Scope11\Documents\Algoritmos-e-Programacao\2024_01\Proteus\ProjetoPIC18F4550\displayLCDv1-4\funcoes.c
atualizaIndiceConfiguracoes   0x000e9e    program     extern C:\Users\Scope11\Documents\Algoritmos-e-Programacao\2024_01\Proteus\ProjetoPIC18F4550\displayLCDv1-4\funcoes.c
         atualizaSensores   0x000ec2    program     extern C:\Users\Scope11\Documents\Algoritmos-e-Programacao\2024_01\Proteus\ProjetoPIC18F4550\displayLCDv1-4\funcoes.c
          atualizaMotores   0x000fb4    program     extern C:\Users\Scope11\Documents\Algoritmos-e-Programacao\2024_01\Proteus\ProjetoPIC18F4550\displayLCDv1-4\funcoes.c
        mostraPurificador   0x000fce    program     extern C:\Users\Scope11\Documents\Algoritmos-e-Programacao\2024_01\Proteus\ProjetoPIC18F4550\displayLCDv1-4\funcoes.c
               infoSelect   0x001028    program     extern C:\Users\Scope11\Documents\Algoritmos-e-Programacao\2024_01\Proteus\ProjetoPIC18F4550\displayLCDv1-4\funcoes.c
             lerAnalogico   0x00107e    program     extern C:\Users\Scope11\Documents\Algoritmos-e-Programacao\2024_01\Proteus\ProjetoPIC18F4550\displayLCDv1-4\funcoes.c
                lerBotoes   0x0010bc    program     extern C:\Users\Scope11\Documents\Algoritmos-e-Programacao\2024_01\Proteus\ProjetoPIC18F4550\displayLCDv1-4\funcoes.c
              lerBtnEnter   0x001182    program     extern C:\Users\Scope11\Documents\Algoritmos-e-Programacao\2024_01\Proteus\ProjetoPIC18F4550\displayLCDv1-4\funcoes.c
               lerBtnLeft   0x0011e0    program     extern C:\Users\Scope11\Documents\Algoritmos-e-Programacao\2024_01\Proteus\ProjetoPIC18F4550\displayLCDv1-4\funcoes.c
                 lerBtnUp   0x00123e    program     extern C:\Users\Scope11\Documents\Algoritmos-e-Programacao\2024_01\Proteus\ProjetoPIC18F4550\displayLCDv1-4\funcoes.c
              lerBtnRight   0x00129c    program     extern C:\Users\Scope11\Documents\Algoritmos-e-Programacao\2024_01\Proteus\ProjetoPIC18F4550\displayLCDv1-4\funcoes.c
               lerBtnDown   0x0012fa    program     extern C:\Users\Scope11\Documents\Algoritmos-e-Programacao\2024_01\Proteus\ProjetoPIC18F4550\displayLCDv1-4\funcoes.c
           atualizaBotoes   0x001358    program     extern C:\Users\Scope11\Documents\Algoritmos-e-Programacao\2024_01\Proteus\ProjetoPIC18F4550\displayLCDv1-4\funcoes.c
              resetBotoes   0x00136a    program     extern C:\Users\Scope11\Documents\Algoritmos-e-Programacao\2024_01\Proteus\ProjetoPIC18F4550\displayLCDv1-4\funcoes.c
       convertShortToChar   0x001398    program     extern C:\Users\Scope11\Documents\Algoritmos-e-Programacao\2024_01\Proteus\ProjetoPIC18F4550\displayLCDv1-4\funcoes.c
                 delay_ms   0x0014a0    program     extern C:\Users\Scope11\Documents\Algoritmos-e-Programacao\2024_01\Proteus\ProjetoPIC18F4550\displayLCDv1-4\funcoes.c
       interrupcaoRelogio   0x0014de    program     extern C:\Users\Scope11\Documents\Algoritmos-e-Programacao\2024_01\Proteus\ProjetoPIC18F4550\displayLCDv1-4\funcoes.c
 configInterrupcaoRelogio   0x0015b6    program     extern C:\Users\Scope11\Documents\Algoritmos-e-Programacao\2024_01\Proteus\ProjetoPIC18F4550\displayLCDv1-4\funcoes.c
             configTimer1   0x0015c0    program     extern C:\Users\Scope11\Documents\Algoritmos-e-Programacao\2024_01\Proteus\ProjetoPIC18F4550\displayLCDv1-4\funcoes.c
                setTimer1   0x0015d4    program     extern C:\Users\Scope11\Documents\Algoritmos-e-Programacao\2024_01\Proteus\ProjetoPIC18F4550\displayLCDv1-4\funcoes.c
          atualizaRelogio   0x0015de    program     extern C:\Users\Scope11\Documents\Algoritmos-e-Programacao\2024_01\Proteus\ProjetoPIC18F4550\displayLCDv1-4\funcoes.c
           mostrarRelogio   0x001664    program     extern C:\Users\Scope11\Documents\Algoritmos-e-Programacao\2024_01\Proteus\ProjetoPIC18F4550\displayLCDv1-4\funcoes.c
             setupRelogio   0x00176a    program     extern C:\Users\Scope11\Documents\Algoritmos-e-Programacao\2024_01\Proteus\ProjetoPIC18F4550\displayLCDv1-4\funcoes.c
                     main   0x0018a8    program     extern C:\Users\Scope11\Documents\Algoritmos-e-Programacao\2024_01\Proteus\ProjetoPIC18F4550\displayLCDv1-4\main.c
              __string_41   0x00190e    program     static C:\Users\Scope11\Documents\Algoritmos-e-Programacao\2024_01\Proteus\ProjetoPIC18F4550\displayLCDv1-4\main.c
              __string_40   0x001923    program     static C:\Users\Scope11\Documents\Algoritmos-e-Programacao\2024_01\Proteus\ProjetoPIC18F4550\displayLCDv1-4\main.c
              __string_39   0x001938    program     static C:\Users\Scope11\Documents\Algoritmos-e-Programacao\2024_01\Proteus\ProjetoPIC18F4550\displayLCDv1-4\main.c
              __string_38   0x00194d    program     static C:\Users\Scope11\Documents\Algoritmos-e-Programacao\2024_01\Proteus\ProjetoPIC18F4550\displayLCDv1-4\main.c
              __string_37   0x001962    program     static C:\Users\Scope11\Documents\Algoritmos-e-Programacao\2024_01\Proteus\ProjetoPIC18F4550\displayLCDv1-4\main.c
              __string_36   0x001977    program     static C:\Users\Scope11\Documents\Algoritmos-e-Programacao\2024_01\Proteus\ProjetoPIC18F4550\displayLCDv1-4\main.c
              __string_35   0x00198c    program     static C:\Users\Scope11\Documents\Algoritmos-e-Programacao\2024_01\Proteus\ProjetoPIC18F4550\displayLCDv1-4\main.c
              __string_34   0x0019a1    program     static C:\Users\Scope11\Documents\Algoritmos-e-Programacao\2024_01\Proteus\ProjetoPIC18F4550\displayLCDv1-4\main.c
              __string_33   0x0019b6    program     static C:\Users\Scope11\Documents\Algoritmos-e-Programacao\2024_01\Proteus\ProjetoPIC18F4550\displayLCDv1-4\main.c
              __string_32   0x0019ba    program     static C:\Users\Scope11\Documents\Algoritmos-e-Programacao\2024_01\Proteus\ProjetoPIC18F4550\displayLCDv1-4\main.c
              __string_31   0x0019cf    program     static C:\Users\Scope11\Documents\Algoritmos-e-Programacao\2024_01\Proteus\ProjetoPIC18F4550\displayLCDv1-4\main.c
              __string_30   0x0019e4    program     static C:\Users\Scope11\Documents\Algoritmos-e-Programacao\2024_01\Proteus\ProjetoPIC18F4550\displayLCDv1-4\main.c
              __string_29   0x0019f9    program     static C:\Users\Scope11\Documents\Algoritmos-e-Programacao\2024_01\Proteus\ProjetoPIC18F4550\displayLCDv1-4\main.c
              __string_28   0x001a0e    program     static C:\Users\Scope11\Documents\Algoritmos-e-Programacao\2024_01\Proteus\ProjetoPIC18F4550\displayLCDv1-4\main.c
              __string_27   0x001a23    program     static C:\Users\Scope11\Documents\Algoritmos-e-Programacao\2024_01\Proteus\ProjetoPIC18F4550\displayLCDv1-4\main.c
              __string_26   0x001a38    program     static C:\Users\Scope11\Documents\Algoritmos-e-Programacao\2024_01\Proteus\ProjetoPIC18F4550\displayLCDv1-4\main.c
              __string_25   0x001a4d    program     static C:\Users\Scope11\Documents\Algoritmos-e-Programacao\2024_01\Proteus\ProjetoPIC18F4550\displayLCDv1-4\main.c
              __string_24   0x001a62    program     static C:\Users\Scope11\Documents\Algoritmos-e-Programacao\2024_01\Proteus\ProjetoPIC18F4550\displayLCDv1-4\main.c
              __string_23   0x001a77    program     static C:\Users\Scope11\Documents\Algoritmos-e-Programacao\2024_01\Proteus\ProjetoPIC18F4550\displayLCDv1-4\main.c
              __string_22   0x001a8c    program     static C:\Users\Scope11\Documents\Algoritmos-e-Programacao\2024_01\Proteus\ProjetoPIC18F4550\displayLCDv1-4\main.c
[...]
                TRISCbits   0x000f94       data     extern E:\3.46\pic18-lt\cxx-framework\src\traditional\proc\p18f4550.asm
                     DDRC   0x000f94       data     extern E:\3.46\pic18-lt\cxx-framework\src\traditional\proc\p18f4550.asm
                 DDRCbits   0x000f94       data     extern E:\3.46\pic18-lt\cxx-framework\src\traditional\proc\p18f4550.asm
                     DDRD   0x000f95       data     extern E:\3.46\pic18-lt\cxx-framework\src\traditional\proc\p18f4550.asm
                 DDRDbits   0x000f95       data     extern E:\3.46\pic18-lt\cxx-framework\src\traditional\proc\p18f4550.asm
                    TRISD   0x000f95       data     extern E:\3.46\pic18-lt\cxx-framework\src\traditional\proc\p18f4550.asm
                TRISDbits   0x000f95       data     extern E:\3.46\pic18-lt\cxx-framework\src\traditional\proc\p18f4550.asm
                     DDRE   0x000f96       data     extern E:\3.46\pic18-lt\cxx-framework\src\traditional\proc\p18f4550.asm
                 DDREbits   0x000f96       data     extern E:\3.46\pic18-lt\cxx-framework\src\traditional\proc\p18f4550.asm
                    TRISE   0x000f96       data     extern E:\3.46\pic18-lt\cxx-framework\src\traditional\proc\p18f4550.asm
                TRISEbits   0x000f96       data     extern E:\3.46\pic18-lt\cxx-framework\src\traditional\proc\p18f4550.asm
                  OSCTUNE   0x000f9b       data     extern E:\3.46\pic18-lt\cxx-framework\src\traditional\proc\p18f4550.asm
              OSCTUNEbits   0x000f9b       data     extern E:\3.46\pic18-lt\cxx-framework\src\traditional\proc\p18f4550.asm
                 PIE1bits   0x000f9d       data     extern E:\3.46\pic18-lt\cxx-framework\src\traditional\proc\p18f4550.asm
                     PIE1   0x000f9d       data     extern E:\3.46\pic18-lt\cxx-framework\src\traditional\proc\p18f4550.asm
                 PIR1bits   0x000f9e       data     extern E:\3.46\pic18-lt\cxx-framework\src\traditional\proc\p18f4550.asm
                     PIR1   0x000f9e       data     extern E:\3.46\pic18-lt\cxx-framework\src\traditional\proc\p18f4550.asm
                     IPR1   0x000f9f       data     extern E:\3.46\pic18-lt\cxx-framework\src\traditional\proc\p18f4550.asm
                 IPR1bits   0x000f9f       data     extern E:\3.46\pic18-lt\cxx-framework\src\traditional\proc\p18f4550.asm
                 PIE2bits   0x000fa0       data     extern E:\3.46\pic18-lt\cxx-framework\src\traditional\proc\p18f4550.asm
                     PIE2   0x000fa0       data     extern E:\3.46\pic18-lt\cxx-framework\src\traditional\proc\p18f4550.asm
                     PIR2   0x000fa1       data     extern E:\3.46\pic18-lt\cxx-framework\src\traditional\proc\p18f4550.asm
                 PIR2bits   0x000fa1       data     extern E:\3.46\pic18-lt\cxx-framework\src\traditional\proc\p18f4550.asm
                 IPR2bits   0x000fa2       data     extern E:\3.46\pic18-lt\cxx-framework\src\traditional\proc\p18f4550.asm
                     IPR2   0x000fa2       data     extern E:\3.46\pic18-lt\cxx-framework\src\traditional\proc\p18f4550.asm
               EECON1bits   0x000fa6       data     extern E:\3.46\pic18-lt\cxx-framework\src\traditional\proc\p18f4550.asm
                   EECON1   0x000fa6       data     extern E:\3.46\pic18-lt\cxx-framework\src\traditional\proc\p18f4550.asm
                   EECON2   0x000fa7       data     extern E:\3.46\pic18-lt\cxx-framework\src\traditional\proc\p18f4550.asm
                   EEDATA   0x000fa8       data     extern E:\3.46\pic18-lt\cxx-framework\src\traditional\proc\p18f4550.asm
                    EEADR   0x000fa9       data     extern E:\3.46\pic18-lt\cxx-framework\src\traditional\proc\p18f4550.asm
                RCSTAbits   0x000fab       data     extern E:\3.46\pic18-lt\cxx-framework\src\traditional\proc\p18f4550.asm
                    RCSTA   0x000fab       data     extern E:\3.46\pic18-lt\cxx-framework\src\traditional\proc\p18f4550.asm
                    TXSTA   0x000fac       data     extern E:\3.46\pic18-lt\cxx-framework\src\traditional\proc\p18f4550.asm
                TXSTAbits   0x000fac       data     extern E:\3.46\pic18-lt\cxx-framework\src\traditional\proc\p18f4550.asm
                    TXREG   0x000fad       data     extern E:\3.46\pic18-lt\cxx-framework\src\traditional\proc\p18f4550.asm
                    RCREG   0x000fae       data     extern E:\3.46\pic18-lt\cxx-framework\src\traditional\proc\p18f4550.asm
                    SPBRG   0x000faf       data     extern E:\3.46\pic18-lt\cxx-framework\src\traditional\proc\p18f4550.asm
                   SPBRGH   0x000fb0       data     extern E:\3.46\pic18-lt\cxx-framework\src\traditional\proc\p18f4550.asm
                T3CONbits   0x000fb1       data     extern E:\3.46\pic18-lt\cxx-framework\src\traditional\proc\p18f4550.asm
                    T3CON   0x000fb1       data     extern E:\3.46\pic18-lt\cxx-framework\src\traditional\proc\p18f4550.asm
                    TMR3L   0x000fb2       data     extern E:\3.46\pic18-lt\cxx-framework\src\traditional\proc\p18f4550.asm
                    TMR3H   0x000fb3       data     extern E:\3.46\pic18-lt\cxx-framework\src\traditional\proc\p18f4550.asm
                    CMCON   0x000fb4       data     extern E:\3.46\pic18-lt\cxx-framework\src\traditional\proc\p18f4550.asm
                CMCONbits   0x000fb4       data     extern E:\3.46\pic18-lt\cxx-framework\src\traditional\proc\p18f4550.asm
                   CVRCON   0x000fb5       data     extern E:\3.46\pic18-lt\cxx-framework\src\traditional\proc\p18f4550.asm
               CVRCONbits   0x000fb5       data     extern E:\3.46\pic18-lt\cxx-framework\src\traditional\proc\p18f4550.asm
               CCP1ASbits   0x000fb6       data     extern E:\3.46\pic18-lt\cxx-framework\src\traditional\proc\p18f4550.asm
                   CCP1AS   0x000fb6       data     extern E:\3.46\pic18-lt\cxx-framework\src\traditional\proc\p18f4550.asm
                  ECCP1AS   0x000fb6       data     extern E:\3.46\pic18-lt\cxx-framework\src\traditional\proc\p18f4550.asm
              ECCP1ASbits   0x000fb6       data     extern E:\3.46\pic18-lt\cxx-framework\src\traditional\proc\p18f4550.asm
                  CCP1DEL   0x000fb7       data     extern E:\3.46\pic18-lt\cxx-framework\src\traditional\proc\p18f4550.asm
              CCP1DELbits   0x000fb7       data     extern E:\3.46\pic18-lt\cxx-framework\src\traditional\proc\p18f4550.asm
             ECCP1DELbits   0x000fb7       data     extern E:\3.46\pic18-lt\cxx-framework\src\traditional\proc\p18f4550.asm
                 ECCP1DEL   0x000fb7       data     extern E:\3.46\pic18-lt\cxx-framework\src\traditional\proc\p18f4550.asm
                  BAUDCON   0x000fb8       data     extern E:\3.46\pic18-lt\cxx-framework\src\traditional\proc\p18f4550.asm
              BAUDCONbits   0x000fb8       data     extern E:\3.46\pic18-lt\cxx-framework\src\traditional\proc\p18f4550.asm
                  BAUDCTL   0x000fb8       data     extern E:\3.46\pic18-lt\cxx-framework\src\traditional\proc\p18f4550.asm
              BAUDCTLbits   0x000fb8       data     extern E:\3.46\pic18-lt\cxx-framework\src\traditional\proc\p18f4550.asm
              CCP2CONbits   0x000fba       data     extern E:\3.46\pic18-lt\cxx-framework\src\traditional\proc\p18f4550.asm
                  CCP2CON   0x000fba       data     extern E:\3.46\pic18-lt\cxx-framework\src\traditional\proc\p18f4550.asm
                   CCPR2L   0x000fbb       data     extern E:\3.46\pic18-lt\cxx-framework\src\traditional\proc\p18f4550.asm
                    CCPR2   0x000fbb       data     extern E:\3.46\pic18-lt\cxx-framework\src\traditional\proc\p18f4550.asm
                   CCPR2H   0x000fbc       data     extern E:\3.46\pic18-lt\cxx-framework\src\traditional\proc\p18f4550.asm
             ECCP1CONbits   0x000fbd       data     extern E:\3.46\pic18-lt\cxx-framework\src\traditional\proc\p18f4550.asm
                 ECCP1CON   0x000fbd       data     extern E:\3.46\pic18-lt\cxx-framework\src\traditional\proc\p18f4550.asm
              CCP1CONbits   0x000fbd       data     extern E:\3.46\pic18-lt\cxx-framework\src\traditional\proc\p18f4550.asm
                  CCP1CON   0x000fbd       data     extern E:\3.46\pic18-lt\cxx-framework\src\traditional\proc\p18f4550.asm
                   CCPR1L   0x000fbe       data     extern E:\3.46\pic18-lt\cxx-framework\src\traditional\proc\p18f4550.asm
                    CCPR1   0x000fbe       data     extern E:\3.46\pic18-lt\cxx-framework\src\traditional\proc\p18f4550.asm
                   CCPR1H   0x000fbf       data     extern E:\3.46\pic18-lt\cxx-framework\src\traditional\proc\p18f4550.asm
               ADCON2bits   0x000fc0       data     extern E:\3.46\pic18-lt\cxx-framework\src\traditional\proc\p18f4550.asm
                   ADCON2   0x000fc0       data     extern E:\3.46\pic18-lt\cxx-framework\src\traditional\proc\p18f4550.asm
               ADCON1bits   0x000fc1       data     extern E:\3.46\pic18-lt\cxx-framework\src\traditional\proc\p18f4550.asm
                   ADCON1   0x000fc1       data     extern E:\3.46\pic18-lt\cxx-framework\src\traditional\proc\p18f4550.asm
                   ADCON0   0x000fc2       data     extern E:\3.46\pic18-lt\cxx-framework\src\traditional\proc\p18f4550.asm
               ADCON0bits   0x000fc2       data     extern E:\3.46\pic18-lt\cxx-framework\src\traditional\proc\p18f4550.asm
                    ADRES   0x000fc3       data     extern E:\3.46\pic18-lt\cxx-framework\src\traditional\proc\p18f4550.asm
                   ADRESL   0x000fc3       data     extern E:\3.46\pic18-lt\cxx-framework\src\traditional\proc\p18f4550.asm
                   ADRESH   0x000fc4       data     extern E:\3.46\pic18-lt\cxx-framework\src\traditional\proc\p18f4550.asm
                  SSPCON2   0x000fc5       data     extern E:\3.46\pic18-lt\cxx-framework\src\traditional\proc\p18f4550.asm
              SSPCON2bits   0x000fc5       data     extern E:\3.46\pic18-lt\cxx-framework\src\traditional\proc\p18f4550.asm
                  SSPCON1   0x000fc6       data     extern E:\3.46\pic18-lt\cxx-framework\src\traditional\proc\p18f4550.asm
              SSPCON1bits   0x000fc6       data     extern E:\3.46\pic18-lt\cxx-framework\src\traditional\proc\p18f4550.asm
                  SSPSTAT   0x000fc7       data     extern E:\3.46\pic18-lt\cxx-framework\src\traditional\proc\p18f4550.asm
              SSPSTATbits   0x000fc7       data     extern E:\3.46\pic18-lt\cxx-framework\src\traditional\proc\p18f4550.asm
                   SSPADD   0x000fc8       data     extern E:\3.46\pic18-lt\cxx-framework\src\traditional\proc\p18f4550.asm
                   SSPBUF   0x000fc9       data     extern E:\3.46\pic18-lt\cxx-framework\src\traditional\proc\p18f4550.asm
                T2CONbits   0x000fca       data     extern E:\3.46\pic18-lt\cxx-framework\src\traditional\proc\p18f4550.asm
                    T2CON   0x000fca       data     extern E:\3.46\pic18-lt\cxx-framework\src\traditional\proc\p18f4550.asm
                      PR2   0x000fcb       data     extern E:\3.46\pic18-lt\cxx-framework\src\traditional\proc\p18f4550.asm
                     TMR2   0x000fcc       data     extern E:\3.46\pic18-lt\cxx-framework\src\traditional\proc\p18f4550.asm
                T1CONbits   0x000fcd       data     extern E:\3.46\pic18-lt\cxx-framework\src\traditional\proc\p18f4550.asm
                    T1CON   0x000fcd       data     extern E:\3.46\pic18-lt\cxx-framework\src\traditional\proc\p18f4550.asm
                    TMR1L   0x000fce       data     extern E:\3.46\pic18-lt\cxx-framework\src\traditional\proc\p18f4550.asm
                    TMR1H   0x000fcf       data     extern E:\3.46\pic18-lt\cxx-framework\src\traditional\proc\p18f4550.asm
                     RCON   0x000fd0       data     extern E:\3.46\pic18-lt\cxx-framework\src\traditional\proc\p18f4550.asm
                 RCONbits   0x000fd0       data     extern E:\3.46\pic18-lt\cxx-framework\src\traditional\proc\p18f4550.asm
               WDTCONbits   0x000fd1       data     extern E:\3.46\pic18-lt\cxx-framework\src\traditional\proc\p18f4550.asm
                   WDTCON   0x000fd1       data     extern E:\3.46\pic18-lt\cxx-framework\src\traditional\proc\p18f4550.asm
               LVDCONbits   0x000fd2       data     extern E:\3.46\pic18-lt\cxx-framework\src\traditional\proc\p18f4550.asm
                   LVDCON   0x000fd2       data     extern E:\3.46\pic18-lt\cxx-framework\src\traditional\proc\p18f4550.asm
              HLVDCONbits   0x000fd2       data     extern E:\3.46\pic18-lt\cxx-framework\src\traditional\proc\p18f4550.asm
                  HLVDCON   0x000fd2       data     extern E:\3.46\pic18-lt\cxx-framework\src\traditional\proc\p18f4550.asm
               OSCCONbits   0x000fd3       data     extern E:\3.46\pic18-lt\cxx-framework\src\traditional\proc\p18f4550.asm
                   OSCCON   0x000fd3       data     extern E:\3.46\pic18-lt\cxx-framework\src\traditional\proc\p18f4550.asm
                T0CONbits   0x000fd5       data     extern E:\3.46\pic18-lt\cxx-framework\src\traditional\proc\p18f4550.asm
                    T0CON   0x000fd5       data     extern E:\3.46\pic18-lt\cxx-framework\src\traditional\proc\p18f4550.asm
                    TMR0L   0x000fd6       data     extern E:\3.46\pic18-lt\cxx-framework\src\traditional\proc\p18f4550.asm
                    TMR0H   0x000fd7       data     extern E:\3.46\pic18-lt\cxx-framework\src\traditional\proc\p18f4550.asm
               STATUSbits   0x000fd8       data     extern E:\3.46\pic18-lt\cxx-framework\src\traditional\proc\p18f4550.asm
                   STATUS   0x000fd8       data     extern E:\3.46\pic18-lt\cxx-framework\src\traditional\proc\p18f4550.asm
                    FSR2L   0x000fd9       data     extern E:\3.46\pic18-lt\cxx-framework\src\traditional\proc\p18f4550.asm
                     FSR2   0x000fd9       data     extern E:\3.46\pic18-lt\cxx-framework\src\traditional\proc\p18f4550.asm
                    FSR2H   0x000fda       data     extern E:\3.46\pic18-lt\cxx-framework\src\traditional\proc\p18f4550.asm
                   PLUSW2   0x000fdb       data     extern E:\3.46\pic18-lt\cxx-framework\src\traditional\proc\p18f4550.asm
                  PREINC2   0x000fdc       data     extern E:\3.46\pic18-lt\cxx-framework\src\traditional\proc\p18f4550.asm
                 POSTDEC2   0x000fdd       data     extern E:\3.46\pic18-lt\cxx-framework\src\traditional\proc\p18f4550.asm
                 POSTINC2   0x000fde       data     extern E:\3.46\pic18-lt\cxx-framework\src\traditional\proc\p18f4550.asm
                    INDF2   0x000fdf       data     extern E:\3.46\pic18-lt\cxx-framework\src\traditional\proc\p18f4550.asm
                      BSR   0x000fe0       data     extern E:\3.46\pic18-lt\cxx-framework\src\traditional\proc\p18f4550.asm
                    FSR1L   0x000fe1       data     extern E:\3.46\pic18-lt\cxx-framework\src\traditional\proc\p18f4550.asm
                     FSR1   0x000fe1       data     extern E:\3.46\pic18-lt\cxx-framework\src\traditional\proc\p18f4550.asm
                    FSR1H   0x000fe2       data     extern E:\3.46\pic18-lt\cxx-framework\src\traditional\proc\p18f4550.asm
                   PLUSW1   0x000fe3       data     extern E:\3.46\pic18-lt\cxx-framework\src\traditional\proc\p18f4550.asm
                  PREINC1   0x000fe4       data     extern E:\3.46\pic18-lt\cxx-framework\src\traditional\proc\p18f4550.asm
                 POSTDEC1   0x000fe5       data     extern E:\3.46\pic18-lt\cxx-framework\src\traditional\proc\p18f4550.asm
                 POSTINC1   0x000fe6       data     extern E:\3.46\pic18-lt\cxx-framework\src\traditional\proc\p18f4550.asm
                    INDF1   0x000fe7       data     extern E:\3.46\pic18-lt\cxx-framework\src\traditional\proc\p18f4550.asm
                     WREG   0x000fe8       data     extern E:\3.46\pic18-lt\cxx-framework\src\traditional\proc\p18f4550.asm
                     FSR0   0x000fe9       data     extern E:\3.46\pic18-lt\cxx-framework\src\traditional\proc\p18f4550.asm
                    FSR0L   0x000fe9       data     extern E:\3.46\pic18-lt\cxx-framework\src\traditional\proc\p18f4550.asm
                    FSR0H   0x000fea       data     extern E:\3.46\pic18-lt\cxx-framework\src\traditional\proc\p18f4550.asm
                   PLUSW0   0x000feb       data     extern E:\3.46\pic18-lt\cxx-framework\src\traditional\proc\p18f4550.asm
                  PREINC0   0x000fec       data     extern E:\3.46\pic18-lt\cxx-framework\src\traditional\proc\p18f4550.asm
                 POSTDEC0   0x000fed       data     extern E:\3.46\pic18-lt\cxx-framework\src\traditional\proc\p18f4550.asm
                 POSTINC0   0x000fee       data     extern E:\3.46\pic18-lt\cxx-framework\src\traditional\proc\p18f4550.asm
                    INDF0   0x000fef       data     extern E:\3.46\pic18-lt\cxx-framework\src\traditional\proc\p18f4550.asm
              INTCON3bits   0x000ff0       data     extern E:\3.46\pic18-lt\cxx-framework\src\traditional\proc\p18f4550.asm
                  INTCON3   0x000ff0       data     extern E:\3.46\pic18-lt\cxx-framework\src\traditional\proc\p18f4550.asm
              INTCON2bits   0x000ff1       data     extern E:\3.46\pic18-lt\cxx-framework\src\traditional\proc\p18f4550.asm
                  INTCON2   0x000ff1       data     extern E:\3.46\pic18-lt\cxx-framework\src\traditional\proc\p18f4550.asm
               INTCONbits   0x000ff2       data     extern E:\3.46\pic18-lt\cxx-framework\src\traditional\proc\p18f4550.asm
                   INTCON   0x000ff2       data     extern E:\3.46\pic18-lt\cxx-framework\src\traditional\proc\p18f4550.asm
                     PROD   0x000ff3       data     extern E:\3.46\pic18-lt\cxx-framework\src\traditional\proc\p18f4550.asm
                    PRODL   0x000ff3       data     extern E:\3.46\pic18-lt\cxx-framework\src\traditional\proc\p18f4550.asm
                    PRODH   0x000ff4       data     extern E:\3.46\pic18-lt\cxx-framework\src\traditional\proc\p18f4550.asm
                   TABLAT   0x000ff5       data     extern E:\3.46\pic18-lt\cxx-framework\src\traditional\proc\p18f4550.asm
                   TBLPTR   0x000ff6       data     extern E:\3.46\pic18-lt\cxx-framework\src\traditional\proc\p18f4550.asm
                  TBLPTRL   0x000ff6       data     extern E:\3.46\pic18-lt\cxx-framework\src\traditional\proc\p18f4550.asm
                  TBLPTRH   0x000ff7       data     extern E:\3.46\pic18-lt\cxx-framework\src\traditional\proc\p18f4550.asm
                  TBLPTRU   0x000ff8       data     extern E:\3.46\pic18-lt\cxx-framework\src\traditional\proc\p18f4550.asm
                      PCL   0x000ff9       data     extern E:\3.46\pic18-lt\cxx-framework\src\traditional\proc\p18f4550.asm
                       PC   0x000ff9       data     extern E:\3.46\pic18-lt\cxx-framework\src\traditional\proc\p18f4550.asm
                   PCLATH   0x000ffa       data     extern E:\3.46\pic18-lt\cxx-framework\src\traditional\proc\p18f4550.asm
                   PCLATU   0x000ffb       data     extern E:\3.46\pic18-lt\cxx-framework\src\traditional\proc\p18f4550.asm
                   STKPTR   0x000ffc       data     extern E:\3.46\pic18-lt\cxx-framework\src\traditional\proc\p18f4550.asm
               STKPTRbits   0x000ffc       data     extern E:\3.46\pic18-lt\cxx-framework\src\traditional\proc\p18f4550.asm
                      TOS   0x000ffd       data     extern E:\3.46\pic18-lt\cxx-framework\src\traditional\proc\p18f4550.asm
                     TOSL   0x000ffd       data     extern E:\3.46\pic18-lt\cxx-framework\src\traditional\proc\p18f4550.asm
                     TOSH   0x000ffe       data     extern E:\3.46\pic18-lt\cxx-framework\src\traditional\proc\p18f4550.asm
                     TOSU   0x000fff       data     extern E:\3.46\pic18-lt\cxx-framework\src\traditional\proc\p18f4550.asm


