MPLINK 5.00, LINKER
Linker Map File - Created Sun May 12 01:13:52 2024

                                 Section Info
                  Section       Type    Address   Location Size(Bytes)
                ---------  ---------  ---------  ---------  ---------
               _entry_scn       code   0x000000    program   0x000006
                   .cinit    romdata   0x000006    program   0x00000e
             .code_main.o       code   0x000014    program   0x000fd4
             .stringtable    romdata   0x000fe8    program   0x000156
               _cinit_scn       code   0x00113e    program   0x00009e
         .code_i2c_writ.o       code   0x0011dc    program   0x000072
                     PROG       code   0x00124e    program   0x00004c
         .code_i2c_open.o       code   0x00129a    program   0x000036
         .code_fxd1616u.o       code   0x0012d0    program   0x00002c
              D1KTCYXCODE       code   0x0012fc    program   0x000020
                    .code       code   0x00131c    program   0x000020
             _startup_scn       code   0x00133c    program   0x00001c
             D100TCYXCODE       code   0x001358    program   0x00001c
         .code_i2c_read.o       code   0x001374    program   0x00001a
              D10TCYXCODE       code   0x00138e    program   0x000016
         .code_i2c_idle.o       code   0x0013a4    program   0x00000e
           .code___init.o       code   0x0013b2    program   0x000002
          .romdata_main.o    romdata   0x0013b4    program   0x000000
      .romdata_i2c_open.o    romdata   0x0013b4    program   0x000000
      .romdata_i2c_read.o    romdata   0x0013b4    program   0x000000
      .romdata_i2c_idle.o    romdata   0x0013b4    program   0x000000
          .idata_main.o_i    romdata   0x0013b4    program   0x00001d
      .romdata_fxd1616u.o    romdata   0x0013b4    program   0x000000
      .romdata_i2c_writ.o    romdata   0x0013b4    program   0x000000
         .romdata_c018i.o    romdata   0x0013b4    program   0x000000
        .romdata___init.o    romdata   0x0013b4    program   0x000000
      .idata_i2c_writ.o_i    romdata   0x0013d1    program   0x000000
        .idata___init.o_i    romdata   0x0013d1    program   0x000000
         .idata_c018i.o_i    romdata   0x0013d1    program   0x000000
      .idata_i2c_read.o_i    romdata   0x0013d1    program   0x000000
      .idata_i2c_open.o_i    romdata   0x0013d1    program   0x000000
      .idata_i2c_idle.o_i    romdata   0x0013d1    program   0x000000
      .idata_fxd1616u.o_i    romdata   0x0013d1    program   0x000000
            .code_c018i.o       code   0x0013d2    program   0x000000
    .config_300001_main.o    romdata   0x300001    program   0x000001
    .config_300002_main.o    romdata   0x300002    program   0x000001
    .config_300003_main.o    romdata   0x300003    program   0x000001
    .config_300005_main.o    romdata   0x300005    program   0x000001
    .config_300006_main.o    romdata   0x300006    program   0x000001
                MATH_DATA      udata   0x000000       data   0x000010
                 .tmpdata      udata   0x000010       data   0x000004
                DELAYDAT1      udata   0x000014       data   0x000001
            .idata_main.o      idata   0x000060       data   0x00001d
           .udata_c018i.o      udata   0x00007d       data   0x00000a
            .udata_main.o      udata   0x000087       data   0x000009
          .idata___init.o      idata   0x000090       data   0x000000
          .udata___init.o      udata   0x000090       data   0x000000
        .idata_i2c_writ.o      idata   0x000090       data   0x000000
        .udata_i2c_writ.o      udata   0x000090       data   0x000000
        .idata_i2c_read.o      idata   0x000090       data   0x000000
        .udata_i2c_read.o      udata   0x000090       data   0x000000
        .idata_i2c_open.o      idata   0x000090       data   0x000000
        .udata_i2c_open.o      udata   0x000090       data   0x000000
        .idata_i2c_idle.o      idata   0x000090       data   0x000000
        .udata_i2c_idle.o      udata   0x000090       data   0x000000
        .idata_fxd1616u.o      idata   0x000090       data   0x000000
        .udata_fxd1616u.o      udata   0x000090       data   0x000000
           .idata_c018i.o      idata   0x000090       data   0x000000
                   .stack      udata   0x000300       data   0x000100
            SFR_UNBANKED0      udata   0x000f62       data   0x00009e



                              Program Memory Usage 
                               Start         End      
                           ---------   ---------      
                            0x000000    0x0013d0      
                            0x300001    0x300003      
                            0x300005    0x300006      
            5078 out of 33048 program addresses used, program memory utilization is 15%



                              Symbols - Sorted by Name
                     Name    Address   Location    Storage File                     
                ---------  ---------  ---------  --------- ---------                
                   D100_1   0x001366    program     static E:\3.46\pic18-lt\cxx-framework\src\traditional\delays\d100tcyx.asm
                    D100x   0x001364    program     static E:\3.46\pic18-lt\cxx-framework\src\traditional\delays\d100tcyx.asm
                    D10_1   0x00139e    program     static E:\3.46\pic18-lt\cxx-framework\src\traditional\delays\d10tcyx.asm
                     D10x   0x001396    program     static E:\3.46\pic18-lt\cxx-framework\src\traditional\delays\d10tcyx.asm
                   D1616S   0x001270    program     static E:\3.46\pic18-lt\cxx-framework\src\traditional\math\fxd1616s.asm
                D1616SNEG   0x00127e    program     static E:\3.46\pic18-lt\cxx-framework\src\traditional\math\fxd1616s.asm
                 D1616SOK   0x00127a    program     static E:\3.46\pic18-lt\cxx-framework\src\traditional\math\fxd1616s.asm
                  D1616SX   0x001290    program     static E:\3.46\pic18-lt\cxx-framework\src\traditional\math\fxd1616s.asm
                    D1K_1   0x001308    program     static E:\3.46\pic18-lt\cxx-framework\src\traditional\delays\d1ktcyx.asm
                     D1Kx   0x001306    program     static E:\3.46\pic18-lt\cxx-framework\src\traditional\delays\d1ktcyx.asm
                  DA1616S   0x001260    program     static E:\3.46\pic18-lt\cxx-framework\src\traditional\math\fxd1616s.asm
             Delay100TCYx   0x001358    program     extern E:\3.46\pic18-lt\cxx-framework\src\traditional\delays\d100tcyx.asm
              Delay10TCYx   0x00138e    program     extern E:\3.46\pic18-lt\cxx-framework\src\traditional\delays\d10tcyx.asm
              Delay1KTCYx   0x0012fc    program     extern E:\3.46\pic18-lt\cxx-framework\src\traditional\delays\d1ktcyx.asm
                 FXD1616S   0x00124e    program     extern E:\3.46\pic18-lt\cxx-framework\src\traditional\math\fxd1616s.asm
                 FXD1616U   0x0012d0    program     extern E:\3.46\pic18-lt\cxx-framework\src\traditional\math\fxd1616u.c
                  IdleI2C   0x0013a4    program     extern E:\3.46\pic18-lt\cxx-framework\src\pmc_common\i2c\i2c_idle.c
                  OpenI2C   0x00129a    program     extern E:\3.46\pic18-lt\cxx-framework\src\pmc_common\i2c\i2c_open.c
                  ReadI2C   0x001374    program     extern E:\3.46\pic18-lt\cxx-framework\src\pmc_common\i2c\i2c_read.c
                  ReadRTC   0x000314    program     extern C:\Users\Scope11\OneDrive\Documentos\Proteus\2024_01\Proteus\ProjetoPIC18F4550\displayLCDv1-2\rtc.h
              ShowRTCInfo   0x000404    program     extern C:\Users\Scope11\OneDrive\Documentos\Proteus\2024_01\Proteus\ProjetoPIC18F4550\displayLCDv1-2\rtc.h
              StartLCDi2c   0x0000ca    program     extern C:\Users\Scope11\OneDrive\Documentos\Proteus\2024_01\Proteus\ProjetoPIC18F4550\displayLCDv1-2\lcd_i2c.h
                 StartRTC   0x000284    program     extern C:\Users\Scope11\OneDrive\Documentos\Proteus\2024_01\Proteus\ProjetoPIC18F4550\displayLCDv1-2\rtc.h
        TelaInicializacao   0x000c52    program     extern C:\Users\Scope11\OneDrive\Documentos\Proteus\2024_01\Proteus\ProjetoPIC18F4550\displayLCDv1-2\main.c
                 WriteI2C   0x0011dc    program     extern E:\3.46\pic18-lt\cxx-framework\src\pmc_common\i2c\i2c_writ.c
       _D100TCYXCODE_0008   0x001360    program     static E:\3.46\pic18-lt\cxx-framework\src\traditional\delays\d100tcyx.asm
       _D100TCYXCODE_0012   0x00136a    program     static E:\3.46\pic18-lt\cxx-framework\src\traditional\delays\d100tcyx.asm
       _D100TCYXCODE_0018   0x001370    program     static E:\3.46\pic18-lt\cxx-framework\src\traditional\delays\d100tcyx.asm
        _D10TCYXCODE_000A   0x001398    program     static E:\3.46\pic18-lt\cxx-framework\src\traditional\delays\d10tcyx.asm
        _D10TCYXCODE_000C   0x00139a    program     static E:\3.46\pic18-lt\cxx-framework\src\traditional\delays\d10tcyx.asm
        _D10TCYXCODE_000E   0x00139c    program     static E:\3.46\pic18-lt\cxx-framework\src\traditional\delays\d10tcyx.asm
        _D1KTCYXCODE_0010   0x00130c    program     static E:\3.46\pic18-lt\cxx-framework\src\traditional\delays\d1ktcyx.asm
        _D1KTCYXCODE_0016   0x001312    program     static E:\3.46\pic18-lt\cxx-framework\src\traditional\delays\d1ktcyx.asm
       ___return_lbl00000   0x0012fa    program     static                          
       ___return_lbl00000   0x000004    program     static                          
       ___return_lbl00001   0x001356    program     static                          
       ___return_lbl00002   0x0011da    program     static                          
               __config_0   0x300001    program     static C:\Users\Scope11\OneDrive\Documentos\Proteus\2024_01\Proteus\ProjetoPIC18F4550\displayLCDv1-2\main.c
               __config_1   0x300002    program     static C:\Users\Scope11\OneDrive\Documentos\Proteus\2024_01\Proteus\ProjetoPIC18F4550\displayLCDv1-2\main.c
               __config_2   0x300003    program     static C:\Users\Scope11\OneDrive\Documentos\Proteus\2024_01\Proteus\ProjetoPIC18F4550\displayLCDv1-2\main.c
               __config_3   0x300005    program     static C:\Users\Scope11\OneDrive\Documentos\Proteus\2024_01\Proteus\ProjetoPIC18F4550\displayLCDv1-2\main.c
               __config_4   0x300006    program     static C:\Users\Scope11\OneDrive\Documentos\Proteus\2024_01\Proteus\ProjetoPIC18F4550\displayLCDv1-2\main.c
                   __init   0x0013b2    program     extern E:\3.46\pic18-lt\cxx-framework\src\traditional\stdclib\__init.c
               __string_0   0x00113b    program     static C:\Users\Scope11\OneDrive\Documentos\Proteus\2024_01\Proteus\ProjetoPIC18F4550\displayLCDv1-2\main.c
               __string_1   0x001137    program     static C:\Users\Scope11\OneDrive\Documentos\Proteus\2024_01\Proteus\ProjetoPIC18F4550\displayLCDv1-2\main.c
              __string_10   0x001092    program     static C:\Users\Scope11\OneDrive\Documentos\Proteus\2024_01\Proteus\ProjetoPIC18F4550\displayLCDv1-2\main.c
              __string_11   0x001084    program     static C:\Users\Scope11\OneDrive\Documentos\Proteus\2024_01\Proteus\ProjetoPIC18F4550\displayLCDv1-2\main.c
              __string_12   0x001070    program     static C:\Users\Scope11\OneDrive\Documentos\Proteus\2024_01\Proteus\ProjetoPIC18F4550\displayLCDv1-2\main.c
              __string_13   0x001067    program     static C:\Users\Scope11\OneDrive\Documentos\Proteus\2024_01\Proteus\ProjetoPIC18F4550\displayLCDv1-2\main.c
              __string_14   0x00105d    program     static C:\Users\Scope11\OneDrive\Documentos\Proteus\2024_01\Proteus\ProjetoPIC18F4550\displayLCDv1-2\main.c
              __string_15   0x001048    program     static C:\Users\Scope11\OneDrive\Documentos\Proteus\2024_01\Proteus\ProjetoPIC18F4550\displayLCDv1-2\main.c
              __string_16   0x001033    program     static C:\Users\Scope11\OneDrive\Documentos\Proteus\2024_01\Proteus\ProjetoPIC18F4550\displayLCDv1-2\main.c
              __string_17   0x00101e    program     static C:\Users\Scope11\OneDrive\Documentos\Proteus\2024_01\Proteus\ProjetoPIC18F4550\displayLCDv1-2\main.c
              __string_18   0x001009    program     static C:\Users\Scope11\OneDrive\Documentos\Proteus\2024_01\Proteus\ProjetoPIC18F4550\displayLCDv1-2\main.c
              __string_19   0x000ffb    program     static C:\Users\Scope11\OneDrive\Documentos\Proteus\2024_01\Proteus\ProjetoPIC18F4550\displayLCDv1-2\main.c
               __string_2   0x001121    program     static C:\Users\Scope11\OneDrive\Documentos\Proteus\2024_01\Proteus\ProjetoPIC18F4550\displayLCDv1-2\main.c
              __string_20   0x000fec    program     static C:\Users\Scope11\OneDrive\Documentos\Proteus\2024_01\Proteus\ProjetoPIC18F4550\displayLCDv1-2\main.c
              __string_21   0x000fe8    program     static C:\Users\Scope11\OneDrive\Documentos\Proteus\2024_01\Proteus\ProjetoPIC18F4550\displayLCDv1-2\main.c
               __string_3   0x00110a    program     static C:\Users\Scope11\OneDrive\Documentos\Proteus\2024_01\Proteus\ProjetoPIC18F4550\displayLCDv1-2\main.c
               __string_4   0x0010fa    program     static C:\Users\Scope11\OneDrive\Documentos\Proteus\2024_01\Proteus\ProjetoPIC18F4550\displayLCDv1-2\main.c
               __string_5   0x0010ea    program     static C:\Users\Scope11\OneDrive\Documentos\Proteus\2024_01\Proteus\ProjetoPIC18F4550\displayLCDv1-2\main.c
               __string_6   0x0010da    program     static C:\Users\Scope11\OneDrive\Documentos\Proteus\2024_01\Proteus\ProjetoPIC18F4550\displayLCDv1-2\main.c
               __string_7   0x0010ca    program     static C:\Users\Scope11\OneDrive\Documentos\Proteus\2024_01\Proteus\ProjetoPIC18F4550\displayLCDv1-2\main.c
               __string_8   0x0010b5    program     static C:\Users\Scope11\OneDrive\Documentos\Proteus\2024_01\Proteus\ProjetoPIC18F4550\displayLCDv1-2\main.c
               __string_9   0x0010a0    program     static C:\Users\Scope11\OneDrive\Documentos\Proteus\2024_01\Proteus\ProjetoPIC18F4550\displayLCDv1-2\main.c
            __zero_memory   0x00131c    program     extern E:\3.46\pic18-lt\cxx-framework\src\traditional\proc\p18f4550.asm
                _do_cinit   0x00113e    program     extern E:\3.46\pic18-lt\cxx-framework\src\traditional\startup\c018i.c
                   _entry   0x000000    program     extern E:\3.46\pic18-lt\cxx-framework\src\traditional\startup\c018i.c
                 _startup   0x00133c    program     extern E:\3.46\pic18-lt\cxx-framework\src\traditional\startup\c018i.c
           atualizaBotoes   0x000e26    program     extern C:\Users\Scope11\OneDrive\Documentos\Proteus\2024_01\Proteus\ProjetoPIC18F4550\displayLCDv1-2\main.c
           atualizaIndice   0x000a70    program     extern C:\Users\Scope11\OneDrive\Documentos\Proteus\2024_01\Proteus\ProjetoPIC18F4550\displayLCDv1-2\main.c
       atualizaIndiceInfo   0x000aac    program     extern C:\Users\Scope11\OneDrive\Documentos\Proteus\2024_01\Proteus\ProjetoPIC18F4550\displayLCDv1-2\main.c
          atualizaMotores   0x000bb8    program     extern C:\Users\Scope11\OneDrive\Documentos\Proteus\2024_01\Proteus\ProjetoPIC18F4550\displayLCDv1-2\main.c
    atualizaPosicaoCursor   0x000a34    program     extern C:\Users\Scope11\OneDrive\Documentos\Proteus\2024_01\Proteus\ProjetoPIC18F4550\displayLCDv1-2\main.c
      atualizaPurificador   0x000bca    program     extern C:\Users\Scope11\OneDrive\Documentos\Proteus\2024_01\Proteus\ProjetoPIC18F4550\displayLCDv1-2\main.c
         atualizaSensores   0x000ace    program     extern C:\Users\Scope11\OneDrive\Documentos\Proteus\2024_01\Proteus\ProjetoPIC18F4550\displayLCDv1-2\main.c
               bateriaLow   0x000924    program     extern C:\Users\Scope11\OneDrive\Documentos\Proteus\2024_01\Proteus\ProjetoPIC18F4550\displayLCDv1-2\main.c
                     cat1   0x000980    program     extern C:\Users\Scope11\OneDrive\Documentos\Proteus\2024_01\Proteus\ProjetoPIC18F4550\displayLCDv1-2\main.c
                     cat2   0x0009d6    program     extern C:\Users\Scope11\OneDrive\Documentos\Proteus\2024_01\Proteus\ProjetoPIC18F4550\displayLCDv1-2\main.c
               cmdLCD_i2c   0x000014    program     extern C:\Users\Scope11\OneDrive\Documentos\Proteus\2024_01\Proteus\ProjetoPIC18F4550\displayLCDv1-2\lcd_i2c.h
                compare_l   0x001332    program     static E:\3.46\pic18-lt\cxx-framework\src\traditional\proc\p18f4550.asm
       convertShortToChar   0x000ea4    program     extern C:\Users\Scope11\OneDrive\Documentos\Proteus\2024_01\Proteus\ProjetoPIC18F4550\displayLCDv1-2\main.c
                copy_loop   0x0011b0    program     static                          
            copy_one_byte   0x0011b6    program     static                          
                 delay_ms   0x000faa    program     extern C:\Users\Scope11\OneDrive\Documentos\Proteus\2024_01\Proteus\ProjetoPIC18F4550\displayLCDv1-2\main.c
                     done   0x0011da    program     static                          
             done_copying   0x0011c4    program     static                          
                  endloop   0x0012f6    program     static                          
               infoSelect   0x000c18    program     extern C:\Users\Scope11\OneDrive\Documentos\Proteus\2024_01\Proteus\ProjetoPIC18F4550\displayLCDv1-2\main.c
                 lenShort   0x000e38    program     extern C:\Users\Scope11\OneDrive\Documentos\Proteus\2024_01\Proteus\ProjetoPIC18F4550\displayLCDv1-2\main.c
             lerAnalogico   0x000d22    program     extern C:\Users\Scope11\OneDrive\Documentos\Proteus\2024_01\Proteus\ProjetoPIC18F4550\displayLCDv1-2\main.c
                lerBotoes   0x000d60    program     extern C:\Users\Scope11\OneDrive\Documentos\Proteus\2024_01\Proteus\ProjetoPIC18F4550\displayLCDv1-2\main.c
           loadCaracteres   0x000a2c    program     extern C:\Users\Scope11\OneDrive\Documentos\Proteus\2024_01\Proteus\ProjetoPIC18F4550\displayLCDv1-2\main.c
                     loop   0x00134c    program     static                          
                     loop   0x0012da    program     static                          
                   loop_h   0x00132a    program     static E:\3.46\pic18-lt\cxx-framework\src\traditional\proc\p18f4550.asm
                   loop_l   0x001334    program     static E:\3.46\pic18-lt\cxx-framework\src\traditional\proc\p18f4550.asm
                     main   0x0004ee    program     extern C:\Users\Scope11\OneDrive\Documentos\Proteus\2024_01\Proteus\ProjetoPIC18F4550\displayLCDv1-2\main.c
                 maskInit   0x00055a    program     extern C:\Users\Scope11\OneDrive\Documentos\Proteus\2024_01\Proteus\ProjetoPIC18F4550\displayLCDv1-2\main.c
              maskMotores   0x000642    program     extern C:\Users\Scope11\OneDrive\Documentos\Proteus\2024_01\Proteus\ProjetoPIC18F4550\displayLCDv1-2\main.c
          maskPurificador   0x000606    program     extern C:\Users\Scope11\OneDrive\Documentos\Proteus\2024_01\Proteus\ProjetoPIC18F4550\displayLCDv1-2\main.c
             maskSensores   0x000596    program     extern C:\Users\Scope11\OneDrive\Documentos\Proteus\2024_01\Proteus\ProjetoPIC18F4550\displayLCDv1-2\main.c
               menuSelect   0x000bdc    program     extern C:\Users\Scope11\OneDrive\Documentos\Proteus\2024_01\Proteus\ProjetoPIC18F4550\displayLCDv1-2\main.c
      paginaConfiguracoes   0x00079e    program     extern C:\Users\Scope11\OneDrive\Documentos\Proteus\2024_01\Proteus\ProjetoPIC18F4550\displayLCDv1-2\main.c
               paginaHome   0x00067e    program     extern C:\Users\Scope11\OneDrive\Documentos\Proteus\2024_01\Proteus\ProjetoPIC18F4550\displayLCDv1-2\main.c
               paginaInfo   0x0007e4    program     extern C:\Users\Scope11\OneDrive\Documentos\Proteus\2024_01\Proteus\ProjetoPIC18F4550\displayLCDv1-2\main.c
                 paginaMe   0x0008de    program     extern C:\Users\Scope11\OneDrive\Documentos\Proteus\2024_01\Proteus\ProjetoPIC18F4550\displayLCDv1-2\main.c
         printCharLCD_i2c   0x00012a    program     extern C:\Users\Scope11\OneDrive\Documentos\Proteus\2024_01\Proteus\ProjetoPIC18F4550\displayLCDv1-2\lcd_i2c.h
       printStringLCD_i2c   0x0001e0    program     extern C:\Users\Scope11\OneDrive\Documentos\Proteus\2024_01\Proteus\ProjetoPIC18F4550\displayLCDv1-2\lcd_i2c.h
         setCursorLCD_i2c   0x000224    program     extern C:\Users\Scope11\OneDrive\Documentos\Proteus\2024_01\Proteus\ProjetoPIC18F4550\displayLCDv1-2\lcd_i2c.h
                     test   0x001158    program     static                          
               zero_block   0x00132a    program     static E:\3.46\pic18-lt\cxx-framework\src\traditional\proc\p18f4550.asm
                   ADCON0   0x000fc2       data     extern E:\3.46\pic18-lt\cxx-framework\src\traditional\proc\p18f4550.asm
               ADCON0bits   0x000fc2       data     extern E:\3.46\pic18-lt\cxx-framework\src\traditional\proc\p18f4550.asm
                   ADCON1   0x000fc1       data     extern E:\3.46\pic18-lt\cxx-framework\src\traditional\proc\p18f4550.asm
               ADCON1bits   0x000fc1       data     extern E:\3.46\pic18-lt\cxx-framework\src\traditional\proc\p18f4550.asm
                   ADCON2   0x000fc0       data     extern E:\3.46\pic18-lt\cxx-framework\src\traditional\proc\p18f4550.asm
               ADCON2bits   0x000fc0       data     extern E:\3.46\pic18-lt\cxx-framework\src\traditional\proc\p18f4550.asm
                    ADRES   0x000fc3       data     extern E:\3.46\pic18-lt\cxx-framework\src\traditional\proc\p18f4550.asm
                   ADRESH   0x000fc4       data     extern E:\3.46\pic18-lt\cxx-framework\src\traditional\proc\p18f4550.asm
                   ADRESL   0x000fc3       data     extern E:\3.46\pic18-lt\cxx-framework\src\traditional\proc\p18f4550.asm
                  BAUDCON   0x000fb8       data     extern E:\3.46\pic18-lt\cxx-framework\src\traditional\proc\p18f4550.asm
              BAUDCONbits   0x000fb8       data     extern E:\3.46\pic18-lt\cxx-framework\src\traditional\proc\p18f4550.asm
                  BAUDCTL   0x000fb8       data     extern E:\3.46\pic18-lt\cxx-framework\src\traditional\proc\p18f4550.asm
              BAUDCTLbits   0x000fb8       data     extern E:\3.46\pic18-lt\cxx-framework\src\traditional\proc\p18f4550.asm
                      BSR   0x000fe0       data     extern E:\3.46\pic18-lt\cxx-framework\src\traditional\proc\p18f4550.asm
                   CCP1AS   0x000fb6       data     extern E:\3.46\pic18-lt\cxx-framework\src\traditional\proc\p18f4550.asm
               CCP1ASbits   0x000fb6       data     extern E:\3.46\pic18-lt\cxx-framework\src\traditional\proc\p18f4550.asm
                  CCP1CON   0x000fbd       data     extern E:\3.46\pic18-lt\cxx-framework\src\traditional\proc\p18f4550.asm
              CCP1CONbits   0x000fbd       data     extern E:\3.46\pic18-lt\cxx-framework\src\traditional\proc\p18f4550.asm
                  CCP1DEL   0x000fb7       data     extern E:\3.46\pic18-lt\cxx-framework\src\traditional\proc\p18f4550.asm
              CCP1DELbits   0x000fb7       data     extern E:\3.46\pic18-lt\cxx-framework\src\traditional\proc\p18f4550.asm
                  CCP2CON   0x000fba       data     extern E:\3.46\pic18-lt\cxx-framework\src\traditional\proc\p18f4550.asm
              CCP2CONbits   0x000fba       data     extern E:\3.46\pic18-lt\cxx-framework\src\traditional\proc\p18f4550.asm
                    CCPR1   0x000fbe       data     extern E:\3.46\pic18-lt\cxx-framework\src\traditional\proc\p18f4550.asm
                   CCPR1H   0x000fbf       data     extern E:\3.46\pic18-lt\cxx-framework\src\traditional\proc\p18f4550.asm
                   CCPR1L   0x000fbe       data     extern E:\3.46\pic18-lt\cxx-framework\src\traditional\proc\p18f4550.asm
                    CCPR2   0x000fbb       data     extern E:\3.46\pic18-lt\cxx-framework\src\traditional\proc\p18f4550.asm
                   CCPR2H   0x000fbc       data     extern E:\3.46\pic18-lt\cxx-framework\src\traditional\proc\p18f4550.asm
                   CCPR2L   0x000fbb       data     extern E:\3.46\pic18-lt\cxx-framework\src\traditional\proc\p18f4550.asm
                    CMCON   0x000fb4       data     extern E:\3.46\pic18-lt\cxx-framework\src\traditional\proc\p18f4550.asm
                CMCONbits   0x000fb4       data     extern E:\3.46\pic18-lt\cxx-framework\src\traditional\proc\p18f4550.asm
                   CVRCON   0x000fb5       data     extern E:\3.46\pic18-lt\cxx-framework\src\traditional\proc\p18f4550.asm
               CVRCONbits   0x000fb5       data     extern E:\3.46\pic18-lt\cxx-framework\src\traditional\proc\p18f4550.asm
                      DAY   0x00008b       data     extern C:\Users\Scope11\OneDrive\Documentos\Proteus\2024_01\Proteus\ProjetoPIC18F4550\displayLCDv1-2\rtc.h
                 DAY_WEEK   0x00008a       data     extern C:\Users\Scope11\OneDrive\Documentos\Proteus\2024_01\Proteus\ProjetoPIC18F4550\displayLCDv1-2\rtc.h
                     DDRA   0x000f92       data     extern E:\3.46\pic18-lt\cxx-framework\src\traditional\proc\p18f4550.asm
                 DDRAbits   0x000f92       data     extern E:\3.46\pic18-lt\cxx-framework\src\traditional\proc\p18f4550.asm
                     DDRB   0x000f93       data     extern E:\3.46\pic18-lt\cxx-framework\src\traditional\proc\p18f4550.asm
                 DDRBbits   0x000f93       data     extern E:\3.46\pic18-lt\cxx-framework\src\traditional\proc\p18f4550.asm
                     DDRC   0x000f94       data     extern E:\3.46\pic18-lt\cxx-framework\src\traditional\proc\p18f4550.asm
                 DDRCbits   0x000f94       data     extern E:\3.46\pic18-lt\cxx-framework\src\traditional\proc\p18f4550.asm
                     DDRD   0x000f95       data     extern E:\3.46\pic18-lt\cxx-framework\src\traditional\proc\p18f4550.asm
                 DDRDbits   0x000f95       data     extern E:\3.46\pic18-lt\cxx-framework\src\traditional\proc\p18f4550.asm
                     DDRE   0x000f96       data     extern E:\3.46\pic18-lt\cxx-framework\src\traditional\proc\p18f4550.asm
                 DDREbits   0x000f96       data     extern E:\3.46\pic18-lt\cxx-framework\src\traditional\proc\p18f4550.asm
            DelayCounter1   0x000014       data     extern E:\3.46\pic18-lt\cxx-framework\src\traditional\delays\delayd1.asm
                  ECCP1AS   0x000fb6       data     extern E:\3.46\pic18-lt\cxx-framework\src\traditional\proc\p18f4550.asm
              ECCP1ASbits   0x000fb6       data     extern E:\3.46\pic18-lt\cxx-framework\src\traditional\proc\p18f4550.asm
                 ECCP1CON   0x000fbd       data     extern E:\3.46\pic18-lt\cxx-framework\src\traditional\proc\p18f4550.asm
             ECCP1CONbits   0x000fbd       data     extern E:\3.46\pic18-lt\cxx-framework\src\traditional\proc\p18f4550.asm
                 ECCP1DEL   0x000fb7       data     extern E:\3.46\pic18-lt\cxx-framework\src\traditional\proc\p18f4550.asm
             ECCP1DELbits   0x000fb7       data     extern E:\3.46\pic18-lt\cxx-framework\src\traditional\proc\p18f4550.asm
                    EEADR   0x000fa9       data     extern E:\3.46\pic18-lt\cxx-framework\src\traditional\proc\p18f4550.asm
                   EECON1   0x000fa6       data     extern E:\3.46\pic18-lt\cxx-framework\src\traditional\proc\p18f4550.asm
               EECON1bits   0x000fa6       data     extern E:\3.46\pic18-lt\cxx-framework\src\traditional\proc\p18f4550.asm
                   EECON2   0x000fa7       data     extern E:\3.46\pic18-lt\cxx-framework\src\traditional\proc\p18f4550.asm
                   EEDATA   0x000fa8       data     extern E:\3.46\pic18-lt\cxx-framework\src\traditional\proc\p18f4550.asm
                     FSR0   0x000fe9       data     extern E:\3.46\pic18-lt\cxx-framework\src\traditional\proc\p18f4550.asm
                    FSR0H   0x000fea       data     extern E:\3.46\pic18-lt\cxx-framework\src\traditional\proc\p18f4550.asm
                    FSR0L   0x000fe9       data     extern E:\3.46\pic18-lt\cxx-framework\src\traditional\proc\p18f4550.asm
                     FSR1   0x000fe1       data     extern E:\3.46\pic18-lt\cxx-framework\src\traditional\proc\p18f4550.asm
                    FSR1H   0x000fe2       data     extern E:\3.46\pic18-lt\cxx-framework\src\traditional\proc\p18f4550.asm
                    FSR1L   0x000fe1       data     extern E:\3.46\pic18-lt\cxx-framework\src\traditional\proc\p18f4550.asm
                     FSR2   0x000fd9       data     extern E:\3.46\pic18-lt\cxx-framework\src\traditional\proc\p18f4550.asm
                    FSR2H   0x000fda       data     extern E:\3.46\pic18-lt\cxx-framework\src\traditional\proc\p18f4550.asm
                    FSR2L   0x000fd9       data     extern E:\3.46\pic18-lt\cxx-framework\src\traditional\proc\p18f4550.asm
                  HLVDCON   0x000fd2       data     extern E:\3.46\pic18-lt\cxx-framework\src\traditional\proc\p18f4550.asm
              HLVDCONbits   0x000fd2       data     extern E:\3.46\pic18-lt\cxx-framework\src\traditional\proc\p18f4550.asm
                    HOURS   0x000089       data     extern C:\Users\Scope11\OneDrive\Documentos\Proteus\2024_01\Proteus\ProjetoPIC18F4550\displayLCDv1-2\rtc.h
                    INDF0   0x000fef       data     extern E:\3.46\pic18-lt\cxx-framework\src\traditional\proc\p18f4550.asm
                    INDF1   0x000fe7       data     extern E:\3.46\pic18-lt\cxx-framework\src\traditional\proc\p18f4550.asm
                    INDF2   0x000fdf       data     extern E:\3.46\pic18-lt\cxx-framework\src\traditional\proc\p18f4550.asm
                   INTCON   0x000ff2       data     extern E:\3.46\pic18-lt\cxx-framework\src\traditional\proc\p18f4550.asm
                  INTCON2   0x000ff1       data     extern E:\3.46\pic18-lt\cxx-framework\src\traditional\proc\p18f4550.asm
              INTCON2bits   0x000ff1       data     extern E:\3.46\pic18-lt\cxx-framework\src\traditional\proc\p18f4550.asm
                  INTCON3   0x000ff0       data     extern E:\3.46\pic18-lt\cxx-framework\src\traditional\proc\p18f4550.asm
              INTCON3bits   0x000ff0       data     extern E:\3.46\pic18-lt\cxx-framework\src\traditional\proc\p18f4550.asm
               INTCONbits   0x000ff2       data     extern E:\3.46\pic18-lt\cxx-framework\src\traditional\proc\p18f4550.asm
                     IPR1   0x000f9f       data     extern E:\3.46\pic18-lt\cxx-framework\src\traditional\proc\p18f4550.asm
                 IPR1bits   0x000f9f       data     extern E:\3.46\pic18-lt\cxx-framework\src\traditional\proc\p18f4550.asm
                     IPR2   0x000fa2       data     extern E:\3.46\pic18-lt\cxx-framework\src\traditional\proc\p18f4550.asm
                 IPR2bits   0x000fa2       data     extern E:\3.46\pic18-lt\cxx-framework\src\traditional\proc\p18f4550.asm
                     LATA   0x000f89       data     extern E:\3.46\pic18-lt\cxx-framework\src\traditional\proc\p18f4550.asm
                 LATAbits   0x000f89       data     extern E:\3.46\pic18-lt\cxx-framework\src\traditional\proc\p18f4550.asm
                     LATB   0x000f8a       data     extern E:\3.46\pic18-lt\cxx-framework\src\traditional\proc\p18f4550.asm
                 LATBbits   0x000f8a       data     extern E:\3.46\pic18-lt\cxx-framework\src\traditional\proc\p18f4550.asm
                     LATC   0x000f8b       data     extern E:\3.46\pic18-lt\cxx-framework\src\traditional\proc\p18f4550.asm
                 LATCbits   0x000f8b       data     extern E:\3.46\pic18-lt\cxx-framework\src\traditional\proc\p18f4550.asm
                     LATD   0x000f8c       data     extern E:\3.46\pic18-lt\cxx-framework\src\traditional\proc\p18f4550.asm
                 LATDbits   0x000f8c       data     extern E:\3.46\pic18-lt\cxx-framework\src\traditional\proc\p18f4550.asm
                     LATE   0x000f8d       data     extern E:\3.46\pic18-lt\cxx-framework\src\traditional\proc\p18f4550.asm
                 LATEbits   0x000f8d       data     extern E:\3.46\pic18-lt\cxx-framework\src\traditional\proc\p18f4550.asm
                   LVDCON   0x000fd2       data     extern E:\3.46\pic18-lt\cxx-framework\src\traditional\proc\p18f4550.asm
               LVDCONbits   0x000fd2       data     extern E:\3.46\pic18-lt\cxx-framework\src\traditional\proc\p18f4550.asm
                  MINUTES   0x000088       data     extern C:\Users\Scope11\OneDrive\Documentos\Proteus\2024_01\Proteus\ProjetoPIC18F4550\displayLCDv1-2\rtc.h
                    MONTH   0x00008c       data     extern C:\Users\Scope11\OneDrive\Documentos\Proteus\2024_01\Proteus\ProjetoPIC18F4550\displayLCDv1-2\rtc.h
                   OSCCON   0x000fd3       data     extern E:\3.46\pic18-lt\cxx-framework\src\traditional\proc\p18f4550.asm
               OSCCONbits   0x000fd3       data     extern E:\3.46\pic18-lt\cxx-framework\src\traditional\proc\p18f4550.asm
                  OSCTUNE   0x000f9b       data     extern E:\3.46\pic18-lt\cxx-framework\src\traditional\proc\p18f4550.asm
              OSCTUNEbits   0x000f9b       data     extern E:\3.46\pic18-lt\cxx-framework\src\traditional\proc\p18f4550.asm
                       PC   0x000ff9       data     extern E:\3.46\pic18-lt\cxx-framework\src\traditional\proc\p18f4550.asm
                      PCL   0x000ff9       data     extern E:\3.46\pic18-lt\cxx-framework\src\traditional\proc\p18f4550.asm
                   PCLATH   0x000ffa       data     extern E:\3.46\pic18-lt\cxx-framework\src\traditional\proc\p18f4550.asm
                   PCLATU   0x000ffb       data     extern E:\3.46\pic18-lt\cxx-framework\src\traditional\proc\p18f4550.asm
                     PIE1   0x000f9d       data     extern E:\3.46\pic18-lt\cxx-framework\src\traditional\proc\p18f4550.asm
                 PIE1bits   0x000f9d       data     extern E:\3.46\pic18-lt\cxx-framework\src\traditional\proc\p18f4550.asm
                     PIE2   0x000fa0       data     extern E:\3.46\pic18-lt\cxx-framework\src\traditional\proc\p18f4550.asm
                 PIE2bits   0x000fa0       data     extern E:\3.46\pic18-lt\cxx-framework\src\traditional\proc\p18f4550.asm
                     PIR1   0x000f9e       data     extern E:\3.46\pic18-lt\cxx-framework\src\traditional\proc\p18f4550.asm
                 PIR1bits   0x000f9e       data     extern E:\3.46\pic18-lt\cxx-framework\src\traditional\proc\p18f4550.asm
                     PIR2   0x000fa1       data     extern E:\3.46\pic18-lt\cxx-framework\src\traditional\proc\p18f4550.asm
                 PIR2bits   0x000fa1       data     extern E:\3.46\pic18-lt\cxx-framework\src\traditional\proc\p18f4550.asm
                   PLUSW0   0x000feb       data     extern E:\3.46\pic18-lt\cxx-framework\src\traditional\proc\p18f4550.asm
                   PLUSW1   0x000fe3       data     extern E:\3.46\pic18-lt\cxx-framework\src\traditional\proc\p18f4550.asm
                   PLUSW2   0x000fdb       data     extern E:\3.46\pic18-lt\cxx-framework\src\traditional\proc\p18f4550.asm
                    PORTA   0x000f80       data     extern E:\3.46\pic18-lt\cxx-framework\src\traditional\proc\p18f4550.asm
                PORTAbits   0x000f80       data     extern E:\3.46\pic18-lt\cxx-framework\src\traditional\proc\p18f4550.asm
                    PORTB   0x000f81       data     extern E:\3.46\pic18-lt\cxx-framework\src\traditional\proc\p18f4550.asm
                PORTBbits   0x000f81       data     extern E:\3.46\pic18-lt\cxx-framework\src\traditional\proc\p18f4550.asm
                    PORTC   0x000f82       data     extern E:\3.46\pic18-lt\cxx-framework\src\traditional\proc\p18f4550.asm
                PORTCbits   0x000f82       data     extern E:\3.46\pic18-lt\cxx-framework\src\traditional\proc\p18f4550.asm
                    PORTD   0x000f83       data     extern E:\3.46\pic18-lt\cxx-framework\src\traditional\proc\p18f4550.asm
                PORTDbits   0x000f83       data     extern E:\3.46\pic18-lt\cxx-framework\src\traditional\proc\p18f4550.asm
                    PORTE   0x000f84       data     extern E:\3.46\pic18-lt\cxx-framework\src\traditional\proc\p18f4550.asm
                PORTEbits   0x000f84       data     extern E:\3.46\pic18-lt\cxx-framework\src\traditional\proc\p18f4550.asm
                 POSTDEC0   0x000fed       data     extern E:\3.46\pic18-lt\cxx-framework\src\traditional\proc\p18f4550.asm
                 POSTDEC1   0x000fe5       data     extern E:\3.46\pic18-lt\cxx-framework\src\traditional\proc\p18f4550.asm
                 POSTDEC2   0x000fdd       data     extern E:\3.46\pic18-lt\cxx-framework\src\traditional\proc\p18f4550.asm
                 POSTINC0   0x000fee       data     extern E:\3.46\pic18-lt\cxx-framework\src\traditional\proc\p18f4550.asm
                 POSTINC1   0x000fe6       data     extern E:\3.46\pic18-lt\cxx-framework\src\traditional\proc\p18f4550.asm
                 POSTINC2   0x000fde       data     extern E:\3.46\pic18-lt\cxx-framework\src\traditional\proc\p18f4550.asm
                      PR2   0x000fcb       data     extern E:\3.46\pic18-lt\cxx-framework\src\traditional\proc\p18f4550.asm
                  PREINC0   0x000fec       data     extern E:\3.46\pic18-lt\cxx-framework\src\traditional\proc\p18f4550.asm
                  PREINC1   0x000fe4       data     extern E:\3.46\pic18-lt\cxx-framework\src\traditional\proc\p18f4550.asm
                  PREINC2   0x000fdc       data     extern E:\3.46\pic18-lt\cxx-framework\src\traditional\proc\p18f4550.asm
                     PROD   0x000ff3       data     extern E:\3.46\pic18-lt\cxx-framework\src\traditional\proc\p18f4550.asm
                    PRODH   0x000ff4       data     extern E:\3.46\pic18-lt\cxx-framework\src\traditional\proc\p18f4550.asm
                    PRODL   0x000ff3       data     extern E:\3.46\pic18-lt\cxx-framework\src\traditional\proc\p18f4550.asm
                     RCON   0x000fd0       data     extern E:\3.46\pic18-lt\cxx-framework\src\traditional\proc\p18f4550.asm
                 RCONbits   0x000fd0       data     extern E:\3.46\pic18-lt\cxx-framework\src\traditional\proc\p18f4550.asm
                    RCREG   0x000fae       data     extern E:\3.46\pic18-lt\cxx-framework\src\traditional\proc\p18f4550.asm
                    RCSTA   0x000fab       data     extern E:\3.46\pic18-lt\cxx-framework\src\traditional\proc\p18f4550.asm
                RCSTAbits   0x000fab       data     extern E:\3.46\pic18-lt\cxx-framework\src\traditional\proc\p18f4550.asm
                  SECONDS   0x000087       data     extern C:\Users\Scope11\OneDrive\Documentos\Proteus\2024_01\Proteus\ProjetoPIC18F4550\displayLCDv1-2\rtc.h
                     SIGN   0x000000       data     extern E:\3.46\pic18-lt\cxx-framework\src\traditional\math\cmath18.asm
                    SPBRG   0x000faf       data     extern E:\3.46\pic18-lt\cxx-framework\src\traditional\proc\p18f4550.asm
                   SPBRGH   0x000fb0       data     extern E:\3.46\pic18-lt\cxx-framework\src\traditional\proc\p18f4550.asm
                   SPPCFG   0x000f63       data     extern E:\3.46\pic18-lt\cxx-framework\src\traditional\proc\p18f4550.asm
               SPPCFGbits   0x000f63       data     extern E:\3.46\pic18-lt\cxx-framework\src\traditional\proc\p18f4550.asm
                   SPPCON   0x000f65       data     extern E:\3.46\pic18-lt\cxx-framework\src\traditional\proc\p18f4550.asm
               SPPCONbits   0x000f65       data     extern E:\3.46\pic18-lt\cxx-framework\src\traditional\proc\p18f4550.asm
                  SPPDATA   0x000f62       data     extern E:\3.46\pic18-lt\cxx-framework\src\traditional\proc\p18f4550.asm
                   SPPEPS   0x000f64       data     extern E:\3.46\pic18-lt\cxx-framework\src\traditional\proc\p18f4550.asm
               SPPEPSbits   0x000f64       data     extern E:\3.46\pic18-lt\cxx-framework\src\traditional\proc\p18f4550.asm
                   SSPADD   0x000fc8       data     extern E:\3.46\pic18-lt\cxx-framework\src\traditional\proc\p18f4550.asm
                   SSPBUF   0x000fc9       data     extern E:\3.46\pic18-lt\cxx-framework\src\traditional\proc\p18f4550.asm
                  SSPCON1   0x000fc6       data     extern E:\3.46\pic18-lt\cxx-framework\src\traditional\proc\p18f4550.asm
              SSPCON1bits   0x000fc6       data     extern E:\3.46\pic18-lt\cxx-framework\src\traditional\proc\p18f4550.asm
                  SSPCON2   0x000fc5       data     extern E:\3.46\pic18-lt\cxx-framework\src\traditional\proc\p18f4550.asm
              SSPCON2bits   0x000fc5       data     extern E:\3.46\pic18-lt\cxx-framework\src\traditional\proc\p18f4550.asm
                  SSPSTAT   0x000fc7       data     extern E:\3.46\pic18-lt\cxx-framework\src\traditional\proc\p18f4550.asm
              SSPSTATbits   0x000fc7       data     extern E:\3.46\pic18-lt\cxx-framework\src\traditional\proc\p18f4550.asm
                   STATUS   0x000fd8       data     extern E:\3.46\pic18-lt\cxx-framework\src\traditional\proc\p18f4550.asm
               STATUSbits   0x000fd8       data     extern E:\3.46\pic18-lt\cxx-framework\src\traditional\proc\p18f4550.asm
                   STKPTR   0x000ffc       data     extern E:\3.46\pic18-lt\cxx-framework\src\traditional\proc\p18f4550.asm
               STKPTRbits   0x000ffc       data     extern E:\3.46\pic18-lt\cxx-framework\src\traditional\proc\p18f4550.asm
                    T0CON   0x000fd5       data     extern E:\3.46\pic18-lt\cxx-framework\src\traditional\proc\p18f4550.asm
                T0CONbits   0x000fd5       data     extern E:\3.46\pic18-lt\cxx-framework\src\traditional\proc\p18f4550.asm
                    T1CON   0x000fcd       data     extern E:\3.46\pic18-lt\cxx-framework\src\traditional\proc\p18f4550.asm
                T1CONbits   0x000fcd       data     extern E:\3.46\pic18-lt\cxx-framework\src\traditional\proc\p18f4550.asm
                    T2CON   0x000fca       data     extern E:\3.46\pic18-lt\cxx-framework\src\traditional\proc\p18f4550.asm
                T2CONbits   0x000fca       data     extern E:\3.46\pic18-lt\cxx-framework\src\traditional\proc\p18f4550.asm
                    T3CON   0x000fb1       data     extern E:\3.46\pic18-lt\cxx-framework\src\traditional\proc\p18f4550.asm
                T3CONbits   0x000fb1       data     extern E:\3.46\pic18-lt\cxx-framework\src\traditional\proc\p18f4550.asm
                   TABLAT   0x000ff5       data     extern E:\3.46\pic18-lt\cxx-framework\src\traditional\proc\p18f4550.asm
                   TBLPTR   0x000ff6       data     extern E:\3.46\pic18-lt\cxx-framework\src\traditional\proc\p18f4550.asm
                  TBLPTRH   0x000ff7       data     extern E:\3.46\pic18-lt\cxx-framework\src\traditional\proc\p18f4550.asm
                  TBLPTRL   0x000ff6       data     extern E:\3.46\pic18-lt\cxx-framework\src\traditional\proc\p18f4550.asm
                  TBLPTRU   0x000ff8       data     extern E:\3.46\pic18-lt\cxx-framework\src\traditional\proc\p18f4550.asm
                    TMR0H   0x000fd7       data     extern E:\3.46\pic18-lt\cxx-framework\src\traditional\proc\p18f4550.asm
                    TMR0L   0x000fd6       data     extern E:\3.46\pic18-lt\cxx-framework\src\traditional\proc\p18f4550.asm
                    TMR1H   0x000fcf       data     extern E:\3.46\pic18-lt\cxx-framework\src\traditional\proc\p18f4550.asm
                    TMR1L   0x000fce       data     extern E:\3.46\pic18-lt\cxx-framework\src\traditional\proc\p18f4550.asm
                     TMR2   0x000fcc       data     extern E:\3.46\pic18-lt\cxx-framework\src\traditional\proc\p18f4550.asm
                    TMR3H   0x000fb3       data     extern E:\3.46\pic18-lt\cxx-framework\src\traditional\proc\p18f4550.asm
                    TMR3L   0x000fb2       data     extern E:\3.46\pic18-lt\cxx-framework\src\traditional\proc\p18f4550.asm
                      TOS   0x000ffd       data     extern E:\3.46\pic18-lt\cxx-framework\src\traditional\proc\p18f4550.asm
                     TOSH   0x000ffe       data     extern E:\3.46\pic18-lt\cxx-framework\src\traditional\proc\p18f4550.asm
                     TOSL   0x000ffd       data     extern E:\3.46\pic18-lt\cxx-framework\src\traditional\proc\p18f4550.asm
                     TOSU   0x000fff       data     extern E:\3.46\pic18-lt\cxx-framework\src\traditional\proc\p18f4550.asm
                    TRISA   0x000f92       data     extern E:\3.46\pic18-lt\cxx-framework\src\traditional\proc\p18f4550.asm
                TRISAbits   0x000f92       data     extern E:\3.46\pic18-lt\cxx-framework\src\traditional\proc\p18f4550.asm
                    TRISB   0x000f93       data     extern E:\3.46\pic18-lt\cxx-framework\src\traditional\proc\p18f4550.asm
                TRISBbits   0x000f93       data     extern E:\3.46\pic18-lt\cxx-framework\src\traditional\proc\p18f4550.asm
                    TRISC   0x000f94       data     extern E:\3.46\pic18-lt\cxx-framework\src\traditional\proc\p18f4550.asm
                TRISCbits   0x000f94       data     extern E:\3.46\pic18-lt\cxx-framework\src\traditional\proc\p18f4550.asm
                    TRISD   0x000f95       data     extern E:\3.46\pic18-lt\cxx-framework\src\traditional\proc\p18f4550.asm
                TRISDbits   0x000f95       data     extern E:\3.46\pic18-lt\cxx-framework\src\traditional\proc\p18f4550.asm
                    TRISE   0x000f96       data     extern E:\3.46\pic18-lt\cxx-framework\src\traditional\proc\p18f4550.asm
                TRISEbits   0x000f96       data     extern E:\3.46\pic18-lt\cxx-framework\src\traditional\proc\p18f4550.asm
                    TXREG   0x000fad       data     extern E:\3.46\pic18-lt\cxx-framework\src\traditional\proc\p18f4550.asm
                    TXSTA   0x000fac       data     extern E:\3.46\pic18-lt\cxx-framework\src\traditional\proc\p18f4550.asm
                TXSTAbits   0x000fac       data     extern E:\3.46\pic18-lt\cxx-framework\src\traditional\proc\p18f4550.asm
                    UADDR   0x000f6e       data     extern E:\3.46\pic18-lt\cxx-framework\src\traditional\proc\p18f4550.asm
                UADDRbits   0x000f6e       data     extern E:\3.46\pic18-lt\cxx-framework\src\traditional\proc\p18f4550.asm
                     UCFG   0x000f6f       data     extern E:\3.46\pic18-lt\cxx-framework\src\traditional\proc\p18f4550.asm
                 UCFGbits   0x000f6f       data     extern E:\3.46\pic18-lt\cxx-framework\src\traditional\proc\p18f4550.asm
                     UCON   0x000f6d       data     extern E:\3.46\pic18-lt\cxx-framework\src\traditional\proc\p18f4550.asm
                 UCONbits   0x000f6d       data     extern E:\3.46\pic18-lt\cxx-framework\src\traditional\proc\p18f4550.asm
                     UEIE   0x000f6b       data     extern E:\3.46\pic18-lt\cxx-framework\src\traditional\proc\p18f4550.asm
                 UEIEbits   0x000f6b       data     extern E:\3.46\pic18-lt\cxx-framework\src\traditional\proc\p18f4550.asm
                     UEIR   0x000f6a       data     extern E:\3.46\pic18-lt\cxx-framework\src\traditional\proc\p18f4550.asm
                 UEIRbits   0x000f6a       data     extern E:\3.46\pic18-lt\cxx-framework\src\traditional\proc\p18f4550.asm
                     UEP0   0x000f70       data     extern E:\3.46\pic18-lt\cxx-framework\src\traditional\proc\p18f4550.asm
                 UEP0bits   0x000f70       data     extern E:\3.46\pic18-lt\cxx-framework\src\traditional\proc\p18f4550.asm
                     UEP1   0x000f71       data     extern E:\3.46\pic18-lt\cxx-framework\src\traditional\proc\p18f4550.asm
                    UEP10   0x000f7a       data     extern E:\3.46\pic18-lt\cxx-framework\src\traditional\proc\p18f4550.asm
                UEP10bits   0x000f7a       data     extern E:\3.46\pic18-lt\cxx-framework\src\traditional\proc\p18f4550.asm
                    UEP11   0x000f7b       data     extern E:\3.46\pic18-lt\cxx-framework\src\traditional\proc\p18f4550.asm
                UEP11bits   0x000f7b       data     extern E:\3.46\pic18-lt\cxx-framework\src\traditional\proc\p18f4550.asm
                    UEP12   0x000f7c       data     extern E:\3.46\pic18-lt\cxx-framework\src\traditional\proc\p18f4550.asm
                UEP12bits   0x000f7c       data     extern E:\3.46\pic18-lt\cxx-framework\src\traditional\proc\p18f4550.asm
                    UEP13   0x000f7d       data     extern E:\3.46\pic18-lt\cxx-framework\src\traditional\proc\p18f4550.asm
                UEP13bits   0x000f7d       data     extern E:\3.46\pic18-lt\cxx-framework\src\traditional\proc\p18f4550.asm
                    UEP14   0x000f7e       data     extern E:\3.46\pic18-lt\cxx-framework\src\traditional\proc\p18f4550.asm
                UEP14bits   0x000f7e       data     extern E:\3.46\pic18-lt\cxx-framework\src\traditional\proc\p18f4550.asm
                    UEP15   0x000f7f       data     extern E:\3.46\pic18-lt\cxx-framework\src\traditional\proc\p18f4550.asm
                UEP15bits   0x000f7f       data     extern E:\3.46\pic18-lt\cxx-framework\src\traditional\proc\p18f4550.asm
                 UEP1bits   0x000f71       data     extern E:\3.46\pic18-lt\cxx-framework\src\traditional\proc\p18f4550.asm
                     UEP2   0x000f72       data     extern E:\3.46\pic18-lt\cxx-framework\src\traditional\proc\p18f4550.asm
                 UEP2bits   0x000f72       data     extern E:\3.46\pic18-lt\cxx-framework\src\traditional\proc\p18f4550.asm
                     UEP3   0x000f73       data     extern E:\3.46\pic18-lt\cxx-framework\src\traditional\proc\p18f4550.asm
                 UEP3bits   0x000f73       data     extern E:\3.46\pic18-lt\cxx-framework\src\traditional\proc\p18f4550.asm
                     UEP4   0x000f74       data     extern E:\3.46\pic18-lt\cxx-framework\src\traditional\proc\p18f4550.asm
                 UEP4bits   0x000f74       data     extern E:\3.46\pic18-lt\cxx-framework\src\traditional\proc\p18f4550.asm
                     UEP5   0x000f75       data     extern E:\3.46\pic18-lt\cxx-framework\src\traditional\proc\p18f4550.asm
                 UEP5bits   0x000f75       data     extern E:\3.46\pic18-lt\cxx-framework\src\traditional\proc\p18f4550.asm
                     UEP6   0x000f76       data     extern E:\3.46\pic18-lt\cxx-framework\src\traditional\proc\p18f4550.asm
                 UEP6bits   0x000f76       data     extern E:\3.46\pic18-lt\cxx-framework\src\traditional\proc\p18f4550.asm
                     UEP7   0x000f77       data     extern E:\3.46\pic18-lt\cxx-framework\src\traditional\proc\p18f4550.asm
                 UEP7bits   0x000f77       data     extern E:\3.46\pic18-lt\cxx-framework\src\traditional\proc\p18f4550.asm
                     UEP8   0x000f78       data     extern E:\3.46\pic18-lt\cxx-framework\src\traditional\proc\p18f4550.asm
                 UEP8bits   0x000f78       data     extern E:\3.46\pic18-lt\cxx-framework\src\traditional\proc\p18f4550.asm
                     UEP9   0x000f79       data     extern E:\3.46\pic18-lt\cxx-framework\src\traditional\proc\p18f4550.asm
                 UEP9bits   0x000f79       data     extern E:\3.46\pic18-lt\cxx-framework\src\traditional\proc\p18f4550.asm
                     UFRM   0x000f66       data     extern E:\3.46\pic18-lt\cxx-framework\src\traditional\proc\p18f4550.asm
                    UFRMH   0x000f67       data     extern E:\3.46\pic18-lt\cxx-framework\src\traditional\proc\p18f4550.asm
                UFRMHbits   0x000f67       data     extern E:\3.46\pic18-lt\cxx-framework\src\traditional\proc\p18f4550.asm
                    UFRML   0x000f66       data     extern E:\3.46\pic18-lt\cxx-framework\src\traditional\proc\p18f4550.asm
                UFRMLbits   0x000f66       data     extern E:\3.46\pic18-lt\cxx-framework\src\traditional\proc\p18f4550.asm
                      UIE   0x000f69       data     extern E:\3.46\pic18-lt\cxx-framework\src\traditional\proc\p18f4550.asm
                  UIEbits   0x000f69       data     extern E:\3.46\pic18-lt\cxx-framework\src\traditional\proc\p18f4550.asm
                      UIR   0x000f68       data     extern E:\3.46\pic18-lt\cxx-framework\src\traditional\proc\p18f4550.asm
                  UIRbits   0x000f68       data     extern E:\3.46\pic18-lt\cxx-framework\src\traditional\proc\p18f4550.asm
                    USTAT   0x000f6c       data     extern E:\3.46\pic18-lt\cxx-framework\src\traditional\proc\p18f4550.asm
                USTATbits   0x000f6c       data     extern E:\3.46\pic18-lt\cxx-framework\src\traditional\proc\p18f4550.asm
                     VAN0   0x00008e       data     extern C:\Users\Scope11\OneDrive\Documentos\Proteus\2024_01\Proteus\ProjetoPIC18F4550\displayLCDv1-2\main.c
                   WDTCON   0x000fd1       data     extern E:\3.46\pic18-lt\cxx-framework\src\traditional\proc\p18f4550.asm
               WDTCONbits   0x000fd1       data     extern E:\3.46\pic18-lt\cxx-framework\src\traditional\proc\p18f4550.asm
                     WREG   0x000fe8       data     extern E:\3.46\pic18-lt\cxx-framework\src\traditional\proc\p18f4550.asm
                     YEAR   0x00008d       data     extern C:\Users\Scope11\OneDrive\Documentos\Proteus\2024_01\Proteus\ProjetoPIC18F4550\displayLCDv1-2\rtc.h
                 __AARGB0   0x000009       data     extern E:\3.46\pic18-lt\cxx-framework\src\traditional\math\aarg.asm
                 __AARGB1   0x000008       data     extern E:\3.46\pic18-lt\cxx-framework\src\traditional\math\aarg.asm
                 __AARGB2   0x000007       data     extern E:\3.46\pic18-lt\cxx-framework\src\traditional\math\aarg.asm
                 __AARGB3   0x000006       data     extern E:\3.46\pic18-lt\cxx-framework\src\traditional\math\aarg.asm
                 __AARGB4   0x000005       data     extern E:\3.46\pic18-lt\cxx-framework\src\traditional\math\aarg.asm
                 __AARGB5   0x000004       data     extern E:\3.46\pic18-lt\cxx-framework\src\traditional\math\aarg.asm
                 __AARGB6   0x000003       data     extern E:\3.46\pic18-lt\cxx-framework\src\traditional\math\aarg.asm
                 __AARGB7   0x000002       data     extern E:\3.46\pic18-lt\cxx-framework\src\traditional\math\aarg.asm
                   __AEXP   0x00000a       data     extern E:\3.46\pic18-lt\cxx-framework\src\traditional\math\aarg.asm
                 __BARGB0   0x00000e       data     extern E:\3.46\pic18-lt\cxx-framework\src\traditional\math\barg.asm
                 __BARGB1   0x00000d       data     extern E:\3.46\pic18-lt\cxx-framework\src\traditional\math\barg.asm
                 __BARGB2   0x00000c       data     extern E:\3.46\pic18-lt\cxx-framework\src\traditional\math\barg.asm
                 __BARGB3   0x00000b       data     extern E:\3.46\pic18-lt\cxx-framework\src\traditional\math\barg.asm
                   __BEXP   0x00000f       data     extern E:\3.46\pic18-lt\cxx-framework\src\traditional\math\barg.asm
                __FPFLAGS   0x000001       data     extern E:\3.46\pic18-lt\cxx-framework\src\traditional\math\cmath18.asm
            __FPFLAGSbits   0x000001       data     extern E:\3.46\pic18-lt\cxx-framework\src\traditional\math\cmath18.asm
                  __REMB0   0x000005       data     extern E:\3.46\pic18-lt\cxx-framework\src\traditional\math\aarg.asm
                  __REMB1   0x000004       data     extern E:\3.46\pic18-lt\cxx-framework\src\traditional\math\aarg.asm
                  __REMB2   0x000003       data     extern E:\3.46\pic18-lt\cxx-framework\src\traditional\math\aarg.asm
                  __REMB3   0x000002       data     extern E:\3.46\pic18-lt\cxx-framework\src\traditional\math\aarg.asm
                  __tmp_0   0x000010       data     static C:\Users\Scope11\OneDrive\Documentos\Proteus\2024_01\Proteus\ProjetoPIC18F4550\displayLCDv1-2\main.c
                curr_byte   0x000080       data     static E:\3.46\pic18-lt\cxx-framework\src\traditional\startup\c018i.c
               curr_entry   0x000082       data     static E:\3.46\pic18-lt\cxx-framework\src\traditional\startup\c018i.c
             cursor_pos_x   0x000074       data     extern C:\Users\Scope11\OneDrive\Documentos\Proteus\2024_01\Proteus\ProjetoPIC18F4550\displayLCDv1-2\main.c
             cursor_pos_y   0x000075       data     extern C:\Users\Scope11\OneDrive\Documentos\Proteus\2024_01\Proteus\ProjetoPIC18F4550\displayLCDv1-2\main.c
           cursor_visivel   0x000076       data     extern C:\Users\Scope11\OneDrive\Documentos\Proteus\2024_01\Proteus\ProjetoPIC18F4550\displayLCDv1-2\main.c
                 data_ptr   0x000084       data     static E:\3.46\pic18-lt\cxx-framework\src\traditional\startup\c018i.c
      estado_anterior_btn   0x000060       data     extern C:\Users\Scope11\OneDrive\Documentos\Proteus\2024_01\Proteus\ProjetoPIC18F4550\displayLCDv1-2\main.c
                   faixas   0x00006a       data     extern C:\Users\Scope11\OneDrive\Documentos\Proteus\2024_01\Proteus\ProjetoPIC18F4550\displayLCDv1-2\main.c
                 flag_btn   0x000065       data     extern C:\Users\Scope11\OneDrive\Documentos\Proteus\2024_01\Proteus\ProjetoPIC18F4550\displayLCDv1-2\main.c
                   indice   0x000077       data     extern C:\Users\Scope11\OneDrive\Documentos\Proteus\2024_01\Proteus\ProjetoPIC18F4550\displayLCDv1-2\main.c
                     prom   0x00007d       data     static E:\3.46\pic18-lt\cxx-framework\src\traditional\startup\c018i.c
                   sprays   0x00007a       data     extern C:\Users\Scope11\OneDrive\Documentos\Proteus\2024_01\Proteus\ProjetoPIC18F4550\displayLCDv1-2\main.c
                   status   0x000078       data     extern C:\Users\Scope11\OneDrive\Documentos\Proteus\2024_01\Proteus\ProjetoPIC18F4550\displayLCDv1-2\main.c
           variavel_teste   0x00007b       data     extern C:\Users\Scope11\OneDrive\Documentos\Proteus\2024_01\Proteus\ProjetoPIC18F4550\displayLCDv1-2\main.c



                              Symbols - Sorted by Address
                     Name    Address   Location    Storage File                     
                ---------  ---------  ---------  --------- ---------                
                   _entry   0x000000    program     extern E:\3.46\pic18-lt\cxx-framework\src\traditional\startup\c018i.c
       ___return_lbl00000   0x000004    program     static                          
               cmdLCD_i2c   0x000014    program     extern C:\Users\Scope11\OneDrive\Documentos\Proteus\2024_01\Proteus\ProjetoPIC18F4550\displayLCDv1-2\lcd_i2c.h
              StartLCDi2c   0x0000ca    program     extern C:\Users\Scope11\OneDrive\Documentos\Proteus\2024_01\Proteus\ProjetoPIC18F4550\displayLCDv1-2\lcd_i2c.h
         printCharLCD_i2c   0x00012a    program     extern C:\Users\Scope11\OneDrive\Documentos\Proteus\2024_01\Proteus\ProjetoPIC18F4550\displayLCDv1-2\lcd_i2c.h
       printStringLCD_i2c   0x0001e0    program     extern C:\Users\Scope11\OneDrive\Documentos\Proteus\2024_01\Proteus\ProjetoPIC18F4550\displayLCDv1-2\lcd_i2c.h
         setCursorLCD_i2c   0x000224    program     extern C:\Users\Scope11\OneDrive\Documentos\Proteus\2024_01\Proteus\ProjetoPIC18F4550\displayLCDv1-2\lcd_i2c.h
                 StartRTC   0x000284    program     extern C:\Users\Scope11\OneDrive\Documentos\Proteus\2024_01\Proteus\ProjetoPIC18F4550\displayLCDv1-2\rtc.h
                  ReadRTC   0x000314    program     extern C:\Users\Scope11\OneDrive\Documentos\Proteus\2024_01\Proteus\ProjetoPIC18F4550\displayLCDv1-2\rtc.h
              ShowRTCInfo   0x000404    program     extern C:\Users\Scope11\OneDrive\Documentos\Proteus\2024_01\Proteus\ProjetoPIC18F4550\displayLCDv1-2\rtc.h
                     main   0x0004ee    program     extern C:\Users\Scope11\OneDrive\Documentos\Proteus\2024_01\Proteus\ProjetoPIC18F4550\displayLCDv1-2\main.c
                 maskInit   0x00055a    program     extern C:\Users\Scope11\OneDrive\Documentos\Proteus\2024_01\Proteus\ProjetoPIC18F4550\displayLCDv1-2\main.c
             maskSensores   0x000596    program     extern C:\Users\Scope11\OneDrive\Documentos\Proteus\2024_01\Proteus\ProjetoPIC18F4550\displayLCDv1-2\main.c
          maskPurificador   0x000606    program     extern C:\Users\Scope11\OneDrive\Documentos\Proteus\2024_01\Proteus\ProjetoPIC18F4550\displayLCDv1-2\main.c
              maskMotores   0x000642    program     extern C:\Users\Scope11\OneDrive\Documentos\Proteus\2024_01\Proteus\ProjetoPIC18F4550\displayLCDv1-2\main.c
               paginaHome   0x00067e    program     extern C:\Users\Scope11\OneDrive\Documentos\Proteus\2024_01\Proteus\ProjetoPIC18F4550\displayLCDv1-2\main.c
      paginaConfiguracoes   0x00079e    program     extern C:\Users\Scope11\OneDrive\Documentos\Proteus\2024_01\Proteus\ProjetoPIC18F4550\displayLCDv1-2\main.c
               paginaInfo   0x0007e4    program     extern C:\Users\Scope11\OneDrive\Documentos\Proteus\2024_01\Proteus\ProjetoPIC18F4550\displayLCDv1-2\main.c
                 paginaMe   0x0008de    program     extern C:\Users\Scope11\OneDrive\Documentos\Proteus\2024_01\Proteus\ProjetoPIC18F4550\displayLCDv1-2\main.c
               bateriaLow   0x000924    program     extern C:\Users\Scope11\OneDrive\Documentos\Proteus\2024_01\Proteus\ProjetoPIC18F4550\displayLCDv1-2\main.c
                     cat1   0x000980    program     extern C:\Users\Scope11\OneDrive\Documentos\Proteus\2024_01\Proteus\ProjetoPIC18F4550\displayLCDv1-2\main.c
                     cat2   0x0009d6    program     extern C:\Users\Scope11\OneDrive\Documentos\Proteus\2024_01\Proteus\ProjetoPIC18F4550\displayLCDv1-2\main.c
           loadCaracteres   0x000a2c    program     extern C:\Users\Scope11\OneDrive\Documentos\Proteus\2024_01\Proteus\ProjetoPIC18F4550\displayLCDv1-2\main.c
    atualizaPosicaoCursor   0x000a34    program     extern C:\Users\Scope11\OneDrive\Documentos\Proteus\2024_01\Proteus\ProjetoPIC18F4550\displayLCDv1-2\main.c
           atualizaIndice   0x000a70    program     extern C:\Users\Scope11\OneDrive\Documentos\Proteus\2024_01\Proteus\ProjetoPIC18F4550\displayLCDv1-2\main.c
       atualizaIndiceInfo   0x000aac    program     extern C:\Users\Scope11\OneDrive\Documentos\Proteus\2024_01\Proteus\ProjetoPIC18F4550\displayLCDv1-2\main.c
         atualizaSensores   0x000ace    program     extern C:\Users\Scope11\OneDrive\Documentos\Proteus\2024_01\Proteus\ProjetoPIC18F4550\displayLCDv1-2\main.c
          atualizaMotores   0x000bb8    program     extern C:\Users\Scope11\OneDrive\Documentos\Proteus\2024_01\Proteus\ProjetoPIC18F4550\displayLCDv1-2\main.c
      atualizaPurificador   0x000bca    program     extern C:\Users\Scope11\OneDrive\Documentos\Proteus\2024_01\Proteus\ProjetoPIC18F4550\displayLCDv1-2\main.c
               menuSelect   0x000bdc    program     extern C:\Users\Scope11\OneDrive\Documentos\Proteus\2024_01\Proteus\ProjetoPIC18F4550\displayLCDv1-2\main.c
               infoSelect   0x000c18    program     extern C:\Users\Scope11\OneDrive\Documentos\Proteus\2024_01\Proteus\ProjetoPIC18F4550\displayLCDv1-2\main.c
        TelaInicializacao   0x000c52    program     extern C:\Users\Scope11\OneDrive\Documentos\Proteus\2024_01\Proteus\ProjetoPIC18F4550\displayLCDv1-2\main.c
             lerAnalogico   0x000d22    program     extern C:\Users\Scope11\OneDrive\Documentos\Proteus\2024_01\Proteus\ProjetoPIC18F4550\displayLCDv1-2\main.c
                lerBotoes   0x000d60    program     extern C:\Users\Scope11\OneDrive\Documentos\Proteus\2024_01\Proteus\ProjetoPIC18F4550\displayLCDv1-2\main.c
           atualizaBotoes   0x000e26    program     extern C:\Users\Scope11\OneDrive\Documentos\Proteus\2024_01\Proteus\ProjetoPIC18F4550\displayLCDv1-2\main.c
                 lenShort   0x000e38    program     extern C:\Users\Scope11\OneDrive\Documentos\Proteus\2024_01\Proteus\ProjetoPIC18F4550\displayLCDv1-2\main.c
       convertShortToChar   0x000ea4    program     extern C:\Users\Scope11\OneDrive\Documentos\Proteus\2024_01\Proteus\ProjetoPIC18F4550\displayLCDv1-2\main.c
                 delay_ms   0x000faa    program     extern C:\Users\Scope11\OneDrive\Documentos\Proteus\2024_01\Proteus\ProjetoPIC18F4550\displayLCDv1-2\main.c
              __string_21   0x000fe8    program     static C:\Users\Scope11\OneDrive\Documentos\Proteus\2024_01\Proteus\ProjetoPIC18F4550\displayLCDv1-2\main.c
              __string_20   0x000fec    program     static C:\Users\Scope11\OneDrive\Documentos\Proteus\2024_01\Proteus\ProjetoPIC18F4550\displayLCDv1-2\main.c
              __string_19   0x000ffb    program     static C:\Users\Scope11\OneDrive\Documentos\Proteus\2024_01\Proteus\ProjetoPIC18F4550\displayLCDv1-2\main.c
              __string_18   0x001009    program     static C:\Users\Scope11\OneDrive\Documentos\Proteus\2024_01\Proteus\ProjetoPIC18F4550\displayLCDv1-2\main.c
              __string_17   0x00101e    program     static C:\Users\Scope11\OneDrive\Documentos\Proteus\2024_01\Proteus\ProjetoPIC18F4550\displayLCDv1-2\main.c
              __string_16   0x001033    program     static C:\Users\Scope11\OneDrive\Documentos\Proteus\2024_01\Proteus\ProjetoPIC18F4550\displayLCDv1-2\main.c
              __string_15   0x001048    program     static C:\Users\Scope11\OneDrive\Documentos\Proteus\2024_01\Proteus\ProjetoPIC18F4550\displayLCDv1-2\main.c
              __string_14   0x00105d    program     static C:\Users\Scope11\OneDrive\Documentos\Proteus\2024_01\Proteus\ProjetoPIC18F4550\displayLCDv1-2\main.c
              __string_13   0x001067    program     static C:\Users\Scope11\OneDrive\Documentos\Proteus\2024_01\Proteus\ProjetoPIC18F4550\displayLCDv1-2\main.c
              __string_12   0x001070    program     static C:\Users\Scope11\OneDrive\Documentos\Proteus\2024_01\Proteus\ProjetoPIC18F4550\displayLCDv1-2\main.c
              __string_11   0x001084    program     static C:\Users\Scope11\OneDrive\Documentos\Proteus\2024_01\Proteus\ProjetoPIC18F4550\displayLCDv1-2\main.c
              __string_10   0x001092    program     static C:\Users\Scope11\OneDrive\Documentos\Proteus\2024_01\Proteus\ProjetoPIC18F4550\displayLCDv1-2\main.c
               __string_9   0x0010a0    program     static C:\Users\Scope11\OneDrive\Documentos\Proteus\2024_01\Proteus\ProjetoPIC18F4550\displayLCDv1-2\main.c
               __string_8   0x0010b5    program     static C:\Users\Scope11\OneDrive\Documentos\Proteus\2024_01\Proteus\ProjetoPIC18F4550\displayLCDv1-2\main.c
               __string_7   0x0010ca    program     static C:\Users\Scope11\OneDrive\Documentos\Proteus\2024_01\Proteus\ProjetoPIC18F4550\displayLCDv1-2\main.c
               __string_6   0x0010da    program     static C:\Users\Scope11\OneDrive\Documentos\Proteus\2024_01\Proteus\ProjetoPIC18F4550\displayLCDv1-2\main.c
               __string_5   0x0010ea    program     static C:\Users\Scope11\OneDrive\Documentos\Proteus\2024_01\Proteus\ProjetoPIC18F4550\displayLCDv1-2\main.c
               __string_4   0x0010fa    program     static C:\Users\Scope11\OneDrive\Documentos\Proteus\2024_01\Proteus\ProjetoPIC18F4550\displayLCDv1-2\main.c
               __string_3   0x00110a    program     static C:\Users\Scope11\OneDrive\Documentos\Proteus\2024_01\Proteus\ProjetoPIC18F4550\displayLCDv1-2\main.c
               __string_2   0x001121    program     static C:\Users\Scope11\OneDrive\Documentos\Proteus\2024_01\Proteus\ProjetoPIC18F4550\displayLCDv1-2\main.c
               __string_1   0x001137    program     static C:\Users\Scope11\OneDrive\Documentos\Proteus\2024_01\Proteus\ProjetoPIC18F4550\displayLCDv1-2\main.c
               __string_0   0x00113b    program     static C:\Users\Scope11\OneDrive\Documentos\Proteus\2024_01\Proteus\ProjetoPIC18F4550\displayLCDv1-2\main.c
                _do_cinit   0x00113e    program     extern E:\3.46\pic18-lt\cxx-framework\src\traditional\startup\c018i.c
                     test   0x001158    program     static                          
                copy_loop   0x0011b0    program     static                          
            copy_one_byte   0x0011b6    program     static                          
             done_copying   0x0011c4    program     static                          
                     done   0x0011da    program     static                          
       ___return_lbl00002   0x0011da    program     static                          
                 WriteI2C   0x0011dc    program     extern E:\3.46\pic18-lt\cxx-framework\src\pmc_common\i2c\i2c_writ.c
                 FXD1616S   0x00124e    program     extern E:\3.46\pic18-lt\cxx-framework\src\traditional\math\fxd1616s.asm
                  DA1616S   0x001260    program     static E:\3.46\pic18-lt\cxx-framework\src\traditional\math\fxd1616s.asm
                   D1616S   0x001270    program     static E:\3.46\pic18-lt\cxx-framework\src\traditional\math\fxd1616s.asm
                 D1616SOK   0x00127a    program     static E:\3.46\pic18-lt\cxx-framework\src\traditional\math\fxd1616s.asm
                D1616SNEG   0x00127e    program     static E:\3.46\pic18-lt\cxx-framework\src\traditional\math\fxd1616s.asm
                  D1616SX   0x001290    program     static E:\3.46\pic18-lt\cxx-framework\src\traditional\math\fxd1616s.asm
                  OpenI2C   0x00129a    program     extern E:\3.46\pic18-lt\cxx-framework\src\pmc_common\i2c\i2c_open.c
                 FXD1616U   0x0012d0    program     extern E:\3.46\pic18-lt\cxx-framework\src\traditional\math\fxd1616u.c
                     loop   0x0012da    program     static                          
                  endloop   0x0012f6    program     static                          
       ___return_lbl00000   0x0012fa    program     static                          
              Delay1KTCYx   0x0012fc    program     extern E:\3.46\pic18-lt\cxx-framework\src\traditional\delays\d1ktcyx.asm
                     D1Kx   0x001306    program     static E:\3.46\pic18-lt\cxx-framework\src\traditional\delays\d1ktcyx.asm
                    D1K_1   0x001308    program     static E:\3.46\pic18-lt\cxx-framework\src\traditional\delays\d1ktcyx.asm
        _D1KTCYXCODE_0010   0x00130c    program     static E:\3.46\pic18-lt\cxx-framework\src\traditional\delays\d1ktcyx.asm
        _D1KTCYXCODE_0016   0x001312    program     static E:\3.46\pic18-lt\cxx-framework\src\traditional\delays\d1ktcyx.asm
            __zero_memory   0x00131c    program     extern E:\3.46\pic18-lt\cxx-framework\src\traditional\proc\p18f4550.asm
                   loop_h   0x00132a    program     static E:\3.46\pic18-lt\cxx-framework\src\traditional\proc\p18f4550.asm
               zero_block   0x00132a    program     static E:\3.46\pic18-lt\cxx-framework\src\traditional\proc\p18f4550.asm
                compare_l   0x001332    program     static E:\3.46\pic18-lt\cxx-framework\src\traditional\proc\p18f4550.asm
                   loop_l   0x001334    program     static E:\3.46\pic18-lt\cxx-framework\src\traditional\proc\p18f4550.asm
                 _startup   0x00133c    program     extern E:\3.46\pic18-lt\cxx-framework\src\traditional\startup\c018i.c
                     loop   0x00134c    program     static                          
       ___return_lbl00001   0x001356    program     static                          
             Delay100TCYx   0x001358    program     extern E:\3.46\pic18-lt\cxx-framework\src\traditional\delays\d100tcyx.asm
       _D100TCYXCODE_0008   0x001360    program     static E:\3.46\pic18-lt\cxx-framework\src\traditional\delays\d100tcyx.asm
                    D100x   0x001364    program     static E:\3.46\pic18-lt\cxx-framework\src\traditional\delays\d100tcyx.asm
                   D100_1   0x001366    program     static E:\3.46\pic18-lt\cxx-framework\src\traditional\delays\d100tcyx.asm
       _D100TCYXCODE_0012   0x00136a    program     static E:\3.46\pic18-lt\cxx-framework\src\traditional\delays\d100tcyx.asm
       _D100TCYXCODE_0018   0x001370    program     static E:\3.46\pic18-lt\cxx-framework\src\traditional\delays\d100tcyx.asm
                  ReadI2C   0x001374    program     extern E:\3.46\pic18-lt\cxx-framework\src\pmc_common\i2c\i2c_read.c
              Delay10TCYx   0x00138e    program     extern E:\3.46\pic18-lt\cxx-framework\src\traditional\delays\d10tcyx.asm
                     D10x   0x001396    program     static E:\3.46\pic18-lt\cxx-framework\src\traditional\delays\d10tcyx.asm
        _D10TCYXCODE_000A   0x001398    program     static E:\3.46\pic18-lt\cxx-framework\src\traditional\delays\d10tcyx.asm
        _D10TCYXCODE_000C   0x00139a    program     static E:\3.46\pic18-lt\cxx-framework\src\traditional\delays\d10tcyx.asm
        _D10TCYXCODE_000E   0x00139c    program     static E:\3.46\pic18-lt\cxx-framework\src\traditional\delays\d10tcyx.asm
                    D10_1   0x00139e    program     static E:\3.46\pic18-lt\cxx-framework\src\traditional\delays\d10tcyx.asm
                  IdleI2C   0x0013a4    program     extern E:\3.46\pic18-lt\cxx-framework\src\pmc_common\i2c\i2c_idle.c
                   __init   0x0013b2    program     extern E:\3.46\pic18-lt\cxx-framework\src\traditional\stdclib\__init.c
               __config_0   0x300001    program     static C:\Users\Scope11\OneDrive\Documentos\Proteus\2024_01\Proteus\ProjetoPIC18F4550\displayLCDv1-2\main.c
               __config_1   0x300002    program     static C:\Users\Scope11\OneDrive\Documentos\Proteus\2024_01\Proteus\ProjetoPIC18F4550\displayLCDv1-2\main.c
               __config_2   0x300003    program     static C:\Users\Scope11\OneDrive\Documentos\Proteus\2024_01\Proteus\ProjetoPIC18F4550\displayLCDv1-2\main.c
               __config_3   0x300005    program     static C:\Users\Scope11\OneDrive\Documentos\Proteus\2024_01\Proteus\ProjetoPIC18F4550\displayLCDv1-2\main.c
               __config_4   0x300006    program     static C:\Users\Scope11\OneDrive\Documentos\Proteus\2024_01\Proteus\ProjetoPIC18F4550\displayLCDv1-2\main.c
                     SIGN   0x000000       data     extern E:\3.46\pic18-lt\cxx-framework\src\traditional\math\cmath18.asm
                __FPFLAGS   0x000001       data     extern E:\3.46\pic18-lt\cxx-framework\src\traditional\math\cmath18.asm
            __FPFLAGSbits   0x000001       data     extern E:\3.46\pic18-lt\cxx-framework\src\traditional\math\cmath18.asm
                 __AARGB7   0x000002       data     extern E:\3.46\pic18-lt\cxx-framework\src\traditional\math\aarg.asm
                  __REMB3   0x000002       data     extern E:\3.46\pic18-lt\cxx-framework\src\traditional\math\aarg.asm
                 __AARGB6   0x000003       data     extern E:\3.46\pic18-lt\cxx-framework\src\traditional\math\aarg.asm
                  __REMB2   0x000003       data     extern E:\3.46\pic18-lt\cxx-framework\src\traditional\math\aarg.asm
                 __AARGB5   0x000004       data     extern E:\3.46\pic18-lt\cxx-framework\src\traditional\math\aarg.asm
                  __REMB1   0x000004       data     extern E:\3.46\pic18-lt\cxx-framework\src\traditional\math\aarg.asm
                 __AARGB4   0x000005       data     extern E:\3.46\pic18-lt\cxx-framework\src\traditional\math\aarg.asm
                  __REMB0   0x000005       data     extern E:\3.46\pic18-lt\cxx-framework\src\traditional\math\aarg.asm
                 __AARGB3   0x000006       data     extern E:\3.46\pic18-lt\cxx-framework\src\traditional\math\aarg.asm
                 __AARGB2   0x000007       data     extern E:\3.46\pic18-lt\cxx-framework\src\traditional\math\aarg.asm
                 __AARGB1   0x000008       data     extern E:\3.46\pic18-lt\cxx-framework\src\traditional\math\aarg.asm
                 __AARGB0   0x000009       data     extern E:\3.46\pic18-lt\cxx-framework\src\traditional\math\aarg.asm
                   __AEXP   0x00000a       data     extern E:\3.46\pic18-lt\cxx-framework\src\traditional\math\aarg.asm
                 __BARGB3   0x00000b       data     extern E:\3.46\pic18-lt\cxx-framework\src\traditional\math\barg.asm
                 __BARGB2   0x00000c       data     extern E:\3.46\pic18-lt\cxx-framework\src\traditional\math\barg.asm
                 __BARGB1   0x00000d       data     extern E:\3.46\pic18-lt\cxx-framework\src\traditional\math\barg.asm
                 __BARGB0   0x00000e       data     extern E:\3.46\pic18-lt\cxx-framework\src\traditional\math\barg.asm
                   __BEXP   0x00000f       data     extern E:\3.46\pic18-lt\cxx-framework\src\traditional\math\barg.asm
                  __tmp_0   0x000010       data     static C:\Users\Scope11\OneDrive\Documentos\Proteus\2024_01\Proteus\ProjetoPIC18F4550\displayLCDv1-2\main.c
            DelayCounter1   0x000014       data     extern E:\3.46\pic18-lt\cxx-framework\src\traditional\delays\delayd1.asm
      estado_anterior_btn   0x000060       data     extern C:\Users\Scope11\OneDrive\Documentos\Proteus\2024_01\Proteus\ProjetoPIC18F4550\displayLCDv1-2\main.c
                 flag_btn   0x000065       data     extern C:\Users\Scope11\OneDrive\Documentos\Proteus\2024_01\Proteus\ProjetoPIC18F4550\displayLCDv1-2\main.c
                   faixas   0x00006a       data     extern C:\Users\Scope11\OneDrive\Documentos\Proteus\2024_01\Proteus\ProjetoPIC18F4550\displayLCDv1-2\main.c
             cursor_pos_x   0x000074       data     extern C:\Users\Scope11\OneDrive\Documentos\Proteus\2024_01\Proteus\ProjetoPIC18F4550\displayLCDv1-2\main.c
             cursor_pos_y   0x000075       data     extern C:\Users\Scope11\OneDrive\Documentos\Proteus\2024_01\Proteus\ProjetoPIC18F4550\displayLCDv1-2\main.c
           cursor_visivel   0x000076       data     extern C:\Users\Scope11\OneDrive\Documentos\Proteus\2024_01\Proteus\ProjetoPIC18F4550\displayLCDv1-2\main.c
                   indice   0x000077       data     extern C:\Users\Scope11\OneDrive\Documentos\Proteus\2024_01\Proteus\ProjetoPIC18F4550\displayLCDv1-2\main.c
                   status   0x000078       data     extern C:\Users\Scope11\OneDrive\Documentos\Proteus\2024_01\Proteus\ProjetoPIC18F4550\displayLCDv1-2\main.c
                   sprays   0x00007a       data     extern C:\Users\Scope11\OneDrive\Documentos\Proteus\2024_01\Proteus\ProjetoPIC18F4550\displayLCDv1-2\main.c
           variavel_teste   0x00007b       data     extern C:\Users\Scope11\OneDrive\Documentos\Proteus\2024_01\Proteus\ProjetoPIC18F4550\displayLCDv1-2\main.c
                     prom   0x00007d       data     static E:\3.46\pic18-lt\cxx-framework\src\traditional\startup\c018i.c
                curr_byte   0x000080       data     static E:\3.46\pic18-lt\cxx-framework\src\traditional\startup\c018i.c
               curr_entry   0x000082       data     static E:\3.46\pic18-lt\cxx-framework\src\traditional\startup\c018i.c
                 data_ptr   0x000084       data     static E:\3.46\pic18-lt\cxx-framework\src\traditional\startup\c018i.c
                  SECONDS   0x000087       data     extern C:\Users\Scope11\OneDrive\Documentos\Proteus\2024_01\Proteus\ProjetoPIC18F4550\displayLCDv1-2\rtc.h
                  MINUTES   0x000088       data     extern C:\Users\Scope11\OneDrive\Documentos\Proteus\2024_01\Proteus\ProjetoPIC18F4550\displayLCDv1-2\rtc.h
                    HOURS   0x000089       data     extern C:\Users\Scope11\OneDrive\Documentos\Proteus\2024_01\Proteus\ProjetoPIC18F4550\displayLCDv1-2\rtc.h
                 DAY_WEEK   0x00008a       data     extern C:\Users\Scope11\OneDrive\Documentos\Proteus\2024_01\Proteus\ProjetoPIC18F4550\displayLCDv1-2\rtc.h
                      DAY   0x00008b       data     extern C:\Users\Scope11\OneDrive\Documentos\Proteus\2024_01\Proteus\ProjetoPIC18F4550\displayLCDv1-2\rtc.h
                    MONTH   0x00008c       data     extern C:\Users\Scope11\OneDrive\Documentos\Proteus\2024_01\Proteus\ProjetoPIC18F4550\displayLCDv1-2\rtc.h
                     YEAR   0x00008d       data     extern C:\Users\Scope11\OneDrive\Documentos\Proteus\2024_01\Proteus\ProjetoPIC18F4550\displayLCDv1-2\rtc.h
[...]
                 DDRCbits   0x000f94       data     extern E:\3.46\pic18-lt\cxx-framework\src\traditional\proc\p18f4550.asm
                    TRISC   0x000f94       data     extern E:\3.46\pic18-lt\cxx-framework\src\traditional\proc\p18f4550.asm
                TRISCbits   0x000f94       data     extern E:\3.46\pic18-lt\cxx-framework\src\traditional\proc\p18f4550.asm
                     DDRD   0x000f95       data     extern E:\3.46\pic18-lt\cxx-framework\src\traditional\proc\p18f4550.asm
                 DDRDbits   0x000f95       data     extern E:\3.46\pic18-lt\cxx-framework\src\traditional\proc\p18f4550.asm
                    TRISD   0x000f95       data     extern E:\3.46\pic18-lt\cxx-framework\src\traditional\proc\p18f4550.asm
                TRISDbits   0x000f95       data     extern E:\3.46\pic18-lt\cxx-framework\src\traditional\proc\p18f4550.asm
                    TRISE   0x000f96       data     extern E:\3.46\pic18-lt\cxx-framework\src\traditional\proc\p18f4550.asm
                TRISEbits   0x000f96       data     extern E:\3.46\pic18-lt\cxx-framework\src\traditional\proc\p18f4550.asm
                     DDRE   0x000f96       data     extern E:\3.46\pic18-lt\cxx-framework\src\traditional\proc\p18f4550.asm
                 DDREbits   0x000f96       data     extern E:\3.46\pic18-lt\cxx-framework\src\traditional\proc\p18f4550.asm
                  OSCTUNE   0x000f9b       data     extern E:\3.46\pic18-lt\cxx-framework\src\traditional\proc\p18f4550.asm
              OSCTUNEbits   0x000f9b       data     extern E:\3.46\pic18-lt\cxx-framework\src\traditional\proc\p18f4550.asm
                     PIE1   0x000f9d       data     extern E:\3.46\pic18-lt\cxx-framework\src\traditional\proc\p18f4550.asm
                 PIE1bits   0x000f9d       data     extern E:\3.46\pic18-lt\cxx-framework\src\traditional\proc\p18f4550.asm
                 PIR1bits   0x000f9e       data     extern E:\3.46\pic18-lt\cxx-framework\src\traditional\proc\p18f4550.asm
                     PIR1   0x000f9e       data     extern E:\3.46\pic18-lt\cxx-framework\src\traditional\proc\p18f4550.asm
                     IPR1   0x000f9f       data     extern E:\3.46\pic18-lt\cxx-framework\src\traditional\proc\p18f4550.asm
                 IPR1bits   0x000f9f       data     extern E:\3.46\pic18-lt\cxx-framework\src\traditional\proc\p18f4550.asm
                 PIE2bits   0x000fa0       data     extern E:\3.46\pic18-lt\cxx-framework\src\traditional\proc\p18f4550.asm
                     PIE2   0x000fa0       data     extern E:\3.46\pic18-lt\cxx-framework\src\traditional\proc\p18f4550.asm
                 PIR2bits   0x000fa1       data     extern E:\3.46\pic18-lt\cxx-framework\src\traditional\proc\p18f4550.asm
                     PIR2   0x000fa1       data     extern E:\3.46\pic18-lt\cxx-framework\src\traditional\proc\p18f4550.asm
                     IPR2   0x000fa2       data     extern E:\3.46\pic18-lt\cxx-framework\src\traditional\proc\p18f4550.asm
                 IPR2bits   0x000fa2       data     extern E:\3.46\pic18-lt\cxx-framework\src\traditional\proc\p18f4550.asm
               EECON1bits   0x000fa6       data     extern E:\3.46\pic18-lt\cxx-framework\src\traditional\proc\p18f4550.asm
                   EECON1   0x000fa6       data     extern E:\3.46\pic18-lt\cxx-framework\src\traditional\proc\p18f4550.asm
                   EECON2   0x000fa7       data     extern E:\3.46\pic18-lt\cxx-framework\src\traditional\proc\p18f4550.asm
                   EEDATA   0x000fa8       data     extern E:\3.46\pic18-lt\cxx-framework\src\traditional\proc\p18f4550.asm
                    EEADR   0x000fa9       data     extern E:\3.46\pic18-lt\cxx-framework\src\traditional\proc\p18f4550.asm
                RCSTAbits   0x000fab       data     extern E:\3.46\pic18-lt\cxx-framework\src\traditional\proc\p18f4550.asm
                    RCSTA   0x000fab       data     extern E:\3.46\pic18-lt\cxx-framework\src\traditional\proc\p18f4550.asm
                    TXSTA   0x000fac       data     extern E:\3.46\pic18-lt\cxx-framework\src\traditional\proc\p18f4550.asm
                TXSTAbits   0x000fac       data     extern E:\3.46\pic18-lt\cxx-framework\src\traditional\proc\p18f4550.asm
                    TXREG   0x000fad       data     extern E:\3.46\pic18-lt\cxx-framework\src\traditional\proc\p18f4550.asm
                    RCREG   0x000fae       data     extern E:\3.46\pic18-lt\cxx-framework\src\traditional\proc\p18f4550.asm
                    SPBRG   0x000faf       data     extern E:\3.46\pic18-lt\cxx-framework\src\traditional\proc\p18f4550.asm
                   SPBRGH   0x000fb0       data     extern E:\3.46\pic18-lt\cxx-framework\src\traditional\proc\p18f4550.asm
                T3CONbits   0x000fb1       data     extern E:\3.46\pic18-lt\cxx-framework\src\traditional\proc\p18f4550.asm
                    T3CON   0x000fb1       data     extern E:\3.46\pic18-lt\cxx-framework\src\traditional\proc\p18f4550.asm
                    TMR3L   0x000fb2       data     extern E:\3.46\pic18-lt\cxx-framework\src\traditional\proc\p18f4550.asm
                    TMR3H   0x000fb3       data     extern E:\3.46\pic18-lt\cxx-framework\src\traditional\proc\p18f4550.asm
                    CMCON   0x000fb4       data     extern E:\3.46\pic18-lt\cxx-framework\src\traditional\proc\p18f4550.asm
                CMCONbits   0x000fb4       data     extern E:\3.46\pic18-lt\cxx-framework\src\traditional\proc\p18f4550.asm
                   CVRCON   0x000fb5       data     extern E:\3.46\pic18-lt\cxx-framework\src\traditional\proc\p18f4550.asm
               CVRCONbits   0x000fb5       data     extern E:\3.46\pic18-lt\cxx-framework\src\traditional\proc\p18f4550.asm
                   CCP1AS   0x000fb6       data     extern E:\3.46\pic18-lt\cxx-framework\src\traditional\proc\p18f4550.asm
               CCP1ASbits   0x000fb6       data     extern E:\3.46\pic18-lt\cxx-framework\src\traditional\proc\p18f4550.asm
              ECCP1ASbits   0x000fb6       data     extern E:\3.46\pic18-lt\cxx-framework\src\traditional\proc\p18f4550.asm
                  ECCP1AS   0x000fb6       data     extern E:\3.46\pic18-lt\cxx-framework\src\traditional\proc\p18f4550.asm
                  CCP1DEL   0x000fb7       data     extern E:\3.46\pic18-lt\cxx-framework\src\traditional\proc\p18f4550.asm
              CCP1DELbits   0x000fb7       data     extern E:\3.46\pic18-lt\cxx-framework\src\traditional\proc\p18f4550.asm
             ECCP1DELbits   0x000fb7       data     extern E:\3.46\pic18-lt\cxx-framework\src\traditional\proc\p18f4550.asm
                 ECCP1DEL   0x000fb7       data     extern E:\3.46\pic18-lt\cxx-framework\src\traditional\proc\p18f4550.asm
                  BAUDCON   0x000fb8       data     extern E:\3.46\pic18-lt\cxx-framework\src\traditional\proc\p18f4550.asm
              BAUDCONbits   0x000fb8       data     extern E:\3.46\pic18-lt\cxx-framework\src\traditional\proc\p18f4550.asm
                  BAUDCTL   0x000fb8       data     extern E:\3.46\pic18-lt\cxx-framework\src\traditional\proc\p18f4550.asm
              BAUDCTLbits   0x000fb8       data     extern E:\3.46\pic18-lt\cxx-framework\src\traditional\proc\p18f4550.asm
                  CCP2CON   0x000fba       data     extern E:\3.46\pic18-lt\cxx-framework\src\traditional\proc\p18f4550.asm
              CCP2CONbits   0x000fba       data     extern E:\3.46\pic18-lt\cxx-framework\src\traditional\proc\p18f4550.asm
                   CCPR2L   0x000fbb       data     extern E:\3.46\pic18-lt\cxx-framework\src\traditional\proc\p18f4550.asm
                    CCPR2   0x000fbb       data     extern E:\3.46\pic18-lt\cxx-framework\src\traditional\proc\p18f4550.asm
                   CCPR2H   0x000fbc       data     extern E:\3.46\pic18-lt\cxx-framework\src\traditional\proc\p18f4550.asm
                  CCP1CON   0x000fbd       data     extern E:\3.46\pic18-lt\cxx-framework\src\traditional\proc\p18f4550.asm
              CCP1CONbits   0x000fbd       data     extern E:\3.46\pic18-lt\cxx-framework\src\traditional\proc\p18f4550.asm
             ECCP1CONbits   0x000fbd       data     extern E:\3.46\pic18-lt\cxx-framework\src\traditional\proc\p18f4550.asm
                 ECCP1CON   0x000fbd       data     extern E:\3.46\pic18-lt\cxx-framework\src\traditional\proc\p18f4550.asm
                    CCPR1   0x000fbe       data     extern E:\3.46\pic18-lt\cxx-framework\src\traditional\proc\p18f4550.asm
                   CCPR1L   0x000fbe       data     extern E:\3.46\pic18-lt\cxx-framework\src\traditional\proc\p18f4550.asm
                   CCPR1H   0x000fbf       data     extern E:\3.46\pic18-lt\cxx-framework\src\traditional\proc\p18f4550.asm
               ADCON2bits   0x000fc0       data     extern E:\3.46\pic18-lt\cxx-framework\src\traditional\proc\p18f4550.asm
                   ADCON2   0x000fc0       data     extern E:\3.46\pic18-lt\cxx-framework\src\traditional\proc\p18f4550.asm
               ADCON1bits   0x000fc1       data     extern E:\3.46\pic18-lt\cxx-framework\src\traditional\proc\p18f4550.asm
                   ADCON1   0x000fc1       data     extern E:\3.46\pic18-lt\cxx-framework\src\traditional\proc\p18f4550.asm
               ADCON0bits   0x000fc2       data     extern E:\3.46\pic18-lt\cxx-framework\src\traditional\proc\p18f4550.asm
                   ADCON0   0x000fc2       data     extern E:\3.46\pic18-lt\cxx-framework\src\traditional\proc\p18f4550.asm
                    ADRES   0x000fc3       data     extern E:\3.46\pic18-lt\cxx-framework\src\traditional\proc\p18f4550.asm
                   ADRESL   0x000fc3       data     extern E:\3.46\pic18-lt\cxx-framework\src\traditional\proc\p18f4550.asm
                   ADRESH   0x000fc4       data     extern E:\3.46\pic18-lt\cxx-framework\src\traditional\proc\p18f4550.asm
                  SSPCON2   0x000fc5       data     extern E:\3.46\pic18-lt\cxx-framework\src\traditional\proc\p18f4550.asm
              SSPCON2bits   0x000fc5       data     extern E:\3.46\pic18-lt\cxx-framework\src\traditional\proc\p18f4550.asm
                  SSPCON1   0x000fc6       data     extern E:\3.46\pic18-lt\cxx-framework\src\traditional\proc\p18f4550.asm
              SSPCON1bits   0x000fc6       data     extern E:\3.46\pic18-lt\cxx-framework\src\traditional\proc\p18f4550.asm
              SSPSTATbits   0x000fc7       data     extern E:\3.46\pic18-lt\cxx-framework\src\traditional\proc\p18f4550.asm
                  SSPSTAT   0x000fc7       data     extern E:\3.46\pic18-lt\cxx-framework\src\traditional\proc\p18f4550.asm
                   SSPADD   0x000fc8       data     extern E:\3.46\pic18-lt\cxx-framework\src\traditional\proc\p18f4550.asm
                   SSPBUF   0x000fc9       data     extern E:\3.46\pic18-lt\cxx-framework\src\traditional\proc\p18f4550.asm
                    T2CON   0x000fca       data     extern E:\3.46\pic18-lt\cxx-framework\src\traditional\proc\p18f4550.asm
                T2CONbits   0x000fca       data     extern E:\3.46\pic18-lt\cxx-framework\src\traditional\proc\p18f4550.asm
                      PR2   0x000fcb       data     extern E:\3.46\pic18-lt\cxx-framework\src\traditional\proc\p18f4550.asm
                     TMR2   0x000fcc       data     extern E:\3.46\pic18-lt\cxx-framework\src\traditional\proc\p18f4550.asm
                    T1CON   0x000fcd       data     extern E:\3.46\pic18-lt\cxx-framework\src\traditional\proc\p18f4550.asm
                T1CONbits   0x000fcd       data     extern E:\3.46\pic18-lt\cxx-framework\src\traditional\proc\p18f4550.asm
                    TMR1L   0x000fce       data     extern E:\3.46\pic18-lt\cxx-framework\src\traditional\proc\p18f4550.asm
                    TMR1H   0x000fcf       data     extern E:\3.46\pic18-lt\cxx-framework\src\traditional\proc\p18f4550.asm
                     RCON   0x000fd0       data     extern E:\3.46\pic18-lt\cxx-framework\src\traditional\proc\p18f4550.asm
                 RCONbits   0x000fd0       data     extern E:\3.46\pic18-lt\cxx-framework\src\traditional\proc\p18f4550.asm
               WDTCONbits   0x000fd1       data     extern E:\3.46\pic18-lt\cxx-framework\src\traditional\proc\p18f4550.asm
                   WDTCON   0x000fd1       data     extern E:\3.46\pic18-lt\cxx-framework\src\traditional\proc\p18f4550.asm
                   LVDCON   0x000fd2       data     extern E:\3.46\pic18-lt\cxx-framework\src\traditional\proc\p18f4550.asm
               LVDCONbits   0x000fd2       data     extern E:\3.46\pic18-lt\cxx-framework\src\traditional\proc\p18f4550.asm
              HLVDCONbits   0x000fd2       data     extern E:\3.46\pic18-lt\cxx-framework\src\traditional\proc\p18f4550.asm
                  HLVDCON   0x000fd2       data     extern E:\3.46\pic18-lt\cxx-framework\src\traditional\proc\p18f4550.asm
               OSCCONbits   0x000fd3       data     extern E:\3.46\pic18-lt\cxx-framework\src\traditional\proc\p18f4550.asm
                   OSCCON   0x000fd3       data     extern E:\3.46\pic18-lt\cxx-framework\src\traditional\proc\p18f4550.asm
                T0CONbits   0x000fd5       data     extern E:\3.46\pic18-lt\cxx-framework\src\traditional\proc\p18f4550.asm
                    T0CON   0x000fd5       data     extern E:\3.46\pic18-lt\cxx-framework\src\traditional\proc\p18f4550.asm
                    TMR0L   0x000fd6       data     extern E:\3.46\pic18-lt\cxx-framework\src\traditional\proc\p18f4550.asm
                    TMR0H   0x000fd7       data     extern E:\3.46\pic18-lt\cxx-framework\src\traditional\proc\p18f4550.asm
               STATUSbits   0x000fd8       data     extern E:\3.46\pic18-lt\cxx-framework\src\traditional\proc\p18f4550.asm
                   STATUS   0x000fd8       data     extern E:\3.46\pic18-lt\cxx-framework\src\traditional\proc\p18f4550.asm
                    FSR2L   0x000fd9       data     extern E:\3.46\pic18-lt\cxx-framework\src\traditional\proc\p18f4550.asm
                     FSR2   0x000fd9       data     extern E:\3.46\pic18-lt\cxx-framework\src\traditional\proc\p18f4550.asm
                    FSR2H   0x000fda       data     extern E:\3.46\pic18-lt\cxx-framework\src\traditional\proc\p18f4550.asm
                   PLUSW2   0x000fdb       data     extern E:\3.46\pic18-lt\cxx-framework\src\traditional\proc\p18f4550.asm
                  PREINC2   0x000fdc       data     extern E:\3.46\pic18-lt\cxx-framework\src\traditional\proc\p18f4550.asm
                 POSTDEC2   0x000fdd       data     extern E:\3.46\pic18-lt\cxx-framework\src\traditional\proc\p18f4550.asm
                 POSTINC2   0x000fde       data     extern E:\3.46\pic18-lt\cxx-framework\src\traditional\proc\p18f4550.asm
                    INDF2   0x000fdf       data     extern E:\3.46\pic18-lt\cxx-framework\src\traditional\proc\p18f4550.asm
                      BSR   0x000fe0       data     extern E:\3.46\pic18-lt\cxx-framework\src\traditional\proc\p18f4550.asm
                    FSR1L   0x000fe1       data     extern E:\3.46\pic18-lt\cxx-framework\src\traditional\proc\p18f4550.asm
                     FSR1   0x000fe1       data     extern E:\3.46\pic18-lt\cxx-framework\src\traditional\proc\p18f4550.asm
                    FSR1H   0x000fe2       data     extern E:\3.46\pic18-lt\cxx-framework\src\traditional\proc\p18f4550.asm
                   PLUSW1   0x000fe3       data     extern E:\3.46\pic18-lt\cxx-framework\src\traditional\proc\p18f4550.asm
                  PREINC1   0x000fe4       data     extern E:\3.46\pic18-lt\cxx-framework\src\traditional\proc\p18f4550.asm
                 POSTDEC1   0x000fe5       data     extern E:\3.46\pic18-lt\cxx-framework\src\traditional\proc\p18f4550.asm
                 POSTINC1   0x000fe6       data     extern E:\3.46\pic18-lt\cxx-framework\src\traditional\proc\p18f4550.asm
                    INDF1   0x000fe7       data     extern E:\3.46\pic18-lt\cxx-framework\src\traditional\proc\p18f4550.asm
                     WREG   0x000fe8       data     extern E:\3.46\pic18-lt\cxx-framework\src\traditional\proc\p18f4550.asm
                     FSR0   0x000fe9       data     extern E:\3.46\pic18-lt\cxx-framework\src\traditional\proc\p18f4550.asm
                    FSR0L   0x000fe9       data     extern E:\3.46\pic18-lt\cxx-framework\src\traditional\proc\p18f4550.asm
                    FSR0H   0x000fea       data     extern E:\3.46\pic18-lt\cxx-framework\src\traditional\proc\p18f4550.asm
                   PLUSW0   0x000feb       data     extern E:\3.46\pic18-lt\cxx-framework\src\traditional\proc\p18f4550.asm
                  PREINC0   0x000fec       data     extern E:\3.46\pic18-lt\cxx-framework\src\traditional\proc\p18f4550.asm
                 POSTDEC0   0x000fed       data     extern E:\3.46\pic18-lt\cxx-framework\src\traditional\proc\p18f4550.asm
                 POSTINC0   0x000fee       data     extern E:\3.46\pic18-lt\cxx-framework\src\traditional\proc\p18f4550.asm
                    INDF0   0x000fef       data     extern E:\3.46\pic18-lt\cxx-framework\src\traditional\proc\p18f4550.asm
                  INTCON3   0x000ff0       data     extern E:\3.46\pic18-lt\cxx-framework\src\traditional\proc\p18f4550.asm
              INTCON3bits   0x000ff0       data     extern E:\3.46\pic18-lt\cxx-framework\src\traditional\proc\p18f4550.asm
                  INTCON2   0x000ff1       data     extern E:\3.46\pic18-lt\cxx-framework\src\traditional\proc\p18f4550.asm
              INTCON2bits   0x000ff1       data     extern E:\3.46\pic18-lt\cxx-framework\src\traditional\proc\p18f4550.asm
               INTCONbits   0x000ff2       data     extern E:\3.46\pic18-lt\cxx-framework\src\traditional\proc\p18f4550.asm
                   INTCON   0x000ff2       data     extern E:\3.46\pic18-lt\cxx-framework\src\traditional\proc\p18f4550.asm
                     PROD   0x000ff3       data     extern E:\3.46\pic18-lt\cxx-framework\src\traditional\proc\p18f4550.asm
                    PRODL   0x000ff3       data     extern E:\3.46\pic18-lt\cxx-framework\src\traditional\proc\p18f4550.asm
                    PRODH   0x000ff4       data     extern E:\3.46\pic18-lt\cxx-framework\src\traditional\proc\p18f4550.asm
                   TABLAT   0x000ff5       data     extern E:\3.46\pic18-lt\cxx-framework\src\traditional\proc\p18f4550.asm
                   TBLPTR   0x000ff6       data     extern E:\3.46\pic18-lt\cxx-framework\src\traditional\proc\p18f4550.asm
                  TBLPTRL   0x000ff6       data     extern E:\3.46\pic18-lt\cxx-framework\src\traditional\proc\p18f4550.asm
                  TBLPTRH   0x000ff7       data     extern E:\3.46\pic18-lt\cxx-framework\src\traditional\proc\p18f4550.asm
                  TBLPTRU   0x000ff8       data     extern E:\3.46\pic18-lt\cxx-framework\src\traditional\proc\p18f4550.asm
                      PCL   0x000ff9       data     extern E:\3.46\pic18-lt\cxx-framework\src\traditional\proc\p18f4550.asm
                       PC   0x000ff9       data     extern E:\3.46\pic18-lt\cxx-framework\src\traditional\proc\p18f4550.asm
                   PCLATH   0x000ffa       data     extern E:\3.46\pic18-lt\cxx-framework\src\traditional\proc\p18f4550.asm
                   PCLATU   0x000ffb       data     extern E:\3.46\pic18-lt\cxx-framework\src\traditional\proc\p18f4550.asm
               STKPTRbits   0x000ffc       data     extern E:\3.46\pic18-lt\cxx-framework\src\traditional\proc\p18f4550.asm
                   STKPTR   0x000ffc       data     extern E:\3.46\pic18-lt\cxx-framework\src\traditional\proc\p18f4550.asm
                      TOS   0x000ffd       data     extern E:\3.46\pic18-lt\cxx-framework\src\traditional\proc\p18f4550.asm
                     TOSL   0x000ffd       data     extern E:\3.46\pic18-lt\cxx-framework\src\traditional\proc\p18f4550.asm
                     TOSH   0x000ffe       data     extern E:\3.46\pic18-lt\cxx-framework\src\traditional\proc\p18f4550.asm
                     TOSU   0x000fff       data     extern E:\3.46\pic18-lt\cxx-framework\src\traditional\proc\p18f4550.asm


